src/App.tsx(97,18): error TS7006: Parameter 'allowedRole' implicitly has an 'any' type.
src/App.tsx(97,31): error TS7006: Parameter 'component' implicitly has an 'any' type.
src/App.tsx(163,54): error TS2322: Type '{ onLogout: () => void; }' is not assignable to type 'IntrinsicAttributes'.
  Property 'onLogout' does not exist on type 'IntrinsicAttributes'.
src/components/Calendar/Calendar.tsx(4,21): error TS7031: Binding element 'value' implicitly has an 'any' type.
src/components/Calendar/Calendar.tsx(4,28): error TS7031: Binding element 'onChange' implicitly has an 'any' type.
src/components/Calendar/Calendar.tsx(4,38): error TS7031: Binding element 'onClose' implicitly has an 'any' type.
src/components/Calendar/Calendar.tsx(6,101): error TS7006: Parameter 'n' implicitly has an 'any' type.
src/components/Calendar/Calendar.tsx(6,104): error TS7006: Parameter 'i' implicitly has an 'any' type.
src/components/Calendar/Calendar.tsx(7,103): error TS7006: Parameter 'n' implicitly has an 'any' type.
src/components/Calendar/Calendar.tsx(7,106): error TS7006: Parameter 'i' implicitly has an 'any' type.
src/components/Calendar/Calendar.tsx(19,27): error TS7006: Parameter 'date' implicitly has an 'any' type.
src/components/Calendar/Calendar.tsx(48,28): error TS7006: Parameter 'day' implicitly has an 'any' type.
src/components/Calendar/Calendar.tsx(62,29): error TS7006: Parameter 'monthIndex' implicitly has an 'any' type.
src/components/Calendar/Calendar.tsx(69,28): error TS7006: Parameter 'year' implicitly has an 'any' type.
src/components/Calendar/Calendar.tsx(91,27): error TS7006: Parameter 'day' implicitly has an 'any' type.
src/components/Calendar/Calendar.tsx(100,28): error TS7006: Parameter 'monthIndex' implicitly has an 'any' type.
src/components/Calendar/Calendar.tsx(108,27): error TS7006: Parameter 'year' implicitly has an 'any' type.
src/components/Calendar/Calendar.tsx(113,24): error TS7006: Parameter 'day' implicitly has an 'any' type.
src/components/Calendar/DateInput.tsx(6,3): error TS7031: Binding element 'value' implicitly has an 'any' type.
src/components/Calendar/DateInput.tsx(7,3): error TS7031: Binding element 'onChange' implicitly has an 'any' type.
src/components/Calendar/DateInput.tsx(10,3): error TS7031: Binding element 'id' implicitly has an 'any' type.
src/components/Calendar/DateInput.tsx(11,3): error TS7031: Binding element 'name' implicitly has an 'any' type.
src/components/Calendar/DateInput.tsx(37,41): error TS2339: Property 'getBoundingClientRect' does not exist on type 'never'.
src/components/Calendar/DateInput.tsx(71,33): error TS7006: Parameter 'event' implicitly has an 'any' type.
src/components/Calendar/DateInput.tsx(72,57): error TS2339: Property 'contains' does not exist on type 'never'.
src/components/Calendar/DateInput.tsx(101,33): error TS7006: Parameter 'date' implicitly has an 'any' type.
src/components/Calendar/DateInput.tsx(109,30): error TS7006: Parameter 'dateString' implicitly has an 'any' type.
src/components/Calendar/TimeInput.tsx(6,3): error TS7031: Binding element 'value' implicitly has an 'any' type.
src/components/Calendar/TimeInput.tsx(7,3): error TS7031: Binding element 'onChange' implicitly has an 'any' type.
src/components/Calendar/TimeInput.tsx(10,3): error TS7031: Binding element 'id' implicitly has an 'any' type.
src/components/Calendar/TimeInput.tsx(11,3): error TS7031: Binding element 'name' implicitly has an 'any' type.
src/components/Calendar/TimeInput.tsx(39,41): error TS2339: Property 'getBoundingClientRect' does not exist on type 'never'.
src/components/Calendar/TimeInput.tsx(73,33): error TS7006: Parameter 'event' implicitly has an 'any' type.
src/components/Calendar/TimeInput.tsx(74,57): error TS2339: Property 'contains' does not exist on type 'never'.
src/components/Calendar/TimeInput.tsx(103,29): error TS7006: Parameter 'time' implicitly has an 'any' type.
src/components/Calendar/TimeInput.tsx(111,30): error TS7006: Parameter 'timeString' implicitly has an 'any' type.
src/components/Calendar/TimePicker.tsx(4,23): error TS7031: Binding element 'value' implicitly has an 'any' type.
src/components/Calendar/TimePicker.tsx(4,30): error TS7031: Binding element 'onChange' implicitly has an 'any' type.
src/components/Calendar/TimePicker.tsx(4,40): error TS7031: Binding element 'onClose' implicitly has an 'any' type.
src/components/Calendar/TimePicker.tsx(6,22): error TS7006: Parameter 'timeStr' implicitly has an 'any' type.
src/components/Calendar/TimePicker.tsx(32,29): error TS7006: Parameter 'ref' implicitly has an 'any' type.
src/components/Calendar/TimePicker.tsx(32,34): error TS7006: Parameter 'value' implicitly has an 'any' type.
src/components/Calendar/TimePicker.tsx(41,28): error TS7006: Parameter 'h' implicitly has an 'any' type.
src/components/Calendar/TimePicker.tsx(47,30): error TS7006: Parameter 'm' implicitly has an 'any' type.
src/components/Calendar/TimePicker.tsx(65,23): error TS7006: Parameter 'h' implicitly has an 'any' type.
src/components/Calendar/TimePicker.tsx(69,25): error TS7006: Parameter 'm' implicitly has an 'any' type.
src/components/gridfs.ts(6,29): error TS7006: Parameter 'fileId' implicitly has an 'any' type.
src/components/gridfs.ts(14,37): error TS7006: Parameter 'blobUrl' implicitly has an 'any' type.
src/components/Navbar/NavBar.tsx(6,35): error TS7031: Binding element 'isLanding' implicitly has an 'any' type.
src/components/Navbar/NavBar.tsx(16,27): error TS7006: Parameter 'sectionId' implicitly has an 'any' type.
src/components/Navbar/NavBar.tsx(42,16): error TS2322: Type 'string | null' is not assignable to type 'string | undefined'.
  Type 'null' is not assignable to type 'string | undefined'.
src/context/adminContext/adminContext.tsx(31,37): error TS2503: Cannot find namespace 'NodeJS'.
src/frontend/Admin/AD_Add_Faculty.tsx(10,30): error TS7031: Binding element 'onLogout' implicitly has an 'any' type.
src/frontend/Admin/AD_Add_Faculty.tsx(74,30): error TS7006: Parameter 'e' implicitly has an 'any' type.
src/frontend/Admin/AD_Add_Faculty.tsx(79,9): error TS7053: Element implicitly has an 'any' type because expression of type 'any' can't be used to index type '{}'.
src/frontend/Admin/AD_Add_Faculty.tsx(88,42): error TS2339: Property 'name' does not exist on type '{}'.
src/frontend/Admin/AD_Add_Faculty.tsx(89,43): error TS2339: Property 'email' does not exist on type '{}'.
src/frontend/Admin/AD_Add_Faculty.tsx(90,43): error TS2339: Property 'phone' does not exist on type '{}'.
src/frontend/Admin/AD_Add_Faculty.tsx(91,46): error TS2339: Property 'location' does not exist on type '{}'.
src/frontend/Admin/AD_Add_Faculty.tsx(92,42): error TS2339: Property 'designation' does not exist on type '{}'.
src/frontend/Admin/AD_Add_Faculty.tsx(93,45): error TS2339: Property 'staffId' does not exist on type '{}'.
src/frontend/Admin/AD_Add_Faculty.tsx(94,44): error TS2339: Property 'userId' does not exist on type '{}'.
src/frontend/Admin/AD_Add_Faculty.tsx(95,46): error TS2339: Property 'password' does not exist on type '{}'.
src/frontend/Admin/AD_Add_Faculty.tsx(96,54): error TS2339: Property 'password' does not exist on type '{}'.
src/frontend/Admin/AD_Add_Faculty.tsx(97,67): error TS2339: Property 'confirmPassword' does not exist on type '{}'.
src/frontend/Admin/AD_Add_Faculty.tsx(98,51): error TS2339: Property 'dateOfJoining' does not exist on type '{}'.
src/frontend/Admin/AD_Add_Faculty.tsx(103,17): error TS2339: Property 'email' does not exist on type '{}'.
src/frontend/Admin/AD_Add_Faculty.tsx(109,17): error TS2339: Property 'phone' does not exist on type '{}'.
src/frontend/Admin/AD_Add_Faculty.tsx(116,31): error TS7006: Parameter 'e' implicitly has an 'any' type.
src/frontend/Admin/AD_Add_Faculty.tsx(181,55): error TS18046: 'err' is of type 'unknown'.
src/frontend/Admin/AD_Add_Faculty.tsx(243,64): error TS2339: Property 'name' does not exist on type '{}'.
src/frontend/Admin/AD_Add_Faculty.tsx(246,29): error TS2339: Property 'name' does not exist on type '{}'.
src/frontend/Admin/AD_Add_Faculty.tsx(246,80): error TS2339: Property 'name' does not exist on type '{}'.
src/frontend/Admin/AD_Add_Faculty.tsx(256,64): error TS2339: Property 'email' does not exist on type '{}'.
src/frontend/Admin/AD_Add_Faculty.tsx(259,29): error TS2339: Property 'email' does not exist on type '{}'.
src/frontend/Admin/AD_Add_Faculty.tsx(259,81): error TS2339: Property 'email' does not exist on type '{}'.
src/frontend/Admin/AD_Add_Faculty.tsx(269,64): error TS2339: Property 'phone' does not exist on type '{}'.
src/frontend/Admin/AD_Add_Faculty.tsx(272,29): error TS2339: Property 'phone' does not exist on type '{}'.
src/frontend/Admin/AD_Add_Faculty.tsx(272,81): error TS2339: Property 'phone' does not exist on type '{}'.
src/frontend/Admin/AD_Add_Faculty.tsx(282,64): error TS2339: Property 'location' does not exist on type '{}'.
src/frontend/Admin/AD_Add_Faculty.tsx(285,29): error TS2339: Property 'location' does not exist on type '{}'.
src/frontend/Admin/AD_Add_Faculty.tsx(285,84): error TS2339: Property 'location' does not exist on type '{}'.
src/frontend/Admin/AD_Add_Faculty.tsx(342,23): error TS2322: Type 'string' is not assignable to type 'number'.
src/frontend/Admin/AD_Add_Faculty.tsx(362,64): error TS2339: Property 'designation' does not exist on type '{}'.
src/frontend/Admin/AD_Add_Faculty.tsx(369,29): error TS2339: Property 'designation' does not exist on type '{}'.
src/frontend/Admin/AD_Add_Faculty.tsx(369,87): error TS2339: Property 'designation' does not exist on type '{}'.
src/frontend/Admin/AD_Add_Faculty.tsx(403,64): error TS2339: Property 'staffId' does not exist on type '{}'.
src/frontend/Admin/AD_Add_Faculty.tsx(406,29): error TS2339: Property 'staffId' does not exist on type '{}'.
src/frontend/Admin/AD_Add_Faculty.tsx(406,83): error TS2339: Property 'staffId' does not exist on type '{}'.
src/frontend/Admin/AD_Add_Faculty.tsx(437,64): error TS2339: Property 'userId' does not exist on type '{}'.
src/frontend/Admin/AD_Add_Faculty.tsx(440,29): error TS2339: Property 'userId' does not exist on type '{}'.
src/frontend/Admin/AD_Add_Faculty.tsx(440,82): error TS2339: Property 'userId' does not exist on type '{}'.
src/frontend/Admin/AD_Add_Faculty.tsx(450,64): error TS2339: Property 'password' does not exist on type '{}'.
src/frontend/Admin/AD_Add_Faculty.tsx(453,29): error TS2339: Property 'password' does not exist on type '{}'.
src/frontend/Admin/AD_Add_Faculty.tsx(453,84): error TS2339: Property 'password' does not exist on type '{}'.
src/frontend/Admin/AD_Add_Faculty.tsx(463,64): error TS2339: Property 'confirmPassword' does not exist on type '{}'.
src/frontend/Admin/AD_Add_Faculty.tsx(466,29): error TS2339: Property 'confirmPassword' does not exist on type '{}'.
src/frontend/Admin/AD_Add_Faculty.tsx(466,91): error TS2339: Property 'confirmPassword' does not exist on type '{}'.
src/frontend/Admin/AD_Alumini.tsx(16,24): error TS7006: Parameter 'traceId' implicitly has an 'any' type.
src/frontend/Admin/AD_Alumini.tsx(16,33): error TS7006: Parameter 'flow' implicitly has an 'any' type.
src/frontend/Admin/AD_Alumini.tsx(16,39): error TS7006: Parameter 'step' implicitly has an 'any' type.
src/frontend/Admin/AD_Alumini.tsx(20,25): error TS7006: Parameter 'traceId' implicitly has an 'any' type.
src/frontend/Admin/AD_Alumini.tsx(20,34): error TS7006: Parameter 'flow' implicitly has an 'any' type.
src/frontend/Admin/AD_Alumini.tsx(20,40): error TS7006: Parameter 'step' implicitly has an 'any' type.
src/frontend/Admin/AD_Alumini.tsx(20,46): error TS7006: Parameter 'reason' implicitly has an 'any' type.
src/frontend/Admin/AD_Alumini.tsx(25,24): error TS7006: Parameter 'address' implicitly has an 'any' type.
src/frontend/Admin/AD_Alumini.tsx(31,27): error TS7031: Binding element 'onLogout' implicitly has an 'any' type.
src/frontend/Admin/AD_Alumini.tsx(70,28): error TS2345: Argument of type 'string' is not assignable to parameter of type 'never'.
src/frontend/Admin/AD_Alumini.tsx(75,19): error TS2322: Type 'string' is not assignable to type 'never'.
src/frontend/Admin/AD_Alumini.tsx(75,33): error TS2322: Type 'string' is not assignable to type 'never'.
src/frontend/Admin/AD_Alumini.tsx(81,32): error TS7006: Parameter 'e' implicitly has an 'any' type.
src/frontend/Admin/AD_Alumini.tsx(89,30): error TS7006: Parameter 'emailToRemove' implicitly has an 'any' type.
src/frontend/Admin/AD_Alumini.tsx(125,36): error TS18047: 'user' is possibly 'null'.
src/frontend/Admin/AD_Alumini.tsx(160,54): error TS7006: Parameter 'f' implicitly has an 'any' type.
src/frontend/Admin/AD_Alumini.tsx(168,42): error TS7006: Parameter 'f' implicitly has an 'any' type.
src/frontend/Admin/AD_Alumini.tsx(181,29): error TS7006: Parameter 'f' implicitly has an 'any' type.
src/frontend/Admin/AD_Alumini.tsx(185,42): error TS7006: Parameter 'f' implicitly has an 'any' type.
src/frontend/Admin/AD_Alumini.tsx(195,25): error TS2339: Property 'message' does not exist on type '{}'.
src/frontend/Admin/AD_Alumini.tsx(196,23): error TS2339: Property 'stack' does not exist on type '{}'.
src/frontend/Admin/AD_Alumini.tsx(250,13): error TS2339: Property 'name' does not exist on type 'never'.
src/frontend/Admin/AD_Alumini.tsx(251,13): error TS2339: Property 'registerNumber' does not exist on type 'never'.
src/frontend/Admin/AD_Alumini.tsx(252,13): error TS2339: Property 'email' does not exist on type 'never'.
src/frontend/Admin/AD_Alumini.tsx(260,50): error TS2339: Property 'branch' does not exist on type 'never'.
src/frontend/Admin/AD_Alumini.tsx(260,80): error TS2339: Property 'branch' does not exist on type 'never'.
src/frontend/Admin/AD_Alumini.tsx(263,50): error TS2339: Property 'designation' does not exist on type 'never'.
src/frontend/Admin/AD_Alumini.tsx(263,85): error TS2339: Property 'designation' does not exist on type 'never'.
src/frontend/Admin/AD_Alumini.tsx(266,50): error TS2339: Property 'name' does not exist on type 'never'.
src/frontend/Admin/AD_Alumini.tsx(266,78): error TS2339: Property 'name' does not exist on type 'never'.
src/frontend/Admin/AD_Alumini.tsx(269,50): error TS2339: Property 'placementType' does not exist on type 'never'.
src/frontend/Admin/AD_Alumini.tsx(269,87): error TS2339: Property 'placementType' does not exist on type 'never'.
src/frontend/Admin/AD_Alumini.tsx(280,18): error TS2339: Property 'yearFrom' does not exist on type 'never'.
src/frontend/Admin/AD_Alumini.tsx(280,55): error TS2339: Property 'yearTo' does not exist on type 'never'.
src/frontend/Admin/AD_Alumini.tsx(289,26): error TS7006: Parameter 'type' implicitly has an 'any' type.
src/frontend/Admin/AD_Alumini.tsx(304,64): error TS2339: Property 'yearFrom' does not exist on type 'never'.
src/frontend/Admin/AD_Alumini.tsx(304,78): error TS2339: Property 'yearTo' does not exist on type 'never'.
src/frontend/Admin/AD_Alumini.tsx(417,31): error TS2322: Type 'string' is not assignable to type 'number'.
src/frontend/Admin/AD_Alumini.tsx(421,40): error TS2339: Property '_id' does not exist on type 'never'.
src/frontend/Admin/AD_Alumini.tsx(423,70): error TS2339: Property 'name' does not exist on type 'never'.
src/frontend/Admin/AD_Alumini.tsx(424,38): error TS2339: Property 'designation' does not exist on type 'never'.
src/frontend/Admin/AD_Alumini.tsx(425,66): error TS2339: Property 'yearFrom' does not exist on type 'never'.
src/frontend/Admin/AD_Alumini.tsx(425,81): error TS2339: Property 'yearTo' does not exist on type 'never'.
src/frontend/Admin/AD_Alumini.tsx(426,52): error TS2339: Property 'companyAddress' does not exist on type 'never'.
src/frontend/Admin/AD_Alumini.tsx(426,74): error TS2339: Property 'presentAddress' does not exist on type 'never'.
src/frontend/Admin/AD_Alumini.tsx(428,85): error TS2339: Property 'placementType' does not exist on type 'never'.
src/frontend/Admin/AD_Alumini.tsx(429,38): error TS2339: Property 'placementType' does not exist on type 'never'.
src/frontend/Admin/AD_Alumini.tsx(437,81): error TS2339: Property '_id' does not exist on type 'never'.
src/frontend/Admin/AD_Alumini_Form.tsx(12,24): error TS7006: Parameter 'traceId' implicitly has an 'any' type.
src/frontend/Admin/AD_Alumini_Form.tsx(12,33): error TS7006: Parameter 'flow' implicitly has an 'any' type.
src/frontend/Admin/AD_Alumini_Form.tsx(12,39): error TS7006: Parameter 'step' implicitly has an 'any' type.
src/frontend/Admin/AD_Alumini_Form.tsx(16,25): error TS7006: Parameter 'traceId' implicitly has an 'any' type.
src/frontend/Admin/AD_Alumini_Form.tsx(16,34): error TS7006: Parameter 'flow' implicitly has an 'any' type.
src/frontend/Admin/AD_Alumini_Form.tsx(16,40): error TS7006: Parameter 'step' implicitly has an 'any' type.
src/frontend/Admin/AD_Alumini_Form.tsx(16,46): error TS7006: Parameter 'reason' implicitly has an 'any' type.
src/frontend/Admin/AD_Alumini_Form.tsx(21,23): error TS7006: Parameter 'base64' implicitly has an 'any' type.
src/frontend/Admin/AD_Alumini_Form.tsx(33,31): error TS7031: Binding element 'onLogout' implicitly has an 'any' type.
src/frontend/Admin/AD_Alumini_Form.tsx(139,66): error TS2339: Property 'stream' does not exist on type 'never'.
src/frontend/Admin/AD_Alumini_Form.tsx(144,30): error TS7006: Parameter 'field' implicitly has an 'any' type.
src/frontend/Admin/AD_Alumini_Form.tsx(144,37): error TS7006: Parameter 'value' implicitly has an 'any' type.
src/frontend/Admin/AD_Alumini_Form.tsx(152,31): error TS7006: Parameter 'parent' implicitly has an 'any' type.
src/frontend/Admin/AD_Alumini_Form.tsx(152,39): error TS7006: Parameter 'field' implicitly has an 'any' type.
src/frontend/Admin/AD_Alumini_Form.tsx(152,46): error TS7006: Parameter 'value' implicitly has an 'any' type.
src/frontend/Admin/AD_Alumini_Form.tsx(156,12): error TS7053: Element implicitly has an 'any' type because expression of type 'any' can't be used to index type '{ name: string; fatherName: string; registerNumber: string; email: string; dob: string; yearFrom: string; degree: string; branch: string; presentAddress: { street: string; city: string; pinCode: string; mobile: string; }; ... 15 more ...; signature: null; }'.
src/frontend/Admin/AD_Alumini_Form.tsx(163,29): error TS7006: Parameter 'exam' implicitly has an 'any' type.
src/frontend/Admin/AD_Alumini_Form.tsx(163,35): error TS7006: Parameter 'value' implicitly has an 'any' type.
src/frontend/Admin/AD_Alumini_Form.tsx(174,35): error TS7006: Parameter 'field' implicitly has an 'any' type.
src/frontend/Admin/AD_Alumini_Form.tsx(174,42): error TS7006: Parameter 'value' implicitly has an 'any' type.
src/frontend/Admin/AD_Alumini_Form.tsx(185,30): error TS7006: Parameter 'checked' implicitly has an 'any' type.
src/frontend/Admin/AD_Alumini_Form.tsx(201,26): error TS7006: Parameter 'id' implicitly has an 'any' type.
src/frontend/Admin/AD_Alumini_Form.tsx(207,32): error TS7006: Parameter 'id' implicitly has an 'any' type.
src/frontend/Admin/AD_Alumini_Form.tsx(207,36): error TS7006: Parameter 'field' implicitly has an 'any' type.
src/frontend/Admin/AD_Alumini_Form.tsx(207,43): error TS7006: Parameter 'value' implicitly has an 'any' type.
src/frontend/Admin/AD_Alumini_Form.tsx(216,28): error TS7006: Parameter 'id' implicitly has an 'any' type.
src/frontend/Admin/AD_Alumini_Form.tsx(222,34): error TS7006: Parameter 'id' implicitly has an 'any' type.
src/frontend/Admin/AD_Alumini_Form.tsx(222,38): error TS7006: Parameter 'field' implicitly has an 'any' type.
src/frontend/Admin/AD_Alumini_Form.tsx(222,45): error TS7006: Parameter 'value' implicitly has an 'any' type.
src/frontend/Admin/AD_Alumini_Form.tsx(228,32): error TS2339: Property 'click' does not exist on type 'never'.
src/frontend/Admin/AD_Alumini_Form.tsx(231,38): error TS7006: Parameter 'e' implicitly has an 'any' type.
src/frontend/Admin/AD_Alumini_Form.tsx(240,29): error TS18047: 'event.target' is possibly 'null'.
src/frontend/Admin/AD_Alumini_Form.tsx(240,29): error TS2345: Argument of type 'string | ArrayBuffer | null' is not assignable to parameter of type 'SetStateAction<null>'.
  Type 'string' is not assignable to type 'SetStateAction<null>'.
src/frontend/Admin/AD_Alumini_Form.tsx(252,36): error TS7006: Parameter 'croppedArea' implicitly has an 'any' type.
src/frontend/Admin/AD_Alumini_Form.tsx(252,49): error TS7006: Parameter 'croppedAreaPixels' implicitly has an 'any' type.
src/frontend/Admin/AD_Alumini_Form.tsx(256,26): error TS7006: Parameter 'imageSrc' implicitly has an 'any' type.
src/frontend/Admin/AD_Alumini_Form.tsx(256,36): error TS7006: Parameter 'pixelCrop' implicitly has an 'any' type.
src/frontend/Admin/AD_Alumini_Form.tsx(265,9): error TS18047: 'ctx' is possibly 'null'.
src/frontend/Admin/AD_Alumini_Form.tsx(297,38): error TS18047: 'user' is possibly 'null'.
src/frontend/Admin/AD_Alumini_Form.tsx(306,34): error TS2345: Argument of type 'string' is not assignable to parameter of type 'SetStateAction<null>'.
src/frontend/Admin/AD_Alumini_Form.tsx(524,21): error TS2345: Argument of type '{ name: string; fatherName: string; registerNumber: string; email: string; dob: string; yearFrom: string; degree: string; branch: string; presentAddress: { street: string; city: string; pinCode: string; mobile: string; }; ... 14 more ...; signature: null; }' is not assignable to parameter of type 'SetStateAction<{ name: string; fatherName: string; registerNumber: string; email: string; dob: string; yearFrom: string; degree: string; branch: string; presentAddress: { street: string; city: string; pinCode: string; mobile: string; }; ... 15 more ...; signature: null; }>'.
  Property 'sameAsPermanent' is missing in type '{ name: string; fatherName: string; registerNumber: string; email: string; dob: string; yearFrom: string; degree: string; branch: string; presentAddress: { street: string; city: string; pinCode: string; mobile: string; }; ... 14 more ...; signature: null; }' but required in type '{ name: string; fatherName: string; registerNumber: string; email: string; dob: string; yearFrom: string; degree: string; branch: string; presentAddress: { street: string; city: string; pinCode: string; mobile: string; }; ... 15 more ...; signature: null; }'.
src/frontend/Admin/AD_Alumini_Form.tsx(569,25): error TS2339: Property 'message' does not exist on type '{}'.
src/frontend/Admin/AD_Alumini_Form.tsx(570,23): error TS2339: Property 'stack' does not exist on type '{}'.
src/frontend/Admin/AD_Alumini_Form.tsx(664,20): error TS2739: Type '{ theme: string; className: string; value: string; onChange: (e: any) => void; yearRange: string; }' is missing the following properties from type '{ [x: string]: any; value: any; onChange: any; theme?: string | undefined; className?: string | undefined; id: any; name: any; placeholder?: string | undefined; defaultToToday?: boolean | undefined; yearRange?: string | undefined; }': id, name
src/frontend/Admin/AD_Alumini_Form.tsx(668,32): error TS7006: Parameter 'e' implicitly has an 'any' type.
src/frontend/Admin/AD_Alumini_Form.tsx(723,64): error TS2339: Property 'stream' does not exist on type 'never'.
src/frontend/Admin/AD_Alumini_Form.tsx(725,43): error TS2339: Property '_id' does not exist on type 'never'.
src/frontend/Admin/AD_Alumini_Form.tsx(725,60): error TS2339: Property 'branch' does not exist on type 'never'.
src/frontend/Admin/AD_Alumini_Form.tsx(726,33): error TS2339: Property 'branch' does not exist on type 'never'.
src/frontend/Admin/AD_Alumini_Form.tsx(726,48): error TS2339: Property 'deptCode' does not exist on type 'never'.
src/frontend/Admin/AD_Alumini_Form.tsx(873,36): error TS7053: Element implicitly has an 'any' type because expression of type 'string' can't be used to index type '{ GRE: string; TOEFL: string; UPSC: string; GATE: string; IAS: string; }'.
  No index signature with a parameter of type 'string' was found on type '{ GRE: string; TOEFL: string; UPSC: string; GATE: string; IAS: string; }'.
src/frontend/Admin/AD_Alumini_Form.tsx(1026,25): error TS2322: Type 'string' is not assignable to type 'number'.
src/frontend/Admin/AD_Alumini_Form.tsx(1036,25): error TS2322: Type 'string' is not assignable to type 'number'.
src/frontend/Admin/AD_Alumini_Form.tsx(1174,17): error TS2322: Type 'string' is not assignable to type 'number'.
src/frontend/Admin/AD_Alumini_Form.tsx(1185,17): error TS2322: Type 'string' is not assignable to type 'number'.
src/frontend/Admin/AD_Alumni_Registration.tsx(143,68): error TS2339: Property 'stream' does not exist on type 'never'.
src/frontend/Admin/AD_Alumni_Registration.tsx(147,30): error TS7006: Parameter 'field' implicitly has an 'any' type.
src/frontend/Admin/AD_Alumni_Registration.tsx(147,37): error TS7006: Parameter 'value' implicitly has an 'any' type.
src/frontend/Admin/AD_Alumni_Registration.tsx(151,31): error TS7006: Parameter 'parent' implicitly has an 'any' type.
src/frontend/Admin/AD_Alumni_Registration.tsx(151,39): error TS7006: Parameter 'field' implicitly has an 'any' type.
src/frontend/Admin/AD_Alumni_Registration.tsx(151,46): error TS7006: Parameter 'value' implicitly has an 'any' type.
src/frontend/Admin/AD_Alumni_Registration.tsx(154,22): error TS7053: Element implicitly has an 'any' type because expression of type 'any' can't be used to index type '{ password: string; confirmPassword: string; name: string; fatherName: string; registerNumber: string; dob: string; yearFrom: string; degree: string; branch: string; presentAddress: { street: string; city: string; pinCode: string; mobile: string; }; ... 14 more ...; otherInfo: string; }'.
src/frontend/Admin/AD_Alumni_Registration.tsx(158,29): error TS7006: Parameter 'exam' implicitly has an 'any' type.
src/frontend/Admin/AD_Alumni_Registration.tsx(158,35): error TS7006: Parameter 'value' implicitly has an 'any' type.
src/frontend/Admin/AD_Alumni_Registration.tsx(165,30): error TS7006: Parameter 'checked' implicitly has an 'any' type.
src/frontend/Admin/AD_Alumni_Registration.tsx(178,26): error TS7006: Parameter 'id' implicitly has an 'any' type.
src/frontend/Admin/AD_Alumni_Registration.tsx(184,32): error TS7006: Parameter 'id' implicitly has an 'any' type.
src/frontend/Admin/AD_Alumni_Registration.tsx(184,36): error TS7006: Parameter 'field' implicitly has an 'any' type.
src/frontend/Admin/AD_Alumni_Registration.tsx(184,43): error TS7006: Parameter 'value' implicitly has an 'any' type.
src/frontend/Admin/AD_Alumni_Registration.tsx(193,28): error TS7006: Parameter 'id' implicitly has an 'any' type.
src/frontend/Admin/AD_Alumni_Registration.tsx(199,34): error TS7006: Parameter 'id' implicitly has an 'any' type.
src/frontend/Admin/AD_Alumni_Registration.tsx(199,38): error TS7006: Parameter 'field' implicitly has an 'any' type.
src/frontend/Admin/AD_Alumni_Registration.tsx(199,45): error TS7006: Parameter 'value' implicitly has an 'any' type.
src/frontend/Admin/AD_Alumni_Registration.tsx(504,64): error TS2339: Property 'stream' does not exist on type 'never'.
src/frontend/Admin/AD_Alumni_Registration.tsx(506,43): error TS2339: Property '_id' does not exist on type 'never'.
src/frontend/Admin/AD_Alumni_Registration.tsx(506,60): error TS2339: Property 'branch' does not exist on type 'never'.
src/frontend/Admin/AD_Alumni_Registration.tsx(506,74): error TS2339: Property 'branch' does not exist on type 'never'.
src/frontend/Admin/AD_Alumni_Registration.tsx(746,32): error TS7053: Element implicitly has an 'any' type because expression of type 'string' can't be used to index type '{ GRE: string; TOEFL: string; UPSC: string; GATE: string; IAS: string; }'.
  No index signature with a parameter of type 'string' was found on type '{ GRE: string; TOEFL: string; UPSC: string; GATE: string; IAS: string; }'.
src/frontend/Admin/AD_Alumni_Registration_Form.tsx(10,24): error TS7006: Parameter 'traceId' implicitly has an 'any' type.
src/frontend/Admin/AD_Alumni_Registration_Form.tsx(10,33): error TS7006: Parameter 'flow' implicitly has an 'any' type.
src/frontend/Admin/AD_Alumni_Registration_Form.tsx(10,39): error TS7006: Parameter 'step' implicitly has an 'any' type.
src/frontend/Admin/AD_Alumni_Registration_Form.tsx(14,25): error TS7006: Parameter 'traceId' implicitly has an 'any' type.
src/frontend/Admin/AD_Alumni_Registration_Form.tsx(14,34): error TS7006: Parameter 'flow' implicitly has an 'any' type.
src/frontend/Admin/AD_Alumni_Registration_Form.tsx(14,40): error TS7006: Parameter 'step' implicitly has an 'any' type.
src/frontend/Admin/AD_Alumni_Registration_Form.tsx(14,46): error TS7006: Parameter 'reason' implicitly has an 'any' type.
src/frontend/Admin/AD_Alumni_Registration_Form.tsx(18,43): error TS7031: Binding element 'onLogout' implicitly has an 'any' type.
src/frontend/Admin/AD_Alumni_Registration_Form.tsx(31,30): error TS7006: Parameter 'e' implicitly has an 'any' type.
src/frontend/Admin/AD_Alumni_Registration_Form.tsx(87,38): error TS18047: 'user' is possibly 'null'.
src/frontend/Admin/AD_Alumni_Registration_Form.tsx(142,25): error TS2339: Property 'message' does not exist on type '{}'.
src/frontend/Admin/AD_Alumni_Registration_Form.tsx(143,23): error TS2339: Property 'stack' does not exist on type '{}'.
src/frontend/Admin/AD_Alumni_Registration_Form.tsx(158,8): error TS2741: Property 'currentView' is missing in type '{ onLogout: any; }' but required in type '{ onLogout: any; currentView: any; }'.
src/frontend/Admin/AD_BroadcastMessage.tsx(25,35): error TS7031: Binding element 'onLogout' implicitly has an 'any' type.
src/frontend/Admin/AD_BroadcastMessage.tsx(25,45): error TS7031: Binding element 'adminName' implicitly has an 'any' type.
src/frontend/Admin/AD_BroadcastMessage.tsx(25,56): error TS7031: Binding element 'adminEmail' implicitly has an 'any' type.
src/frontend/Admin/AD_BroadcastMessage.tsx(83,22): error TS7006: Parameter 'name' implicitly has an 'any' type.
src/frontend/Admin/AD_BroadcastMessage.tsx(113,47): error TS7006: Parameter 'r' implicitly has an 'any' type.
src/frontend/Admin/AD_BroadcastMessage.tsx(213,30): error TS7006: Parameter 'e' implicitly has an 'any' type.
src/frontend/Admin/AD_BroadcastMessage.tsx(226,54): error TS2339: Property '_id' does not exist on type 'never'.
src/frontend/Admin/AD_BroadcastMessage.tsx(230,25): error TS2339: Property 'eventDate' does not exist on type 'never'.
src/frontend/Admin/AD_BroadcastMessage.tsx(231,45): error TS2339: Property 'eventDate' does not exist on type 'never'.
src/frontend/Admin/AD_BroadcastMessage.tsx(237,34): error TS2339: Property 'eventName' does not exist on type 'never'.
src/frontend/Admin/AD_BroadcastMessage.tsx(239,35): error TS2339: Property 'venue' does not exist on type 'never'.
src/frontend/Admin/AD_BroadcastMessage.tsx(240,34): error TS2339: Property 'eventTime' does not exist on type 'never'.
src/frontend/Admin/AD_BroadcastMessage.tsx(246,24): error TS7006: Parameter 'batchStart' implicitly has an 'any' type.
src/frontend/Admin/AD_BroadcastMessage.tsx(247,21): error TS7006: Parameter 'batchStart' implicitly has an 'any' type.
src/frontend/Admin/AD_BroadcastMessage.tsx(253,36): error TS7006: Parameter 'index' implicitly has an 'any' type.
src/frontend/Admin/AD_BroadcastMessage.tsx(253,43): error TS7006: Parameter 'e' implicitly has an 'any' type.
src/frontend/Admin/AD_BroadcastMessage.tsx(271,36): error TS7006: Parameter 'e' implicitly has an 'any' type.
src/frontend/Admin/AD_BroadcastMessage.tsx(285,31): error TS7006: Parameter 'index' implicitly has an 'any' type.
src/frontend/Admin/AD_BroadcastMessage.tsx(292,32): error TS7006: Parameter 'email' implicitly has an 'any' type.
src/frontend/Admin/AD_BroadcastMessage.tsx(292,39): error TS7006: Parameter 'currentIndex' implicitly has an 'any' type.
src/frontend/Admin/AD_BroadcastMessage.tsx(301,41): error TS7006: Parameter 'index' implicitly has an 'any' type.
src/frontend/Admin/AD_BroadcastMessage.tsx(301,48): error TS7006: Parameter 'searchValue' implicitly has an 'any' type.
src/frontend/Admin/AD_BroadcastMessage.tsx(341,31): error TS7006: Parameter 'index' implicitly has an 'any' type.
src/frontend/Admin/AD_BroadcastMessage.tsx(341,38): error TS7006: Parameter 'alumni' implicitly has an 'any' type.
src/frontend/Admin/AD_BroadcastMessage.tsx(342,22): error TS2345: Argument of type '(prev: { alumniName: any; department: any; batchStart: any; alumniEmail: any; alumniId: string; alumniPhoto: null; matchedAlumni: never[]; showEmailDropdown: boolean; fetchingPhoto: boolean; showNameDropdown: boolean; searchResults: never[]; searchingName: boolean; }[]) => ({ ...; } | { ...; })[]' is not assignable to parameter of type 'SetStateAction<{ alumniName: any; department: any; batchStart: any; alumniEmail: any; alumniId: string; alumniPhoto: null; matchedAlumni: never[]; showEmailDropdown: boolean; fetchingPhoto: boolean; showNameDropdown: boolean; searchResults: never[]; searchingName: boolean; }[]>'.
  Type '(prev: { alumniName: any; department: any; batchStart: any; alumniEmail: any; alumniId: string; alumniPhoto: null; matchedAlumni: never[]; showEmailDropdown: boolean; fetchingPhoto: boolean; showNameDropdown: boolean; searchResults: never[]; searchingName: boolean; }[]) => ({ ...; } | { ...; })[]' is not assignable to type '(prevState: { alumniName: any; department: any; batchStart: any; alumniEmail: any; alumniId: string; alumniPhoto: null; matchedAlumni: never[]; showEmailDropdown: boolean; fetchingPhoto: boolean; showNameDropdown: boolean; searchResults: never[]; searchingName: boolean; }[]) => { ...; }[]'.
    Type '({ alumniName: any; department: any; batchStart: any; alumniEmail: any; alumniId: string; alumniPhoto: null; matchedAlumni: never[]; showEmailDropdown: boolean; fetchingPhoto: boolean; showNameDropdown: boolean; searchResults: never[]; searchingName: boolean; } | { ...; })[]' is not assignable to type '{ alumniName: any; department: any; batchStart: any; alumniEmail: any; alumniId: string; alumniPhoto: null; matchedAlumni: never[]; showEmailDropdown: boolean; fetchingPhoto: boolean; showNameDropdown: boolean; searchResults: never[]; searchingName: boolean; }[]'.
      Type '{ alumniName: any; department: any; batchStart: any; alumniEmail: any; alumniId: string; alumniPhoto: null; matchedAlumni: never[]; showEmailDropdown: boolean; fetchingPhoto: boolean; showNameDropdown: boolean; searchResults: never[]; searchingName: boolean; } | { ...; }' is not assignable to type '{ alumniName: any; department: any; batchStart: any; alumniEmail: any; alumniId: string; alumniPhoto: null; matchedAlumni: never[]; showEmailDropdown: boolean; fetchingPhoto: boolean; showNameDropdown: boolean; searchResults: never[]; searchingName: boolean; }'.
        Type '{ alumniName: any; alumniId: any; alumniEmail: any; department: any; batchStart: any; showNameDropdown: false; searchResults: never[]; alumniPhoto: string | null; matchedAlumni: never[]; showEmailDropdown: boolean; fetchingPhoto: boolean; searchingName: boolean; }' is not assignable to type '{ alumniName: any; department: any; batchStart: any; alumniEmail: any; alumniId: string; alumniPhoto: null; matchedAlumni: never[]; showEmailDropdown: boolean; fetchingPhoto: boolean; showNameDropdown: boolean; searchResults: never[]; searchingName: boolean; }'.
          Types of property 'alumniPhoto' are incompatible.
            Type 'string | null' is not assignable to type 'null'.
              Type 'string' is not assignable to type 'null'.
src/frontend/Admin/AD_BroadcastMessage.tsx(381,31): error TS7006: Parameter 'text' implicitly has an 'any' type.
src/frontend/Admin/AD_BroadcastMessage.tsx(381,37): error TS7006: Parameter 'entry' implicitly has an 'any' type.
src/frontend/Admin/AD_BroadcastMessage.tsx(381,44): error TS7006: Parameter 'firstEntry' implicitly has an 'any' type.
src/frontend/Admin/AD_BroadcastMessage.tsx(521,33): error TS7006: Parameter 'e' implicitly has an 'any' type.
src/frontend/Admin/AD_BroadcastMessage.tsx(539,22): error TS7006: Parameter 'message' implicitly has an 'any' type.
src/frontend/Admin/AD_BroadcastMessage.tsx(539,31): error TS7006: Parameter 'type' implicitly has an 'any' type.
src/frontend/Admin/AD_BroadcastMessage.tsx(546,35): error TS7006: Parameter 'e' implicitly has an 'any' type.
src/frontend/Admin/AD_BroadcastMessage.tsx(550,40): error TS7006: Parameter 'e' implicitly has an 'any' type.
src/frontend/Admin/AD_BroadcastMessage.tsx(565,39): error TS7006: Parameter 'index' implicitly has an 'any' type.
src/frontend/Admin/AD_BroadcastMessage.tsx(603,30): error TS2345: Argument of type '(prev: { alumniName: any; department: any; batchStart: any; alumniEmail: any; alumniId: string; alumniPhoto: null; matchedAlumni: never[]; showEmailDropdown: boolean; fetchingPhoto: boolean; showNameDropdown: boolean; searchResults: never[]; searchingName: boolean; }[]) => ({ ...; } | { ...; })[]' is not assignable to parameter of type 'SetStateAction<{ alumniName: any; department: any; batchStart: any; alumniEmail: any; alumniId: string; alumniPhoto: null; matchedAlumni: never[]; showEmailDropdown: boolean; fetchingPhoto: boolean; showNameDropdown: boolean; searchResults: never[]; searchingName: boolean; }[]>'.
  Type '(prev: { alumniName: any; department: any; batchStart: any; alumniEmail: any; alumniId: string; alumniPhoto: null; matchedAlumni: never[]; showEmailDropdown: boolean; fetchingPhoto: boolean; showNameDropdown: boolean; searchResults: never[]; searchingName: boolean; }[]) => ({ ...; } | { ...; })[]' is not assignable to type '(prevState: { alumniName: any; department: any; batchStart: any; alumniEmail: any; alumniId: string; alumniPhoto: null; matchedAlumni: never[]; showEmailDropdown: boolean; fetchingPhoto: boolean; showNameDropdown: boolean; searchResults: never[]; searchingName: boolean; }[]) => { ...; }[]'.
    Type '({ alumniName: any; department: any; batchStart: any; alumniEmail: any; alumniId: string; alumniPhoto: null; matchedAlumni: never[]; showEmailDropdown: boolean; fetchingPhoto: boolean; showNameDropdown: boolean; searchResults: never[]; searchingName: boolean; } | { ...; })[]' is not assignable to type '{ alumniName: any; department: any; batchStart: any; alumniEmail: any; alumniId: string; alumniPhoto: null; matchedAlumni: never[]; showEmailDropdown: boolean; fetchingPhoto: boolean; showNameDropdown: boolean; searchResults: never[]; searchingName: boolean; }[]'.
      Type '{ alumniName: any; department: any; batchStart: any; alumniEmail: any; alumniId: string; alumniPhoto: null; matchedAlumni: never[]; showEmailDropdown: boolean; fetchingPhoto: boolean; showNameDropdown: boolean; searchResults: never[]; searchingName: boolean; } | { ...; }' is not assignable to type '{ alumniName: any; department: any; batchStart: any; alumniEmail: any; alumniId: string; alumniPhoto: null; matchedAlumni: never[]; showEmailDropdown: boolean; fetchingPhoto: boolean; showNameDropdown: boolean; searchResults: never[]; searchingName: boolean; }'.
        Type '{ matchedAlumni: any[]; showEmailDropdown: false; alumniPhoto: any; alumniEmail: any; fetchingPhoto: false; alumniName: any; department: any; batchStart: any; alumniId: string; showNameDropdown: boolean; searchResults: never[]; searchingName: boolean; }' is not assignable to type '{ alumniName: any; department: any; batchStart: any; alumniEmail: any; alumniId: string; alumniPhoto: null; matchedAlumni: never[]; showEmailDropdown: boolean; fetchingPhoto: boolean; showNameDropdown: boolean; searchResults: never[]; searchingName: boolean; }'.
          Types of property 'matchedAlumni' are incompatible.
            Type 'any[]' is not assignable to type 'never[]'.
              Type 'any' is not assignable to type 'never'.
src/frontend/Admin/AD_BroadcastMessage.tsx(650,37): error TS7006: Parameter 'index' implicitly has an 'any' type.
src/frontend/Admin/AD_BroadcastMessage.tsx(653,63): error TS2339: Property 'email' does not exist on type 'never'.
src/frontend/Admin/AD_BroadcastMessage.tsx(736,30): error TS7006: Parameter 'index' implicitly has an 'any' type.
src/frontend/Admin/AD_BroadcastMessage.tsx(736,37): error TS7006: Parameter 'e' implicitly has an 'any' type.
src/frontend/Admin/AD_BroadcastMessage.tsx(739,60): error TS2339: Property 'email' does not exist on type 'never'.
src/frontend/Admin/AD_BroadcastMessage.tsx(749,39): error TS2339: Property 'profilePicture' does not exist on type 'never'.
src/frontend/Admin/AD_BroadcastMessage.tsx(750,27): error TS2339: Property 'profilePicture' does not exist on type 'never'.
src/frontend/Admin/AD_BroadcastMessage.tsx(750,78): error TS2339: Property 'profilePicture' does not exist on type 'never'.
src/frontend/Admin/AD_BroadcastMessage.tsx(750,128): error TS2339: Property 'profilePicture' does not exist on type 'never'.
src/frontend/Admin/AD_BroadcastMessage.tsx(871,31): error TS7006: Parameter 'e' implicitly has an 'any' type.
src/frontend/Admin/AD_BroadcastMessage.tsx(924,52): error TS2339: Property 'eventName' does not exist on type 'never'.
src/frontend/Admin/AD_BroadcastMessage.tsx(924,89): error TS2339: Property '_id' does not exist on type 'never'.
src/frontend/Admin/AD_BroadcastMessage.tsx(1115,49): error TS2339: Property 'eventName' does not exist on type 'never'.
src/frontend/Admin/AD_BroadcastMessage.tsx(1115,86): error TS2339: Property '_id' does not exist on type 'never'.
src/frontend/Admin/AD_BroadcastMessage.tsx(1123,42): error TS2339: Property '_id' does not exist on type 'never'.
src/frontend/Admin/AD_BroadcastMessage.tsx(1123,60): error TS2339: Property '_id' does not exist on type 'never'.
src/frontend/Admin/AD_BroadcastMessage.tsx(1124,32): error TS2339: Property 'eventName' does not exist on type 'never'.
src/frontend/Admin/AD_BroadcastMessage.tsx(1235,47): error TS2339: Property '_id' does not exist on type 'never'.
src/frontend/Admin/AD_BroadcastMessage.tsx(1241,37): error TS2353: Object literal may only specify known properties, and 'hover' does not exist in type 'Properties<string | number, string & {}>'.
src/frontend/Admin/AD_BroadcastMessage.tsx(1243,65): error TS2339: Property 'style' does not exist on type 'EventTarget'.
src/frontend/Admin/AD_BroadcastMessage.tsx(1244,65): error TS2339: Property 'style' does not exist on type 'EventTarget'.
src/frontend/Admin/AD_BroadcastMessage.tsx(1246,78): error TS2339: Property 'name' does not exist on type 'never'.
src/frontend/Admin/AD_BroadcastMessage.tsx(1248,45): error TS2339: Property 'branch' does not exist on type 'never'.
src/frontend/Admin/AD_BroadcastMessage.tsx(1248,69): error TS2339: Property 'yearFrom' does not exist on type 'never'.
src/frontend/Admin/AD_BroadcastMessage.tsx(1248,87): error TS2339: Property 'yearTo' does not exist on type 'never'.
src/frontend/Admin/AD_BroadcastMessage.tsx(1274,45): error TS2339: Property '_id' does not exist on type 'never'.
src/frontend/Admin/AD_BroadcastMessage.tsx(1274,62): error TS2339: Property 'branch' does not exist on type 'never'.
src/frontend/Admin/AD_BroadcastMessage.tsx(1275,35): error TS2339: Property 'branch' does not exist on type 'never'.
src/frontend/Admin/AD_BroadcastMessage.tsx(1354,45): error TS2339: Property '_id' does not exist on type 'never'.
src/frontend/Admin/AD_BroadcastMessage.tsx(1354,73): error TS2339: Property 'email' does not exist on type 'never'.
src/frontend/Admin/AD_BroadcastMessage.tsx(1355,35): error TS2339: Property 'email' does not exist on type 'never'.
src/frontend/Admin/AD_BroadcastMessage.tsx(1447,17): error TS2322: Type 'string' is not assignable to type 'number'.
src/frontend/Admin/AD_BroadcastMessage.tsx(1502,79): error TS7006: Parameter 'i' implicitly has an 'any' type.
src/frontend/Admin/AD_Dashboard.tsx(11,29): error TS7031: Binding element 'onLogout' implicitly has an 'any' type.
src/frontend/Admin/AD_Dashboard.tsx(47,16): error TS18046: 'err' is of type 'unknown'.
src/frontend/Admin/AD_Dashboard.tsx(56,26): error TS7006: Parameter 'date' implicitly has an 'any' type.
src/frontend/Admin/AD_Dashboard.tsx(60,20): error TS2362: The left-hand side of an arithmetic operation must be of type 'any', 'number', 'bigint' or an enum type.
src/frontend/Admin/AD_Dashboard.tsx(60,26): error TS2363: The right-hand side of an arithmetic operation must be of type 'any', 'number', 'bigint' or an enum type.
src/frontend/Admin/AD_Dashboard.tsx(163,60): error TS2339: Property 'mail' does not exist on type 'never'.
src/frontend/Admin/AD_Dashboard.tsx(166,25): error TS2339: Property 'mail' does not exist on type 'never'.
src/frontend/Admin/AD_Dashboard.tsx(167,19): error TS18047: 'cards' is possibly 'null'.
src/frontend/Admin/AD_Dashboard.tsx(167,47): error TS7006: Parameter 'mail' implicitly has an 'any' type.
src/frontend/Admin/AD_Dashboard.tsx(167,53): error TS7006: Parameter 'idx' implicitly has an 'any' type.
src/frontend/Admin/AD_Dashboard.tsx(182,61): error TS2339: Property 'jobs' does not exist on type 'never'.
src/frontend/Admin/AD_Dashboard.tsx(185,25): error TS2339: Property 'jobs' does not exist on type 'never'.
src/frontend/Admin/AD_Dashboard.tsx(186,19): error TS18047: 'cards' is possibly 'null'.
src/frontend/Admin/AD_Dashboard.tsx(186,46): error TS7006: Parameter 'job' implicitly has an 'any' type.
src/frontend/Admin/AD_Dashboard.tsx(186,51): error TS7006: Parameter 'idx' implicitly has an 'any' type.
src/frontend/Admin/AD_Dashboard.tsx(206,25): error TS2339: Property 'donation' does not exist on type 'never'.
src/frontend/Admin/AD_Dashboard.tsx(209,68): error TS2339: Property 'donation' does not exist on type 'never'.
src/frontend/Admin/AD_Dashboard.tsx(210,65): error TS2339: Property 'donation' does not exist on type 'never'.
src/frontend/Admin/AD_Dashboard.tsx(211,79): error TS2339: Property 'donation' does not exist on type 'never'.
src/frontend/Admin/AD_Dashboard.tsx(234,25): error TS2339: Property 'event' does not exist on type 'never'.
src/frontend/Admin/AD_Dashboard.tsx(236,64): error TS2339: Property 'event' does not exist on type 'never'.
src/frontend/Admin/AD_Dashboard.tsx(238,30): error TS2339: Property 'event' does not exist on type 'never'.
src/frontend/Admin/AD_Dashboard.tsx(238,52): error TS2339: Property 'event' does not exist on type 'never'.
src/frontend/Admin/AD_Dashboard.tsx(238,71): error TS2339: Property 'event' does not exist on type 'never'.
src/frontend/Admin/AD_Dashboard.tsx(241,38): error TS2339: Property 'event' does not exist on type 'never'.
src/frontend/Admin/AD_Dashboard.tsx(242,45): error TS2339: Property 'event' does not exist on type 'never'.
src/frontend/Admin/AD_Department.tsx(10,30): error TS7031: Binding element 'onLogout' implicitly has an 'any' type.
src/frontend/Admin/AD_Department.tsx(29,79): error TS2339: Property 'coordinatorCount' does not exist on type 'never'.
src/frontend/Admin/AD_Department.tsx(35,18): error TS2345: Argument of type '"Please login to view departments"' is not assignable to parameter of type 'SetStateAction<null>'.
src/frontend/Admin/AD_Department.tsx(56,20): error TS2345: Argument of type '"Failed to load departments"' is not assignable to parameter of type 'SetStateAction<null>'.
src/frontend/Admin/AD_Department.tsx(59,18): error TS18046: 'err' is of type 'unknown'.
src/frontend/Admin/AD_Department.tsx(81,30): error TS7006: Parameter 'e' implicitly has an 'any' type.
src/frontend/Admin/AD_Department.tsx(87,31): error TS7006: Parameter 'e' implicitly has an 'any' type.
src/frontend/Admin/AD_Department.tsx(92,16): error TS2345: Argument of type '"Please login to create departments"' is not assignable to parameter of type 'SetStateAction<null>'.
src/frontend/Admin/AD_Department.tsx(111,25): error TS2322: Type 'any' is not assignable to type 'never'.
src/frontend/Admin/AD_Department.tsx(111,41): error TS2322: Type 'any' is not assignable to type 'never'.
src/frontend/Admin/AD_Department.tsx(118,16): error TS2345: Argument of type '"Error creating department"' is not assignable to parameter of type 'SetStateAction<null>'.
src/frontend/Admin/AD_Department.tsx(125,23): error TS7006: Parameter 'deptCode' implicitly has an 'any' type.
src/frontend/Admin/AD_Department.tsx(201,35): error TS2339: Property '_id' does not exist on type 'never'.
src/frontend/Admin/AD_Department.tsx(203,65): error TS2339: Property 'stream' does not exist on type 'never'.
src/frontend/Admin/AD_Department.tsx(204,33): error TS2339: Property 'branch' does not exist on type 'never'.
src/frontend/Admin/AD_Department.tsx(206,66): error TS2339: Property 'deptCode' does not exist on type 'never'.
src/frontend/Admin/AD_Department.tsx(209,47): error TS2339: Property 'coordinatorCount' does not exist on type 'never'.
src/frontend/Admin/AD_Department.tsx(210,33): error TS2339: Property 'coordinatorCount' does not exist on type 'never'.
src/frontend/Admin/AD_Department.tsx(215,96): error TS2339: Property 'deptCode' does not exist on type 'never'.
src/frontend/Admin/AD_Department.tsx(225,27): error TS2322: Type 'string' is not assignable to type 'number'.
src/frontend/Admin/AD_Donation_History.tsx(10,21): error TS7006: Parameter 'dateString' implicitly has an 'any' type.
src/frontend/Admin/AD_Donation_History.tsx(15,23): error TS7006: Parameter 'amount' implicitly has an 'any' type.
src/frontend/Admin/AD_Donation_History.tsx(19,22): error TS7006: Parameter 'name' implicitly has an 'any' type.
src/frontend/Admin/AD_Donation_History.tsx(21,30): error TS7006: Parameter 'word' implicitly has an 'any' type.
src/frontend/Admin/AD_Donation_History.tsx(24,35): error TS7031: Binding element 'onLogout' implicitly has an 'any' type.
src/frontend/Admin/AD_Donation_History.tsx(38,18): error TS2345: Argument of type '"Please login to view donations"' is not assignable to parameter of type 'SetStateAction<null>'.
src/frontend/Admin/AD_Donation_History.tsx(58,21): error TS7006: Parameter 'payment' implicitly has an 'any' type.
src/frontend/Admin/AD_Donation_History.tsx(59,19): error TS7006: Parameter 'payment' implicitly has an 'any' type.
src/frontend/Admin/AD_Donation_History.tsx(75,18): error TS18046: 'err' is of type 'unknown'.
src/frontend/Admin/AD_Donation_History.tsx(91,14): error TS2339: Property 'name' does not exist on type 'never'.
src/frontend/Admin/AD_Donation_History.tsx(92,14): error TS2339: Property 'batch' does not exist on type 'never'.
src/frontend/Admin/AD_Donation_History.tsx(106,29): error TS7006: Parameter 'page' implicitly has an 'any' type.
src/frontend/Admin/AD_Donation_History.tsx(182,16): error TS2739: Type '{ theme: string; className: string; }' is missing the following properties from type '{ [x: string]: any; value: any; onChange: any; theme?: string | undefined; className?: string | undefined; id: any; name: any; placeholder?: string | undefined; defaultToToday?: boolean | undefined; yearRange?: string | undefined; }': value, onChange, id, name
src/frontend/Admin/AD_Donation_History.tsx(207,36): error TS2339: Property 'id' does not exist on type 'never'.
src/frontend/Admin/AD_Donation_History.tsx(211,70): error TS2339: Property 'initials' does not exist on type 'never'.
src/frontend/Admin/AD_Donation_History.tsx(212,69): error TS2339: Property 'name' does not exist on type 'never'.
src/frontend/Admin/AD_Donation_History.tsx(215,61): error TS2339: Property 'batch' does not exist on type 'never'.
src/frontend/Admin/AD_Donation_History.tsx(216,62): error TS2339: Property 'amount' does not exist on type 'never'.
src/frontend/Admin/AD_Donation_History.tsx(217,60): error TS2339: Property 'date' does not exist on type 'never'.
src/frontend/Admin/AD_Donation_History.tsx(219,70): error TS2339: Property 'typeClass' does not exist on type 'never'.
src/frontend/Admin/AD_Donation_History.tsx(220,34): error TS2339: Property 'type' does not exist on type 'never'.
src/frontend/Admin/AD_Donation_History.tsx(224,118): error TS2339: Property 'id' does not exist on type 'never'.
src/frontend/Admin/AD_Donation_History.tsx(232,27): error TS2322: Type 'string' is not assignable to type 'number'.
src/frontend/Admin/AD_Draft.tsx(22,24): error TS7031: Binding element 'onLogout' implicitly has an 'any' type.
src/frontend/Admin/AD_Draft.tsx(22,34): error TS7031: Binding element 'adminName' implicitly has an 'any' type.
src/frontend/Admin/AD_Draft.tsx(22,45): error TS7031: Binding element 'adminEmail' implicitly has an 'any' type.
src/frontend/Admin/AD_Draft.tsx(52,22): error TS7006: Parameter 'name' implicitly has an 'any' type.
src/frontend/Admin/AD_Draft.tsx(107,48): error TS7006: Parameter 'recipient' implicitly has an 'any' type.
src/frontend/Admin/AD_Draft.tsx(165,22): error TS7006: Parameter 'message' implicitly has an 'any' type.
src/frontend/Admin/AD_Draft.tsx(165,31): error TS7006: Parameter 'type' implicitly has an 'any' type.
src/frontend/Admin/AD_Draft.tsx(173,24): error TS7006: Parameter 'batchStart' implicitly has an 'any' type.
src/frontend/Admin/AD_Draft.tsx(174,21): error TS7006: Parameter 'batchStart' implicitly has an 'any' type.
src/frontend/Admin/AD_Draft.tsx(180,30): error TS7006: Parameter 'e' implicitly has an 'any' type.
src/frontend/Admin/AD_Draft.tsx(193,54): error TS2339: Property '_id' does not exist on type 'never'.
src/frontend/Admin/AD_Draft.tsx(196,25): error TS2339: Property 'eventDate' does not exist on type 'never'.
src/frontend/Admin/AD_Draft.tsx(197,45): error TS2339: Property 'eventDate' does not exist on type 'never'.
src/frontend/Admin/AD_Draft.tsx(203,34): error TS2339: Property 'eventName' does not exist on type 'never'.
src/frontend/Admin/AD_Draft.tsx(205,35): error TS2339: Property 'venue' does not exist on type 'never'.
src/frontend/Admin/AD_Draft.tsx(206,34): error TS2339: Property 'eventTime' does not exist on type 'never'.
src/frontend/Admin/AD_Draft.tsx(212,36): error TS7006: Parameter 'index' implicitly has an 'any' type.
src/frontend/Admin/AD_Draft.tsx(212,43): error TS7006: Parameter 'e' implicitly has an 'any' type.
src/frontend/Admin/AD_Draft.tsx(230,36): error TS7006: Parameter 'e' implicitly has an 'any' type.
src/frontend/Admin/AD_Draft.tsx(244,31): error TS7006: Parameter 'index' implicitly has an 'any' type.
src/frontend/Admin/AD_Draft.tsx(251,32): error TS7006: Parameter 'email' implicitly has an 'any' type.
src/frontend/Admin/AD_Draft.tsx(251,39): error TS7006: Parameter 'currentIndex' implicitly has an 'any' type.
src/frontend/Admin/AD_Draft.tsx(282,31): error TS7006: Parameter 'text' implicitly has an 'any' type.
src/frontend/Admin/AD_Draft.tsx(282,37): error TS7006: Parameter 'entry' implicitly has an 'any' type.
src/frontend/Admin/AD_Draft.tsx(282,44): error TS7006: Parameter 'firstEntry' implicitly has an 'any' type.
src/frontend/Admin/AD_Draft.tsx(320,40): error TS7006: Parameter 'e' implicitly has an 'any' type.
src/frontend/Admin/AD_Draft.tsx(334,39): error TS7006: Parameter 'index' implicitly has an 'any' type.
src/frontend/Admin/AD_Draft.tsx(369,30): error TS2345: Argument of type '(prev: { alumniName: string; department: string; batchStart: string; alumniEmail: string; alumniPhoto: null; matchedAlumni: never[]; showEmailDropdown: boolean; fetchingPhoto: boolean; }[]) => ({ ...; } | { ...; })[]' is not assignable to parameter of type 'SetStateAction<{ alumniName: string; department: string; batchStart: string; alumniEmail: string; alumniPhoto: null; matchedAlumni: never[]; showEmailDropdown: boolean; fetchingPhoto: boolean; }[]>'.
  Type '(prev: { alumniName: string; department: string; batchStart: string; alumniEmail: string; alumniPhoto: null; matchedAlumni: never[]; showEmailDropdown: boolean; fetchingPhoto: boolean; }[]) => ({ ...; } | { ...; })[]' is not assignable to type '(prevState: { alumniName: string; department: string; batchStart: string; alumniEmail: string; alumniPhoto: null; matchedAlumni: never[]; showEmailDropdown: boolean; fetchingPhoto: boolean; }[]) => { ...; }[]'.
    Type '({ alumniName: string; department: string; batchStart: string; alumniEmail: string; alumniPhoto: null; matchedAlumni: never[]; showEmailDropdown: boolean; fetchingPhoto: boolean; } | { matchedAlumni: any[]; ... 6 more ...; batchStart: string; })[]' is not assignable to type '{ alumniName: string; department: string; batchStart: string; alumniEmail: string; alumniPhoto: null; matchedAlumni: never[]; showEmailDropdown: boolean; fetchingPhoto: boolean; }[]'.
      Type '{ alumniName: string; department: string; batchStart: string; alumniEmail: string; alumniPhoto: null; matchedAlumni: never[]; showEmailDropdown: boolean; fetchingPhoto: boolean; } | { matchedAlumni: any[]; ... 6 more ...; batchStart: string; }' is not assignable to type '{ alumniName: string; department: string; batchStart: string; alumniEmail: string; alumniPhoto: null; matchedAlumni: never[]; showEmailDropdown: boolean; fetchingPhoto: boolean; }'.
        Type '{ matchedAlumni: any[]; showEmailDropdown: false; alumniPhoto: any; alumniEmail: any; fetchingPhoto: false; alumniName: string; department: string; batchStart: string; }' is not assignable to type '{ alumniName: string; department: string; batchStart: string; alumniEmail: string; alumniPhoto: null; matchedAlumni: never[]; showEmailDropdown: boolean; fetchingPhoto: boolean; }'.
          Types of property 'matchedAlumni' are incompatible.
            Type 'any[]' is not assignable to type 'never[]'.
              Type 'any' is not assignable to type 'never'.
src/frontend/Admin/AD_Draft.tsx(416,37): error TS7006: Parameter 'index' implicitly has an 'any' type.
src/frontend/Admin/AD_Draft.tsx(419,63): error TS2339: Property 'email' does not exist on type 'never'.
src/frontend/Admin/AD_Draft.tsx(501,30): error TS7006: Parameter 'index' implicitly has an 'any' type.
src/frontend/Admin/AD_Draft.tsx(501,37): error TS7006: Parameter 'e' implicitly has an 'any' type.
src/frontend/Admin/AD_Draft.tsx(504,60): error TS2339: Property 'email' does not exist on type 'never'.
src/frontend/Admin/AD_Draft.tsx(513,39): error TS2339: Property 'profilePicture' does not exist on type 'never'.
src/frontend/Admin/AD_Draft.tsx(514,27): error TS2339: Property 'profilePicture' does not exist on type 'never'.
src/frontend/Admin/AD_Draft.tsx(514,78): error TS2339: Property 'profilePicture' does not exist on type 'never'.
src/frontend/Admin/AD_Draft.tsx(514,128): error TS2339: Property 'profilePicture' does not exist on type 'never'.
src/frontend/Admin/AD_Draft.tsx(626,32): error TS7006: Parameter 'e' implicitly has an 'any' type.
src/frontend/Admin/AD_Draft.tsx(678,52): error TS2339: Property 'eventName' does not exist on type 'never'.
src/frontend/Admin/AD_Draft.tsx(678,89): error TS2339: Property '_id' does not exist on type 'never'.
src/frontend/Admin/AD_Draft.tsx(902,49): error TS2339: Property 'eventName' does not exist on type 'never'.
src/frontend/Admin/AD_Draft.tsx(902,86): error TS2339: Property '_id' does not exist on type 'never'.
src/frontend/Admin/AD_Draft.tsx(910,42): error TS2339: Property '_id' does not exist on type 'never'.
src/frontend/Admin/AD_Draft.tsx(910,60): error TS2339: Property '_id' does not exist on type 'never'.
src/frontend/Admin/AD_Draft.tsx(911,32): error TS2339: Property 'eventName' does not exist on type 'never'.
src/frontend/Admin/AD_Draft.tsx(1090,45): error TS2339: Property '_id' does not exist on type 'never'.
src/frontend/Admin/AD_Draft.tsx(1090,73): error TS2339: Property 'email' does not exist on type 'never'.
src/frontend/Admin/AD_Draft.tsx(1091,35): error TS2339: Property 'email' does not exist on type 'never'.
src/frontend/Admin/AD_Draft.tsx(1182,17): error TS2322: Type 'string' is not assignable to type 'number'.
src/frontend/Admin/AD_Draft.tsx(1235,79): error TS7006: Parameter 'i' implicitly has an 'any' type.
src/frontend/Admin/AD_Draft_History.tsx(8,32): error TS7031: Binding element 'onLogout' implicitly has an 'any' type.
src/frontend/Admin/AD_Draft_History.tsx(35,23): error TS7006: Parameter 'dateString' implicitly has an 'any' type.
src/frontend/Admin/AD_Draft_History.tsx(38,31): error TS2362: The left-hand side of an arithmetic operation must be of type 'any', 'number', 'bigint' or an enum type.
src/frontend/Admin/AD_Draft_History.tsx(38,37): error TS2363: The right-hand side of an arithmetic operation must be of type 'any', 'number', 'bigint' or an enum type.
src/frontend/Admin/AD_Draft_History.tsx(55,25): error TS7006: Parameter 'index' implicitly has an 'any' type.
src/frontend/Admin/AD_Draft_History.tsx(90,30): error TS2339: Property '_id' does not exist on type 'never'.
src/frontend/Admin/AD_Draft_History.tsx(97,67): error TS2339: Property 'recipientName' does not exist on type 'never'.
src/frontend/Admin/AD_Draft_History.tsx(101,63): error TS2339: Property 'title' does not exist on type 'never'.
src/frontend/Admin/AD_Draft_History.tsx(103,30): error TS2339: Property 'content' does not exist on type 'never'.
src/frontend/Admin/AD_Draft_History.tsx(104,33): error TS2339: Property 'content' does not exist on type 'never'.
src/frontend/Admin/AD_Draft_History.tsx(105,35): error TS2339: Property 'content' does not exist on type 'never'.
src/frontend/Admin/AD_Draft_History.tsx(106,35): error TS2339: Property 'content' does not exist on type 'never'.
src/frontend/Admin/AD_Draft_History.tsx(113,75): error TS2339: Property 'updatedAt' does not exist on type 'never'.
src/frontend/Admin/AD_Draft_History.tsx(117,108): error TS2339: Property '_id' does not exist on type 'never'.
src/frontend/Admin/AD_Edit_Faculty.tsx(10,31): error TS7031: Binding element 'onLogout' implicitly has an 'any' type.
src/frontend/Admin/AD_Edit_Faculty.tsx(85,24): error TS18046: 'err' is of type 'unknown'.
src/frontend/Admin/AD_Edit_Faculty.tsx(121,30): error TS7006: Parameter 'e' implicitly has an 'any' type.
src/frontend/Admin/AD_Edit_Faculty.tsx(126,9): error TS7053: Element implicitly has an 'any' type because expression of type 'any' can't be used to index type '{}'.
src/frontend/Admin/AD_Edit_Faculty.tsx(140,42): error TS2339: Property 'name' does not exist on type '{}'.
src/frontend/Admin/AD_Edit_Faculty.tsx(141,43): error TS2339: Property 'email' does not exist on type '{}'.
src/frontend/Admin/AD_Edit_Faculty.tsx(142,43): error TS2339: Property 'phone' does not exist on type '{}'.
src/frontend/Admin/AD_Edit_Faculty.tsx(143,46): error TS2339: Property 'location' does not exist on type '{}'.
src/frontend/Admin/AD_Edit_Faculty.tsx(144,42): error TS2339: Property 'designation' does not exist on type '{}'.
src/frontend/Admin/AD_Edit_Faculty.tsx(145,41): error TS2339: Property 'department' does not exist on type '{}'.
src/frontend/Admin/AD_Edit_Faculty.tsx(146,45): error TS2339: Property 'staffId' does not exist on type '{}'.
src/frontend/Admin/AD_Edit_Faculty.tsx(151,17): error TS2339: Property 'email' does not exist on type '{}'.
src/frontend/Admin/AD_Edit_Faculty.tsx(157,17): error TS2339: Property 'phone' does not exist on type '{}'.
src/frontend/Admin/AD_Edit_Faculty.tsx(164,31): error TS7006: Parameter 'e' implicitly has an 'any' type.
src/frontend/Admin/AD_Edit_Faculty.tsx(285,64): error TS2339: Property 'name' does not exist on type '{}'.
src/frontend/Admin/AD_Edit_Faculty.tsx(288,29): error TS2339: Property 'name' does not exist on type '{}'.
src/frontend/Admin/AD_Edit_Faculty.tsx(288,80): error TS2339: Property 'name' does not exist on type '{}'.
src/frontend/Admin/AD_Edit_Faculty.tsx(298,64): error TS2339: Property 'email' does not exist on type '{}'.
src/frontend/Admin/AD_Edit_Faculty.tsx(301,29): error TS2339: Property 'email' does not exist on type '{}'.
src/frontend/Admin/AD_Edit_Faculty.tsx(301,81): error TS2339: Property 'email' does not exist on type '{}'.
src/frontend/Admin/AD_Edit_Faculty.tsx(311,64): error TS2339: Property 'phone' does not exist on type '{}'.
src/frontend/Admin/AD_Edit_Faculty.tsx(314,29): error TS2339: Property 'phone' does not exist on type '{}'.
src/frontend/Admin/AD_Edit_Faculty.tsx(314,81): error TS2339: Property 'phone' does not exist on type '{}'.
src/frontend/Admin/AD_Edit_Faculty.tsx(324,64): error TS2339: Property 'location' does not exist on type '{}'.
src/frontend/Admin/AD_Edit_Faculty.tsx(327,29): error TS2339: Property 'location' does not exist on type '{}'.
src/frontend/Admin/AD_Edit_Faculty.tsx(327,84): error TS2339: Property 'location' does not exist on type '{}'.
src/frontend/Admin/AD_Edit_Faculty.tsx(384,23): error TS2322: Type 'string' is not assignable to type 'number'.
src/frontend/Admin/AD_Edit_Faculty.tsx(404,64): error TS2339: Property 'designation' does not exist on type '{}'.
src/frontend/Admin/AD_Edit_Faculty.tsx(413,29): error TS2339: Property 'designation' does not exist on type '{}'.
src/frontend/Admin/AD_Edit_Faculty.tsx(413,87): error TS2339: Property 'designation' does not exist on type '{}'.
src/frontend/Admin/AD_Edit_Faculty.tsx(435,64): error TS2339: Property 'department' does not exist on type '{}'.
src/frontend/Admin/AD_Edit_Faculty.tsx(442,43): error TS2339: Property '_id' does not exist on type 'never'.
src/frontend/Admin/AD_Edit_Faculty.tsx(442,60): error TS2339: Property 'branch' does not exist on type 'never'.
src/frontend/Admin/AD_Edit_Faculty.tsx(443,33): error TS2339: Property 'branch' does not exist on type 'never'.
src/frontend/Admin/AD_Edit_Faculty.tsx(443,46): error TS2339: Property 'deptCode' does not exist on type 'never'.
src/frontend/Admin/AD_Edit_Faculty.tsx(443,67): error TS2339: Property 'deptCode' does not exist on type 'never'.
src/frontend/Admin/AD_Edit_Faculty.tsx(446,80): error TS2339: Property 'branch' does not exist on type 'never'.
src/frontend/Admin/AD_Edit_Faculty.tsx(450,29): error TS2339: Property 'department' does not exist on type '{}'.
src/frontend/Admin/AD_Edit_Faculty.tsx(450,86): error TS2339: Property 'department' does not exist on type '{}'.
src/frontend/Admin/AD_Edit_Faculty.tsx(460,64): error TS2339: Property 'staffId' does not exist on type '{}'.
src/frontend/Admin/AD_Edit_Faculty.tsx(463,29): error TS2339: Property 'staffId' does not exist on type '{}'.
src/frontend/Admin/AD_Edit_Faculty.tsx(463,83): error TS2339: Property 'staffId' does not exist on type '{}'.
src/frontend/Admin/AD_Event_and_Reunion_Flyer.tsx(11,43): error TS7031: Binding element 'onLogout' implicitly has an 'any' type.
src/frontend/Admin/AD_Event_and_Reunion_Flyer.tsx(73,46): error TS2339: Property 'startsWith' does not exist on type 'never'.
src/frontend/Admin/AD_Event_and_Reunion_Flyer.tsx(81,11): error TS2339: Property 'eventName' does not exist on type 'never'.
src/frontend/Admin/AD_Event_and_Reunion_Flyer.tsx(90,33): error TS7006: Parameter 'dateValue' implicitly has an 'any' type.
src/frontend/Admin/AD_Event_and_Reunion_Flyer.tsx(123,18): error TS2322: Type '{ name: any; email: any; }' is not assignable to type 'never'.
src/frontend/Admin/AD_Event_and_Reunion_Flyer.tsx(134,24): error TS2345: Argument of type 'string' is not assignable to parameter of type 'SetStateAction<null>'.
src/frontend/Admin/AD_Event_and_Reunion_Flyer.tsx(137,22): error TS2345: Argument of type 'string' is not assignable to parameter of type 'SetStateAction<null>'.
src/frontend/Admin/AD_Event_and_Reunion_Flyer.tsx(147,36): error TS18047: 'user' is possibly 'null'.
src/frontend/Admin/AD_Event_and_Reunion_Flyer.tsx(162,30): error TS7006: Parameter 'eventId' implicitly has an 'any' type.
src/frontend/Admin/AD_Event_and_Reunion_Flyer.tsx(163,46): error TS2339: Property '_id' does not exist on type 'never'.
src/frontend/Admin/AD_Event_and_Reunion_Flyer.tsx(165,40): error TS2339: Property 'eventName' does not exist on type 'never'.
src/frontend/Admin/AD_Event_and_Reunion_Flyer.tsx(167,48): error TS2339: Property 'eventDate' does not exist on type 'never'.
src/frontend/Admin/AD_Event_and_Reunion_Flyer.tsx(170,36): error TS2339: Property 'venue' does not exist on type 'never'.
src/frontend/Admin/AD_Event_and_Reunion_Flyer.tsx(172,25): error TS2339: Property 'eventTime' does not exist on type 'never'.
src/frontend/Admin/AD_Event_and_Reunion_Flyer.tsx(173,41): error TS2339: Property 'organizer' does not exist on type 'never'.
src/frontend/Admin/AD_Event_and_Reunion_Flyer.tsx(180,31): error TS7006: Parameter 'e' implicitly has an 'any' type.
src/frontend/Admin/AD_Event_and_Reunion_Flyer.tsx(189,48): error TS18047: 'ev.target' is possibly 'null'.
src/frontend/Admin/AD_Event_and_Reunion_Flyer.tsx(189,48): error TS2345: Argument of type 'string | ArrayBuffer | null' is not assignable to parameter of type 'SetStateAction<null>'.
  Type 'string' is not assignable to type 'SetStateAction<null>'.
src/frontend/Admin/AD_Event_and_Reunion_Flyer.tsx(195,29): error TS7006: Parameter 'e' implicitly has an 'any' type.
src/frontend/Admin/AD_Event_and_Reunion_Flyer.tsx(204,46): error TS18047: 'ev.target' is possibly 'null'.
src/frontend/Admin/AD_Event_and_Reunion_Flyer.tsx(204,46): error TS2345: Argument of type 'string | ArrayBuffer | null' is not assignable to parameter of type 'SetStateAction<null>'.
  Type 'string' is not assignable to type 'SetStateAction<null>'.
src/frontend/Admin/AD_Event_and_Reunion_Flyer.tsx(210,37): error TS7006: Parameter 'e' implicitly has an 'any' type.
src/frontend/Admin/AD_Event_and_Reunion_Flyer.tsx(223,36): error TS18047: 'user' is possibly 'null'.
src/frontend/Admin/AD_Event_and_Reunion_Flyer.tsx(233,13): error TS18046: 'err' is of type 'unknown'.
src/frontend/Admin/AD_Event_and_Reunion_Flyer.tsx(263,36): error TS18047: 'user' is possibly 'null'.
src/frontend/Admin/AD_Event_and_Reunion_Flyer.tsx(274,13): error TS18046: 'err' is of type 'unknown'.
src/frontend/Admin/AD_Event_and_Reunion_Flyer.tsx(281,39): error TS7006: Parameter 'e' implicitly has an 'any' type.
src/frontend/Admin/AD_Event_and_Reunion_Flyer.tsx(287,11): error TS18046: 'file' is of type 'unknown'.
src/frontend/Admin/AD_Event_and_Reunion_Flyer.tsx(288,23): error TS18046: 'file' is of type 'unknown'.
src/frontend/Admin/AD_Event_and_Reunion_Flyer.tsx(295,22): error TS18047: 'ev.target' is possibly 'null'.
src/frontend/Admin/AD_Event_and_Reunion_Flyer.tsx(297,28): error TS2345: Argument of type 'unknown' is not assignable to parameter of type 'Blob'.
src/frontend/Admin/AD_Event_and_Reunion_Flyer.tsx(301,15): error TS18046: 'file' is of type 'unknown'.
src/frontend/Admin/AD_Event_and_Reunion_Flyer.tsx(314,24): error TS18047: 'ev.target' is possibly 'null'.
src/frontend/Admin/AD_Event_and_Reunion_Flyer.tsx(317,32): error TS2345: Argument of type 'unknown' is not assignable to parameter of type 'Blob'.
src/frontend/Admin/AD_Event_and_Reunion_Flyer.tsx(322,28): error TS2345: Argument of type '(prev: never[]) => unknown[]' is not assignable to parameter of type 'SetStateAction<never[]>'.
  Type '(prev: never[]) => unknown[]' is not assignable to type '(prevState: never[]) => never[]'.
    Type 'unknown[]' is not assignable to type 'never[]'.
      Type 'unknown' is not assignable to type 'never'.
src/frontend/Admin/AD_Event_and_Reunion_Flyer.tsx(332,37): error TS7006: Parameter 'mode' implicitly has an 'any' type.
src/frontend/Admin/AD_Event_and_Reunion_Flyer.tsx(337,37): error TS2339: Property 'name' does not exist on type 'never'.
src/frontend/Admin/AD_Event_and_Reunion_Flyer.tsx(339,22): error TS2339: Property 'profilePhoto' does not exist on type 'never'.
src/frontend/Admin/AD_Event_and_Reunion_Flyer.tsx(340,37): error TS2339: Property 'profilePhoto' does not exist on type 'never'.
src/frontend/Admin/AD_Event_and_Reunion_Flyer.tsx(341,24): error TS2339: Property 'profilePhoto' does not exist on type 'never'.
src/frontend/Admin/AD_Event_and_Reunion_Flyer.tsx(342,38): error TS2339: Property 'profilePhoto' does not exist on type 'never'.
src/frontend/Admin/AD_Event_and_Reunion_Flyer.tsx(348,44): error TS7006: Parameter 'e' implicitly has an 'any' type.
src/frontend/Admin/AD_Event_and_Reunion_Flyer.tsx(352,22): error TS2345: Argument of type '"Event name is required"' is not assignable to parameter of type 'SetStateAction<null>'.
src/frontend/Admin/AD_Event_and_Reunion_Flyer.tsx(356,22): error TS2345: Argument of type '"Guest name is required"' is not assignable to parameter of type 'SetStateAction<null>'.
src/frontend/Admin/AD_Event_and_Reunion_Flyer.tsx(360,22): error TS2345: Argument of type '"Please upload a template image"' is not assignable to parameter of type 'SetStateAction<null>'.
src/frontend/Admin/AD_Event_and_Reunion_Flyer.tsx(371,73): error TS2339: Property 'file' does not exist on type 'never'.
src/frontend/Admin/AD_Event_and_Reunion_Flyer.tsx(384,36): error TS18047: 'user' is possibly 'null'.
src/frontend/Admin/AD_Event_and_Reunion_Flyer.tsx(396,27): error TS2345: Argument of type 'string' is not assignable to parameter of type 'SetStateAction<null>'.
src/frontend/Admin/AD_Event_and_Reunion_Flyer.tsx(400,36): error TS18047: 'user' is possibly 'null'.
src/frontend/Admin/AD_Event_and_Reunion_Flyer.tsx(411,20): error TS2345: Argument of type 'Blob' is not assignable to parameter of type 'SetStateAction<null>'.
  Type 'Blob' provides no match for the signature '(prevState: null): null'.
src/frontend/Admin/AD_Event_and_Reunion_Flyer.tsx(412,26): error TS2345: Argument of type '(currentUrl: null) => string' is not assignable to parameter of type 'SetStateAction<null>'.
  Type 'string' is not assignable to type 'null'.
src/frontend/Admin/AD_Event_and_Reunion_Flyer.tsx(413,38): error TS2339: Property 'startsWith' does not exist on type 'never'.
src/frontend/Admin/AD_Event_and_Reunion_Flyer.tsx(420,22): error TS18046: 'err' is of type 'unknown'.
src/frontend/Admin/AD_Event_and_Reunion_Flyer.tsx(445,22): error TS2345: Argument of type '"Failed to download flyer"' is not assignable to parameter of type 'SetStateAction<null>'.
src/frontend/Admin/AD_Event_and_Reunion_Flyer.tsx(450,40): error TS7006: Parameter 'e' implicitly has an 'any' type.
src/frontend/Admin/AD_Event_and_Reunion_Flyer.tsx(565,48): error TS2531: Object is possibly 'null'.
src/frontend/Admin/AD_Event_and_Reunion_Flyer.tsx(584,44): error TS2531: Object is possibly 'null'.
src/frontend/Admin/AD_Event_and_Reunion_Flyer.tsx(611,48): error TS2531: Object is possibly 'null'.
src/frontend/Admin/AD_Event_and_Reunion_Flyer.tsx(629,44): error TS2531: Object is possibly 'null'.
src/frontend/Admin/AD_Event_and_Reunion_Flyer.tsx(658,23): error TS2322: Type 'string' is not assignable to type 'number'.
src/frontend/Admin/AD_Event_and_Reunion_Flyer.tsx(699,50): error TS2339: Property 'preview' does not exist on type 'never'.
src/frontend/Admin/AD_Event_and_Reunion_Flyer.tsx(707,40): error TS2531: Object is possibly 'null'.
src/frontend/Admin/AD_Event_and_Reunion_Flyer.tsx(736,56): error TS2339: Property 'name' does not exist on type 'never'.
src/frontend/Admin/AD_Event_and_Reunion_Flyer.tsx(738,41): error TS2339: Property 'profilePhoto' does not exist on type 'never'.
src/frontend/Admin/AD_Event_and_Reunion_Flyer.tsx(739,56): error TS2339: Property 'profilePhoto' does not exist on type 'never'.
src/frontend/Admin/AD_Event_and_Reunion_Flyer.tsx(740,43): error TS2339: Property 'profilePhoto' does not exist on type 'never'.
src/frontend/Admin/AD_Event_and_Reunion_Flyer.tsx(741,57): error TS2339: Property 'profilePhoto' does not exist on type 'never'.
src/frontend/Admin/AD_Event_and_Reunion_Flyer.tsx(758,36): error TS2339: Property 'name' does not exist on type 'never'.
src/frontend/Admin/AD_Event_and_Reunion_Flyer.tsx(800,42): error TS2339: Property '_id' does not exist on type 'never'.
src/frontend/Admin/AD_Event_and_Reunion_Flyer.tsx(803,57): error TS2339: Property '_id' does not exist on type 'never'.
src/frontend/Admin/AD_Event_and_Reunion_Flyer.tsx(814,89): error TS2339: Property 'eventName' does not exist on type 'never'.
src/frontend/Admin/AD_Event_and_Reunion_Flyer.tsx(816,49): error TS2339: Property 'eventDate' does not exist on type 'never'.
src/frontend/Admin/AD_Event_and_Reunion_Flyer.tsx(816,91): error TS2339: Property 'venue' does not exist on type 'never'.
src/frontend/Admin/AD_Event_and_Reunion_Flyer.tsx(876,24): error TS2741: Property 'name' is missing in type '{ theme: string; id: string; className: string; value: string; onChange: (e: any) => void; defaultToToday: true; }' but required in type '{ [x: string]: any; value: any; onChange: any; theme?: string | undefined; className?: string | undefined; id: any; name: any; placeholder?: string | undefined; defaultToToday?: boolean | undefined; yearRange?: string | undefined; }'.
src/frontend/Admin/AD_Event_and_Reunion_Flyer.tsx(881,36): error TS7006: Parameter 'e' implicitly has an 'any' type.
src/frontend/Admin/AD_Event_and_Reunion_Form1.tsx(9,43): error TS7031: Binding element 'onLogout' implicitly has an 'any' type.
src/frontend/Admin/AD_Event_and_Reunion_Form1.tsx(57,62): error TS2339: Property '_id' does not exist on type 'never'.
src/frontend/Admin/AD_Event_and_Reunion_Form1.tsx(61,33): error TS7006: Parameter 'event' implicitly has an 'any' type.
src/frontend/Admin/AD_Event_and_Reunion_Form1.tsx(62,55): error TS2339: Property 'contains' does not exist on type 'never'.
src/frontend/Admin/AD_Event_and_Reunion_Form1.tsx(71,30): error TS7006: Parameter 'deptId' implicitly has an 'any' type.
src/frontend/Admin/AD_Event_and_Reunion_Form1.tsx(72,31): error TS2345: Argument of type 'any' is not assignable to parameter of type 'never'.
src/frontend/Admin/AD_Event_and_Reunion_Form1.tsx(75,24): error TS2322: Type 'any' is not assignable to type 'never'.
src/frontend/Admin/AD_Event_and_Reunion_Form1.tsx(75,41): error TS2322: Type 'any' is not assignable to type 'never'.
src/frontend/Admin/AD_Event_and_Reunion_Form1.tsx(82,73): error TS2345: Argument of type 'any' is not assignable to parameter of type 'never'.
src/frontend/Admin/AD_Event_and_Reunion_Form1.tsx(82,75): error TS2339: Property '_id' does not exist on type 'never'.
src/frontend/Admin/AD_Event_and_Reunion_Form1.tsx(83,37): error TS2339: Property 'deptCode' does not exist on type 'never'.
src/frontend/Admin/AD_Event_and_Reunion_Form1.tsx(86,35): error TS7006: Parameter 'e' implicitly has an 'any' type.
src/frontend/Admin/AD_Event_and_Reunion_Form1.tsx(89,38): error TS2339: Property 'eventName' does not exist on type '{}'.
src/frontend/Admin/AD_Event_and_Reunion_Form1.tsx(90,31): error TS2339: Property 'eventDate' does not exist on type '{}'.
src/frontend/Admin/AD_Event_and_Reunion_Form1.tsx(91,31): error TS2339: Property 'eventTime' does not exist on type '{}'.
src/frontend/Admin/AD_Event_and_Reunion_Form1.tsx(92,34): error TS2339: Property 'venue' does not exist on type '{}'.
src/frontend/Admin/AD_Event_and_Reunion_Form1.tsx(93,31): error TS2339: Property 'organizer' does not exist on type '{}'.
src/frontend/Admin/AD_Event_and_Reunion_Form1.tsx(176,60): error TS2339: Property 'eventName' does not exist on type '{}'.
src/frontend/Admin/AD_Event_and_Reunion_Form1.tsx(181,25): error TS2339: Property 'eventName' does not exist on type '{}'.
src/frontend/Admin/AD_Event_and_Reunion_Form1.tsx(181,81): error TS2339: Property 'eventName' does not exist on type '{}'.
src/frontend/Admin/AD_Event_and_Reunion_Form1.tsx(190,62): error TS2339: Property 'eventDate' does not exist on type '{}'.
src/frontend/Admin/AD_Event_and_Reunion_Form1.tsx(194,27): error TS2339: Property 'eventDate' does not exist on type '{}'.
src/frontend/Admin/AD_Event_and_Reunion_Form1.tsx(194,83): error TS2339: Property 'eventDate' does not exist on type '{}'.
src/frontend/Admin/AD_Event_and_Reunion_Form1.tsx(213,60): error TS2339: Property 'eventTime' does not exist on type '{}'.
src/frontend/Admin/AD_Event_and_Reunion_Form1.tsx(217,25): error TS2339: Property 'eventTime' does not exist on type '{}'.
src/frontend/Admin/AD_Event_and_Reunion_Form1.tsx(217,81): error TS2339: Property 'eventTime' does not exist on type '{}'.
src/frontend/Admin/AD_Event_and_Reunion_Form1.tsx(225,60): error TS2339: Property 'venue' does not exist on type '{}'.
src/frontend/Admin/AD_Event_and_Reunion_Form1.tsx(230,25): error TS2339: Property 'venue' does not exist on type '{}'.
src/frontend/Admin/AD_Event_and_Reunion_Form1.tsx(230,77): error TS2339: Property 'venue' does not exist on type '{}'.
src/frontend/Admin/AD_Event_and_Reunion_Form1.tsx(237,81): error TS2339: Property 'organizer' does not exist on type '{}'.
src/frontend/Admin/AD_Event_and_Reunion_Form1.tsx(246,39): error TS2339: Property '_id' does not exist on type 'never'.
src/frontend/Admin/AD_Event_and_Reunion_Form1.tsx(246,56): error TS2339: Property '_id' does not exist on type 'never'.
src/frontend/Admin/AD_Event_and_Reunion_Form1.tsx(247,29): error TS2339: Property 'branch' does not exist on type 'never'.
src/frontend/Admin/AD_Event_and_Reunion_Form1.tsx(247,44): error TS2339: Property 'deptCode' does not exist on type 'never'.
src/frontend/Admin/AD_Event_and_Reunion_Form1.tsx(251,25): error TS2339: Property 'organizer' does not exist on type '{}'.
src/frontend/Admin/AD_Event_and_Reunion_Form1.tsx(251,81): error TS2339: Property 'organizer' does not exist on type '{}'.
src/frontend/Admin/AD_Event_and_Reunion_Form1.tsx(272,42): error TS2339: Property '_id' does not exist on type 'never'.
src/frontend/Admin/AD_Event_and_Reunion_Form1.tsx(275,60): error TS2345: Argument of type 'any' is not assignable to parameter of type 'never'.
src/frontend/Admin/AD_Event_and_Reunion_Form1.tsx(275,65): error TS2339: Property '_id' does not exist on type 'never'.
src/frontend/Admin/AD_Event_and_Reunion_Form1.tsx(276,68): error TS2339: Property '_id' does not exist on type 'never'.
src/frontend/Admin/AD_Event_and_Reunion_Form1.tsx(279,39): error TS2339: Property 'branch' does not exist on type 'never'.
src/frontend/Admin/AD_Event_and_Reunion_Form1.tsx(279,54): error TS2339: Property 'deptCode' does not exist on type 'never'.
src/frontend/Admin/AD_Event_and_Reunion_History.tsx(9,21): error TS7006: Parameter 'dateString' implicitly has an 'any' type.
src/frontend/Admin/AD_Event_and_Reunion_History.tsx(14,21): error TS7006: Parameter 'timeStr' implicitly has an 'any' type.
src/frontend/Admin/AD_Event_and_Reunion_History.tsx(22,30): error TS7006: Parameter 'status' implicitly has an 'any' type.
src/frontend/Admin/AD_Event_and_Reunion_History.tsx(31,44): error TS7031: Binding element 'onLogout' implicitly has an 'any' type.
src/frontend/Admin/AD_Event_and_Reunion_History.tsx(43,18): error TS2345: Argument of type '"Please login to view events"' is not assignable to parameter of type 'SetStateAction<null>'.
src/frontend/Admin/AD_Event_and_Reunion_History.tsx(62,48): error TS7006: Parameter 'event' implicitly has an 'any' type.
src/frontend/Admin/AD_Event_and_Reunion_History.tsx(67,51): error TS7006: Parameter 'co' implicitly has an 'any' type.
src/frontend/Admin/AD_Event_and_Reunion_History.tsx(78,18): error TS18046: 'err' is of type 'unknown'.
src/frontend/Admin/AD_Event_and_Reunion_History.tsx(91,28): error TS7006: Parameter 'page' implicitly has an 'any' type.
src/frontend/Admin/AD_Event_and_Reunion_History.tsx(180,37): error TS2339: Property 'id' does not exist on type 'never'.
src/frontend/Admin/AD_Event_and_Reunion_History.tsx(183,91): error TS2339: Property 'status' does not exist on type 'never'.
src/frontend/Admin/AD_Event_and_Reunion_History.tsx(184,32): error TS2339: Property 'status' does not exist on type 'never'.
src/frontend/Admin/AD_Event_and_Reunion_History.tsx(188,64): error TS2339: Property 'title' does not exist on type 'never'.
src/frontend/Admin/AD_Event_and_Reunion_History.tsx(191,32): error TS2339: Property 'organizer' does not exist on type 'never'.
src/frontend/Admin/AD_Event_and_Reunion_History.tsx(191,51): error TS2339: Property 'organizerCode' does not exist on type 'never'.
src/frontend/Admin/AD_Event_and_Reunion_History.tsx(196,34): error TS2339: Property 'date' does not exist on type 'never'.
src/frontend/Admin/AD_Event_and_Reunion_History.tsx(196,48): error TS2339: Property 'day' does not exist on type 'never'.
src/frontend/Admin/AD_Event_and_Reunion_History.tsx(200,34): error TS2339: Property 'time' does not exist on type 'never'.
src/frontend/Admin/AD_Event_and_Reunion_History.tsx(205,134): error TS2339: Property 'id' does not exist on type 'never'.
src/frontend/Admin/AD_Event_and_Reunion_Invitation.tsx(9,47): error TS7031: Binding element 'onLogout' implicitly has an 'any' type.
src/frontend/Admin/AD_Event_and_Reunion_Invitation.tsx(42,18): error TS2345: Argument of type '"Please login to view event details"' is not assignable to parameter of type 'SetStateAction<null>'.
src/frontend/Admin/AD_Event_and_Reunion_Invitation.tsx(63,47): error TS7006: Parameter 'co' implicitly has an 'any' type.
src/frontend/Admin/AD_Event_and_Reunion_Invitation.tsx(67,20): error TS2345: Argument of type '"Event not found"' is not assignable to parameter of type 'SetStateAction<null>'.
src/frontend/Admin/AD_Event_and_Reunion_Invitation.tsx(79,18): error TS18046: 'err' is of type 'unknown'.
src/frontend/Admin/AD_Event_and_Reunion_Invitation.tsx(99,33): error TS7006: Parameter 'event' implicitly has an 'any' type.
src/frontend/Admin/AD_Event_and_Reunion_Invitation.tsx(100,55): error TS2339: Property 'contains' does not exist on type 'never'.
src/frontend/Admin/AD_Event_and_Reunion_Invitation.tsx(109,62): error TS2339: Property '_id' does not exist on type 'never'.
src/frontend/Admin/AD_Event_and_Reunion_Invitation.tsx(112,30): error TS7006: Parameter 'deptId' implicitly has an 'any' type.
src/frontend/Admin/AD_Event_and_Reunion_Invitation.tsx(113,31): error TS2345: Argument of type 'any' is not assignable to parameter of type 'never'.
src/frontend/Admin/AD_Event_and_Reunion_Invitation.tsx(116,24): error TS2322: Type 'any' is not assignable to type 'never'.
src/frontend/Admin/AD_Event_and_Reunion_Invitation.tsx(116,41): error TS2322: Type 'any' is not assignable to type 'never'.
src/frontend/Admin/AD_Event_and_Reunion_Invitation.tsx(123,73): error TS2345: Argument of type 'any' is not assignable to parameter of type 'never'.
src/frontend/Admin/AD_Event_and_Reunion_Invitation.tsx(123,75): error TS2339: Property '_id' does not exist on type 'never'.
src/frontend/Admin/AD_Event_and_Reunion_Invitation.tsx(124,37): error TS2339: Property 'deptCode' does not exist on type 'never'.
src/frontend/Admin/AD_Event_and_Reunion_Invitation.tsx(140,36): error TS18047: 'user' is possibly 'null'.
src/frontend/Admin/AD_Event_and_Reunion_Invitation.tsx(179,45): error TS18047: 'user' is possibly 'null'.
src/frontend/Admin/AD_Event_and_Reunion_Invitation.tsx(199,26): error TS2339: Property 'eventName' does not exist on type 'never'.
src/frontend/Admin/AD_Event_and_Reunion_Invitation.tsx(200,26): error TS2339: Property 'eventDate' does not exist on type 'never'.
src/frontend/Admin/AD_Event_and_Reunion_Invitation.tsx(201,25): error TS2339: Property 'eventDay' does not exist on type 'never'.
src/frontend/Admin/AD_Event_and_Reunion_Invitation.tsx(202,26): error TS2339: Property 'eventTime' does not exist on type 'never'.
src/frontend/Admin/AD_Event_and_Reunion_Invitation.tsx(203,22): error TS2339: Property 'venue' does not exist on type 'never'.
src/frontend/Admin/AD_Event_and_Reunion_Invitation.tsx(204,26): error TS2339: Property 'organizer' does not exist on type 'never'.
src/frontend/Admin/AD_Event_and_Reunion_Invitation.tsx(205,29): error TS2339: Property 'coOrganizers' does not exist on type 'never'.
src/frontend/Admin/AD_Event_and_Reunion_Invitation.tsx(205,47): error TS7006: Parameter 'co' implicitly has an 'any' type.
src/frontend/Admin/AD_Event_and_Reunion_Invitation.tsx(206,23): error TS2339: Property 'status' does not exist on type 'never'.
src/frontend/Admin/AD_Event_and_Reunion_Invitation.tsx(212,36): error TS7006: Parameter 'e' implicitly has an 'any' type.
src/frontend/Admin/AD_Event_and_Reunion_Invitation.tsx(225,11): error TS7034: Variable 'invalidFiles' implicitly has type 'any[]' in some locations where its type cannot be determined.
src/frontend/Admin/AD_Event_and_Reunion_Invitation.tsx(226,11): error TS7034: Variable 'oversizedFiles' implicitly has type 'any[]' in some locations where its type cannot be determined.
src/frontend/Admin/AD_Event_and_Reunion_Invitation.tsx(229,23): error TS18046: 'file' is of type 'unknown'.
src/frontend/Admin/AD_Event_and_Reunion_Invitation.tsx(229,86): error TS18046: 'file' is of type 'unknown'.
src/frontend/Admin/AD_Event_and_Reunion_Invitation.tsx(232,27): error TS18046: 'file' is of type 'unknown'.
src/frontend/Admin/AD_Event_and_Reunion_Invitation.tsx(235,11): error TS18046: 'file' is of type 'unknown'.
src/frontend/Admin/AD_Event_and_Reunion_Invitation.tsx(236,29): error TS18046: 'file' is of type 'unknown'.
src/frontend/Admin/AD_Event_and_Reunion_Invitation.tsx(241,40): error TS7005: Variable 'invalidFiles' implicitly has an 'any[]' type.
src/frontend/Admin/AD_Event_and_Reunion_Invitation.tsx(246,33): error TS7005: Variable 'oversizedFiles' implicitly has an 'any[]' type.
src/frontend/Admin/AD_Event_and_Reunion_Invitation.tsx(253,33): error TS2769: No overload matches this call.
  Overload 1 of 3, '(name: string, value: string | Blob): void', gave the following error.
    Argument of type 'unknown' is not assignable to parameter of type 'string | Blob'.
  Overload 2 of 3, '(name: string, value: string): void', gave the following error.
    Argument of type 'unknown' is not assignable to parameter of type 'string'.
  Overload 3 of 3, '(name: string, blobValue: Blob, filename?: string | undefined): void', gave the following error.
    Argument of type 'unknown' is not assignable to parameter of type 'Blob'.
src/frontend/Admin/AD_Event_and_Reunion_Invitation.tsx(260,36): error TS18047: 'user' is possibly 'null'.
src/frontend/Admin/AD_Event_and_Reunion_Invitation.tsx(267,19): error TS2345: Argument of type 'any[]' is not assignable to parameter of type 'SetStateAction<never[]>'.
  Type 'any[]' is not assignable to type 'never[]'.
    Type 'any' is not assignable to type 'never'.
src/frontend/Admin/AD_Event_and_Reunion_Invitation.tsx(280,36): error TS7006: Parameter 'photoId' implicitly has an 'any' type.
src/frontend/Admin/AD_Event_and_Reunion_Invitation.tsx(289,36): error TS18047: 'user' is possibly 'null'.
src/frontend/Admin/AD_Event_and_Reunion_Invitation.tsx(305,28): error TS7006: Parameter 'photoId' implicitly has an 'any' type.
src/frontend/Admin/AD_Event_and_Reunion_Invitation.tsx(305,37): error TS7006: Parameter 'e' implicitly has an 'any' type.
src/frontend/Admin/AD_Event_and_Reunion_Invitation.tsx(341,20): error TS2345: Argument of type '{ type: string; images: never[]; }[]' is not assignable to parameter of type 'SetStateAction<never[]>'.
  Type '{ type: string; images: never[]; }[]' is not assignable to type 'never[]'.
    Type '{ type: string; images: never[]; }' is not assignable to type 'never'.
src/frontend/Admin/AD_Event_and_Reunion_Invitation.tsx(384,82): error TS2339: Property 'eventName' does not exist on type 'never'.
src/frontend/Admin/AD_Event_and_Reunion_Invitation.tsx(476,39): error TS2339: Property '_id' does not exist on type 'never'.
src/frontend/Admin/AD_Event_and_Reunion_Invitation.tsx(476,56): error TS2339: Property '_id' does not exist on type 'never'.
src/frontend/Admin/AD_Event_and_Reunion_Invitation.tsx(477,29): error TS2339: Property 'branch' does not exist on type 'never'.
src/frontend/Admin/AD_Event_and_Reunion_Invitation.tsx(477,44): error TS2339: Property 'deptCode' does not exist on type 'never'.
src/frontend/Admin/AD_Event_and_Reunion_Invitation.tsx(502,44): error TS2339: Property '_id' does not exist on type 'never'.
src/frontend/Admin/AD_Event_and_Reunion_Invitation.tsx(505,62): error TS2345: Argument of type 'any' is not assignable to parameter of type 'never'.
src/frontend/Admin/AD_Event_and_Reunion_Invitation.tsx(505,67): error TS2339: Property '_id' does not exist on type 'never'.
src/frontend/Admin/AD_Event_and_Reunion_Invitation.tsx(506,70): error TS2339: Property '_id' does not exist on type 'never'.
src/frontend/Admin/AD_Event_and_Reunion_Invitation.tsx(509,41): error TS2339: Property 'branch' does not exist on type 'never'.
src/frontend/Admin/AD_Event_and_Reunion_Invitation.tsx(509,56): error TS2339: Property 'deptCode' does not exist on type 'never'.
src/frontend/Admin/AD_Event_and_Reunion_Invitation.tsx(519,34): error TS2339: Property 'coOrganizers' does not exist on type 'never'.
src/frontend/Admin/AD_Event_and_Reunion_Invitation.tsx(519,52): error TS7006: Parameter 'co' implicitly has an 'any' type.
src/frontend/Admin/AD_Event_and_Reunion_Invitation.tsx(586,91): error TS2339: Property 'type' does not exist on type 'never'.
src/frontend/Admin/AD_Event_and_Reunion_Invitation.tsx(587,30): error TS2339: Property 'images' does not exist on type 'never'.
src/frontend/Admin/AD_Event_and_Reunion_Invitation.tsx(587,42): error TS7006: Parameter 'photoId' implicitly has an 'any' type.
src/frontend/Admin/AD_Event_and_Reunion_Invitation.tsx(595,79): error TS2339: Property 'src' does not exist on type 'EventTarget'.
src/frontend/Admin/AD_Feedback.tsx(9,21): error TS7006: Parameter 'dateString' implicitly has an 'any' type.
src/frontend/Admin/AD_Feedback.tsx(14,27): error TS7031: Binding element 'onLogout' implicitly has an 'any' type.
src/frontend/Admin/AD_Feedback.tsx(24,18): error TS2345: Argument of type '"Please login to view feedbacks"' is not assignable to parameter of type 'SetStateAction<null>'.
src/frontend/Admin/AD_Feedback.tsx(43,53): error TS7006: Parameter 'fb' implicitly has an 'any' type.
src/frontend/Admin/AD_Feedback.tsx(52,18): error TS18046: 'err' is of type 'unknown'.
src/frontend/Admin/AD_Feedback.tsx(103,34): error TS2339: Property 'id' does not exist on type 'never'.
src/frontend/Admin/AD_Feedback.tsx(105,63): error TS2339: Property 'name' does not exist on type 'never'.
src/frontend/Admin/AD_Feedback.tsx(106,65): error TS2339: Property 'quote' does not exist on type 'never'.
src/frontend/Admin/AD_Feedback.tsx(109,64): error TS2339: Property 'date' does not exist on type 'never'.
src/frontend/Admin/AD_Feedback.tsx(110,113): error TS2339: Property 'id' does not exist on type 'never'.
src/frontend/Admin/AD_Feedback_Form.tsx(12,21): error TS7006: Parameter 'dateString' implicitly has an 'any' type.
src/frontend/Admin/AD_Feedback_Form.tsx(17,32): error TS7031: Binding element 'onLogout' implicitly has an 'any' type.
src/frontend/Admin/AD_Feedback_Form.tsx(29,18): error TS2345: Argument of type '"Please login to view feedback details"' is not assignable to parameter of type 'SetStateAction<null>'.
src/frontend/Admin/AD_Feedback_Form.tsx(51,18): error TS18046: 'err' is of type 'unknown'.
src/frontend/Admin/AD_Feedback_Form.tsx(132,24): error TS2339: Property 'visionIV' does not exist on type 'never'.
src/frontend/Admin/AD_Feedback_Form.tsx(133,25): error TS2339: Property 'visionIV' does not exist on type 'never'.
src/frontend/Admin/AD_Feedback_Form.tsx(138,24): error TS2339: Property 'missionIM' does not exist on type 'never'.
src/frontend/Admin/AD_Feedback_Form.tsx(139,25): error TS2339: Property 'missionIM' does not exist on type 'never'.
src/frontend/Admin/AD_Feedback_Form.tsx(144,24): error TS2339: Property 'visionDV' does not exist on type 'never'.
src/frontend/Admin/AD_Feedback_Form.tsx(145,25): error TS2339: Property 'visionDV' does not exist on type 'never'.
src/frontend/Admin/AD_Feedback_Form.tsx(150,24): error TS2339: Property 'missionDM' does not exist on type 'never'.
src/frontend/Admin/AD_Feedback_Form.tsx(151,25): error TS2339: Property 'missionDM' does not exist on type 'never'.
src/frontend/Admin/AD_Feedback_Form.tsx(156,24): error TS2339: Property 'peos' does not exist on type 'never'.
src/frontend/Admin/AD_Feedback_Form.tsx(157,25): error TS2339: Property 'peos' does not exist on type 'never'.
src/frontend/Admin/AD_Feedback_Form.tsx(161,33): error TS2339: Property 'signature' does not exist on type 'never'.
src/frontend/Admin/AD_Feedback_Form.tsx(161,88): error TS2339: Property 'signature' does not exist on type 'never'.
src/frontend/Admin/AD_Feedback_Form.tsx(190,63): error TS2339: Property 'reviewedBy' does not exist on type 'never'.
src/frontend/Admin/AD_Feedback_Form.tsx(190,86): error TS2339: Property 'submittedBy' does not exist on type 'never'.
src/frontend/Admin/AD_Feedback_Form.tsx(194,74): error TS2339: Property 'date' does not exist on type 'never'.
src/frontend/Admin/AD_Feedback_Form.tsx(278,23): error TS2322: Type 'string' is not assignable to type 'number'.
src/frontend/Admin/AD_Feedback_Form.tsx(292,74): error TS2339: Property 'submittedBy' does not exist on type 'never'.
src/frontend/Admin/AD_Job_and_Reference.tsx(9,36): error TS7031: Binding element 'onLogout' implicitly has an 'any' type.
src/frontend/Admin/AD_Job_and_Reference.tsx(20,18): error TS2345: Argument of type '"Please login to view job references"' is not assignable to parameter of type 'SetStateAction<null>'.
src/frontend/Admin/AD_Job_and_Reference.tsx(41,18): error TS18046: 'err' is of type 'unknown'.
src/frontend/Admin/AD_Job_and_Reference.tsx(51,9): error TS2339: Property 'companyName' does not exist on type 'never'.
src/frontend/Admin/AD_Job_and_Reference.tsx(52,9): error TS2339: Property 'role' does not exist on type 'never'.
src/frontend/Admin/AD_Job_and_Reference.tsx(60,36): error TS18047: 'user' is possibly 'null'.
src/frontend/Admin/AD_Job_and_Reference.tsx(73,16): error TS18046: 'err' is of type 'unknown'.
src/frontend/Admin/AD_Job_and_Reference.tsx(79,24): error TS7006: Parameter 'name' implicitly has an 'any' type.
src/frontend/Admin/AD_Job_and_Reference.tsx(81,32): error TS7006: Parameter 'word' implicitly has an 'any' type.
src/frontend/Admin/AD_Job_and_Reference.tsx(154,29): error TS2339: Property '_id' does not exist on type 'never'.
src/frontend/Admin/AD_Job_and_Reference.tsx(159,40): error TS2339: Property 'companyName' does not exist on type 'never'.
src/frontend/Admin/AD_Job_and_Reference.tsx(164,122): error TS2339: Property 'companyName' does not exist on type 'never'.
src/frontend/Admin/AD_Job_and_Reference.tsx(165,105): error TS2339: Property 'role' does not exist on type 'never'.
src/frontend/Admin/AD_Job_and_Reference.tsx(169,82): error TS2339: Property '_id' does not exist on type 'never'.
src/frontend/Admin/AD_Job_and_Reference.tsx(183,51): error TS2339: Property 'style' does not exist on type 'EventTarget'.
src/frontend/Admin/AD_Job_and_Reference.tsx(184,51): error TS2339: Property 'style' does not exist on type 'EventTarget'.
src/frontend/Admin/AD_Mail.tsx(9,38): error TS7031: Binding element 'onLogout' implicitly has an 'any' type.
src/frontend/Admin/AD_Mail.tsx(68,23): error TS7006: Parameter 'dateString' implicitly has an 'any' type.
src/frontend/Admin/AD_Mail.tsx(71,31): error TS2362: The left-hand side of an arithmetic operation must be of type 'any', 'number', 'bigint' or an enum type.
src/frontend/Admin/AD_Mail.tsx(71,37): error TS2363: The right-hand side of an arithmetic operation must be of type 'any', 'number', 'bigint' or an enum type.
src/frontend/Admin/AD_Mail.tsx(83,35): error TS7006: Parameter 'dominantStatus' implicitly has an 'any' type.
src/frontend/Admin/AD_Mail.tsx(95,34): error TS7006: Parameter 'dominantStatus' implicitly has an 'any' type.
src/frontend/Admin/AD_Mail.tsx(109,10): error TS2339: Property 'title' does not exist on type 'never'.
src/frontend/Admin/AD_Mail.tsx(110,10): error TS2339: Property 'content' does not exist on type 'never'.
src/frontend/Admin/AD_Mail.tsx(111,10): error TS2339: Property 'senderName' does not exist on type 'never'.
src/frontend/Admin/AD_Mail.tsx(168,32): error TS2339: Property '_id' does not exist on type 'never'.
src/frontend/Admin/AD_Mail.tsx(168,97): error TS2339: Property 'dominantStatus' does not exist on type 'never'.
src/frontend/Admin/AD_Mail.tsx(172,67): error TS2339: Property 'senderName' does not exist on type 'never'.
src/frontend/Admin/AD_Mail.tsx(175,31): error TS2339: Property 'content' does not exist on type 'never'.
src/frontend/Admin/AD_Mail.tsx(176,34): error TS2339: Property 'content' does not exist on type 'never'.
src/frontend/Admin/AD_Mail.tsx(177,34): error TS2339: Property 'content' does not exist on type 'never'.
src/frontend/Admin/AD_Mail.tsx(181,74): error TS2339: Property 'createdAt' does not exist on type 'never'.
src/frontend/Admin/AD_Mail.tsx(183,85): error TS2339: Property 'dominantStatus' does not exist on type 'never'.
src/frontend/Admin/AD_Mail.tsx(186,42): error TS2339: Property '_id' does not exist on type 'never'.
src/frontend/Admin/AD_Profile.tsx(10,26): error TS7031: Binding element 'onLogout' implicitly has an 'any' type.
src/frontend/Admin/AD_Profile.tsx(166,34): error TS2345: Argument of type 'string' is not assignable to parameter of type 'SetStateAction<null>'.
src/frontend/Admin/AD_Profile.tsx(170,26): error TS2345: Argument of type 'string' is not assignable to parameter of type 'SetStateAction<null>'.
src/frontend/Admin/AD_Profile.tsx(174,28): error TS2345: Argument of type 'string' is not assignable to parameter of type 'SetStateAction<null>'.
src/frontend/Admin/AD_Profile.tsx(211,24): error TS7006: Parameter 'type' implicitly has an 'any' type.
src/frontend/Admin/AD_Profile.tsx(211,30): error TS7006: Parameter 'text' implicitly has an 'any' type.
src/frontend/Admin/AD_Profile.tsx(216,32): error TS7006: Parameter 'field' implicitly has an 'any' type.
src/frontend/Admin/AD_Profile.tsx(216,39): error TS7006: Parameter 'value' implicitly has an 'any' type.
src/frontend/Admin/AD_Profile.tsx(223,16): error TS7053: Element implicitly has an 'any' type because expression of type 'any' can't be used to index type '{ registerNumber: string; name: string; username: string; email: string; mobile: string; dateOfBirth: string; degree: string; branch: string; presentAddress: { street: string; city: string; state: string; pincode: string; }; permanentAddress: { ...; }; designation: string; profilePhoto: null; instituteDetails: { ......'.
src/frontend/Admin/AD_Profile.tsx(472,37): error TS7006: Parameter 'field' implicitly has an 'any' type.
src/frontend/Admin/AD_Profile.tsx(473,52): error TS7053: Element implicitly has an 'any' type because expression of type 'any' can't be used to index type '{ old: boolean; new: boolean; confirm: boolean; resetNew: boolean; resetConfirm: boolean; }'.
src/frontend/Admin/AD_Profile.tsx(476,36): error TS7006: Parameter 'checked' implicitly has an 'any' type.
src/frontend/Admin/AD_Profile.tsx(499,36): error TS7006: Parameter 'file' implicitly has an 'any' type.
src/frontend/Admin/AD_Profile.tsx(499,42): error TS7006: Parameter 'type' implicitly has an 'any' type.
src/frontend/Admin/AD_Profile.tsx(535,39): error TS7006: Parameter 'newProfileData' implicitly has an 'any' type.
src/frontend/Admin/AD_Profile.tsx(536,11): error TS7034: Variable 'imagesToDelete' implicitly has type 'any[]' in some locations where its type cannot be determined.
src/frontend/Admin/AD_Profile.tsx(554,27): error TS7005: Variable 'imagesToDelete' implicitly has an 'any[]' type.
src/frontend/Admin/AD_Profile.tsx(565,37): error TS7006: Parameter 'e' implicitly has an 'any' type.
src/frontend/Admin/AD_Profile.tsx(574,51): error TS18047: 'e.target' is possibly 'null'.
src/frontend/Admin/AD_Profile.tsx(574,51): error TS2345: Argument of type 'string | ArrayBuffer | null' is not assignable to parameter of type 'SetStateAction<null>'.
  Type 'string' is not assignable to type 'SetStateAction<null>'.
src/frontend/Admin/AD_Profile.tsx(579,29): error TS7006: Parameter 'e' implicitly has an 'any' type.
src/frontend/Admin/AD_Profile.tsx(587,43): error TS18047: 'e.target' is possibly 'null'.
src/frontend/Admin/AD_Profile.tsx(587,43): error TS2345: Argument of type 'string | ArrayBuffer | null' is not assignable to parameter of type 'SetStateAction<null>'.
  Type 'string' is not assignable to type 'SetStateAction<null>'.
src/frontend/Admin/AD_Profile.tsx(592,31): error TS7006: Parameter 'e' implicitly has an 'any' type.
src/frontend/Admin/AD_Profile.tsx(600,45): error TS18047: 'e.target' is possibly 'null'.
src/frontend/Admin/AD_Profile.tsx(600,45): error TS2345: Argument of type 'string | ArrayBuffer | null' is not assignable to parameter of type 'SetStateAction<null>'.
  Type 'string' is not assignable to type 'SetStateAction<null>'.
src/frontend/Admin/AD_Profile.tsx(605,30): error TS7006: Parameter 'type' implicitly has an 'any' type.
src/frontend/Admin/AD_Profile.tsx(613,60): error TS2339: Property 'value' does not exist on type 'never'.
src/frontend/Admin/AD_Profile.tsx(620,44): error TS2339: Property 'value' does not exist on type 'never'.
src/frontend/Admin/AD_Profile.tsx(627,48): error TS2339: Property 'value' does not exist on type 'never'.
src/frontend/Admin/AD_Profile.tsx(632,34): error TS7006: Parameter 'field' implicitly has an 'any' type.
src/frontend/Admin/AD_Profile.tsx(632,41): error TS7006: Parameter 'value' implicitly has an 'any' type.
src/frontend/Admin/AD_Profile.tsx(712,67): error TS2339: Property 'click' does not exist on type 'never'.
src/frontend/Admin/AD_Profile.tsx(988,72): error TS2339: Property 'click' does not exist on type 'never'.
src/frontend/Admin/AD_Profile.tsx(1004,59): error TS2339: Property 'click' does not exist on type 'never'.
src/frontend/Admin/AD_Profile.tsx(1040,74): error TS2339: Property 'click' does not exist on type 'never'.
src/frontend/Admin/AD_Profile.tsx(1056,61): error TS2339: Property 'click' does not exist on type 'never'.
src/frontend/Admin/AD_View_Alumni.tsx(23,21): error TS7006: Parameter 'dateString' implicitly has an 'any' type.
src/frontend/Admin/AD_View_Alumni.tsx(29,24): error TS7006: Parameter 'address' implicitly has an 'any' type.
src/frontend/Admin/AD_View_Alumni.tsx(35,30): error TS7031: Binding element 'onLogout' implicitly has an 'any' type.
src/frontend/Admin/AD_View_Alumni.tsx(48,18): error TS2345: Argument of type '"Please login to view alumni details"' is not assignable to parameter of type 'SetStateAction<null>'.
src/frontend/Admin/AD_View_Alumni.tsx(73,18): error TS18046: 'err' is of type 'unknown'.
src/frontend/Admin/AD_View_Alumni.tsx(99,36): error TS18047: 'user' is possibly 'null'.
src/frontend/Admin/AD_View_Alumni.tsx(112,41): error TS18046: 'err' is of type 'unknown'.
src/frontend/Admin/AD_View_Alumni.tsx(167,37): error TS2339: Property 'name' does not exist on type 'never'.
src/frontend/Admin/AD_View_Alumni.tsx(168,31): error TS2339: Property 'yearFrom' does not exist on type 'never'.
src/frontend/Admin/AD_View_Alumni.tsx(168,56): error TS2339: Property 'yearTo' does not exist on type 'never'.
src/frontend/Admin/AD_View_Alumni.tsx(191,29): error TS2339: Property 'profilePhoto' does not exist on type 'never'.
src/frontend/Admin/AD_View_Alumni.tsx(194,34): error TS2339: Property 'profilePhoto' does not exist on type 'never'.
src/frontend/Admin/AD_View_Alumni.tsx(195,38): error TS2339: Property 'profilePhoto' does not exist on type 'never'.
src/frontend/Admin/AD_View_Alumni.tsx(196,38): error TS2339: Property 'profilePhoto' does not exist on type 'never'.
src/frontend/Admin/AD_View_Alumni.tsx(197,58): error TS2339: Property 'profilePhoto' does not exist on type 'never'.
src/frontend/Admin/AD_View_Alumni.tsx(198,70): error TS2339: Property 'profilePhoto' does not exist on type 'never'.
src/frontend/Admin/AD_View_Alumni.tsx(200,37): error TS2339: Property 'name' does not exist on type 'never'.
src/frontend/Admin/AD_View_Alumni.tsx(203,81): error TS2339: Property 'profilePhoto' does not exist on type 'never'.
src/frontend/Admin/AD_View_Alumni.tsx(213,35): error TS2339: Property 'name' does not exist on type 'never'.
src/frontend/Admin/AD_View_Alumni.tsx(214,66): error TS2339: Property 'isActive' does not exist on type 'never'.
src/frontend/Admin/AD_View_Alumni.tsx(215,33): error TS2339: Property 'isActive' does not exist on type 'never'.
src/frontend/Admin/AD_View_Alumni.tsx(217,31): error TS2339: Property 'placementType' does not exist on type 'never'.
src/frontend/Admin/AD_View_Alumni.tsx(219,35): error TS2339: Property 'placementType' does not exist on type 'never'.
src/frontend/Admin/AD_View_Alumni.tsx(223,63): error TS2339: Property 'designation' does not exist on type 'never'.
src/frontend/Admin/AD_View_Alumni.tsx(224,62): error TS2339: Property 'branch' does not exist on type 'never'.
src/frontend/Admin/AD_View_Alumni.tsx(228,58): error TS2339: Property 'email' does not exist on type 'never'.
src/frontend/Admin/AD_View_Alumni.tsx(230,31): error TS2339: Property 'presentAddress' does not exist on type 'never'.
src/frontend/Admin/AD_View_Alumni.tsx(232,61): error TS2339: Property 'presentAddress' does not exist on type 'never'.
src/frontend/Admin/AD_View_Alumni.tsx(235,31): error TS2339: Property 'presentAddress' does not exist on type 'never'.
src/frontend/Admin/AD_View_Alumni.tsx(237,76): error TS2339: Property 'presentAddress' does not exist on type 'never'.
src/frontend/Admin/AD_View_Alumni.tsx(255,68): error TS2339: Property 'registerNumber' does not exist on type 'never'.
src/frontend/Admin/AD_View_Alumni.tsx(259,68): error TS2339: Property 'fatherName' does not exist on type 'never'.
src/frontend/Admin/AD_View_Alumni.tsx(263,79): error TS2339: Property 'dob' does not exist on type 'never'.
src/frontend/Admin/AD_View_Alumni.tsx(267,68): error TS2339: Property 'email' does not exist on type 'never'.
src/frontend/Admin/AD_View_Alumni.tsx(271,68): error TS2339: Property 'maritalStatus' does not exist on type 'never'.
src/frontend/Admin/AD_View_Alumni.tsx(273,31): error TS2339: Property 'maritalStatus' does not exist on type 'never'.
src/frontend/Admin/AD_View_Alumni.tsx(273,73): error TS2339: Property 'spouseDetails' does not exist on type 'never'.
src/frontend/Admin/AD_View_Alumni.tsx(277,72): error TS2339: Property 'spouseDetails' does not exist on type 'never'.
src/frontend/Admin/AD_View_Alumni.tsx(281,72): error TS2339: Property 'spouseDetails' does not exist on type 'never'.
src/frontend/Admin/AD_View_Alumni.tsx(285,72): error TS2339: Property 'spouseDetails' does not exist on type 'never'.
src/frontend/Admin/AD_View_Alumni.tsx(301,68): error TS2339: Property 'degree' does not exist on type 'never'.
src/frontend/Admin/AD_View_Alumni.tsx(305,68): error TS2339: Property 'branch' does not exist on type 'never'.
src/frontend/Admin/AD_View_Alumni.tsx(324,49): error TS2339: Property 'presentAddress' does not exist on type 'never'.
src/frontend/Admin/AD_View_Alumni.tsx(325,35): error TS2339: Property 'presentAddress' does not exist on type 'never'.
src/frontend/Admin/AD_View_Alumni.tsx(325,86): error TS2339: Property 'presentAddress' does not exist on type 'never'.
src/frontend/Admin/AD_View_Alumni.tsx(331,49): error TS2339: Property 'permanentAddress' does not exist on type 'never'.
src/frontend/Admin/AD_View_Alumni.tsx(332,35): error TS2339: Property 'permanentAddress' does not exist on type 'never'.
src/frontend/Admin/AD_View_Alumni.tsx(332,88): error TS2339: Property 'permanentAddress' does not exist on type 'never'.
src/frontend/Admin/AD_View_Alumni.tsx(347,68): error TS2339: Property 'placementType' does not exist on type 'never'.
src/frontend/Admin/AD_View_Alumni.tsx(351,68): error TS2339: Property 'designation' does not exist on type 'never'.
src/frontend/Admin/AD_View_Alumni.tsx(355,68): error TS2339: Property 'companyAddress' does not exist on type 'never'.
src/frontend/Admin/AD_View_Alumni.tsx(357,31): error TS2339: Property 'employmentRemarks' does not exist on type 'never'.
src/frontend/Admin/AD_View_Alumni.tsx(360,70): error TS2339: Property 'employmentRemarks' does not exist on type 'never'.
src/frontend/Admin/AD_View_Alumni.tsx(367,27): error TS2339: Property 'isEntrepreneur' does not exist on type 'never'.
src/frontend/Admin/AD_View_Alumni.tsx(367,56): error TS2339: Property 'entrepreneurDetails' does not exist on type 'never'.
src/frontend/Admin/AD_View_Alumni.tsx(376,70): error TS2339: Property 'entrepreneurDetails' does not exist on type 'never'.
src/frontend/Admin/AD_View_Alumni.tsx(380,70): error TS2339: Property 'entrepreneurDetails' does not exist on type 'never'.
src/frontend/Admin/AD_View_Alumni.tsx(384,70): error TS2339: Property 'entrepreneurDetails' does not exist on type 'never'.
src/frontend/Admin/AD_View_Alumni.tsx(388,70): error TS2339: Property 'entrepreneurDetails' does not exist on type 'never'.
src/frontend/Admin/AD_View_Alumni.tsx(395,27): error TS2339: Property 'hasCompetitiveExams' does not exist on type 'never'.
src/frontend/Admin/AD_View_Alumni.tsx(395,61): error TS2339: Property 'competitiveExams' does not exist on type 'never'.
src/frontend/Admin/AD_View_Alumni.tsx(402,33): error TS2339: Property 'competitiveExams' does not exist on type 'never'.
src/frontend/Admin/AD_View_Alumni.tsx(402,55): error TS7006: Parameter 'exam' implicitly has an 'any' type.
src/frontend/Admin/AD_View_Alumni.tsx(402,61): error TS7006: Parameter 'index' implicitly has an 'any' type.
src/frontend/Admin/AD_View_Alumni.tsx(413,27): error TS2339: Property 'collegeQualifications' does not exist on type 'never'.
src/frontend/Admin/AD_View_Alumni.tsx(421,35): error TS2339: Property 'collegeQualifications' does not exist on type 'never'.
src/frontend/Admin/AD_View_Alumni.tsx(421,62): error TS7006: Parameter 'qual' implicitly has an 'any' type.
src/frontend/Admin/AD_View_Alumni.tsx(421,68): error TS7006: Parameter 'index' implicitly has an 'any' type.
src/frontend/Admin/AD_View_Alumni.tsx(447,27): error TS2339: Property 'knownAlumni' does not exist on type 'never'.
src/frontend/Admin/AD_View_Alumni.tsx(455,35): error TS2339: Property 'knownAlumni' does not exist on type 'never'.
src/frontend/Admin/AD_View_Alumni.tsx(455,52): error TS7006: Parameter 'known' implicitly has an 'any' type.
src/frontend/Admin/AD_View_Alumni.tsx(455,59): error TS7006: Parameter 'index' implicitly has an 'any' type.
src/frontend/Admin/AD_View_Alumni.tsx(484,28): error TS2339: Property 'extraCurricular' does not exist on type 'never'.
src/frontend/Admin/AD_View_Alumni.tsx(484,58): error TS2339: Property 'otherInfo' does not exist on type 'never'.
src/frontend/Admin/AD_View_Alumni.tsx(491,33): error TS2339: Property 'extraCurricular' does not exist on type 'never'.
src/frontend/Admin/AD_View_Alumni.tsx(494,72): error TS2339: Property 'extraCurricular' does not exist on type 'never'.
src/frontend/Admin/AD_View_Alumni.tsx(497,33): error TS2339: Property 'otherInfo' does not exist on type 'never'.
src/frontend/Admin/AD_View_Alumni.tsx(500,72): error TS2339: Property 'otherInfo' does not exist on type 'never'.
src/frontend/Admin/AD_View_Department.tsx(10,35): error TS7031: Binding element 'onLogout' implicitly has an 'any' type.
src/frontend/Admin/AD_View_Department.tsx(33,18): error TS2345: Argument of type '"Please login to view department details"' is not assignable to parameter of type 'SetStateAction<null>'.
src/frontend/Admin/AD_View_Department.tsx(39,18): error TS2345: Argument of type '"Department code not provided"' is not assignable to parameter of type 'SetStateAction<null>'.
src/frontend/Admin/AD_View_Department.tsx(80,18): error TS18046: 'err' is of type 'unknown'.
src/frontend/Admin/AD_View_Department.tsx(91,61): error TS2339: Property 'designation' does not exist on type 'never'.
src/frontend/Admin/AD_View_Department.tsx(99,15): error TS2339: Property 'name' does not exist on type 'never'.
src/frontend/Admin/AD_View_Department.tsx(100,54): error TS2339: Property 'designation' does not exist on type 'never'.
src/frontend/Admin/AD_View_Department.tsx(114,35): error TS7006: Parameter 'e' implicitly has an 'any' type.
src/frontend/Admin/AD_View_Department.tsx(119,35): error TS7006: Parameter 'designation' implicitly has an 'any' type.
src/frontend/Admin/AD_View_Department.tsx(124,29): error TS7006: Parameter 'page' implicitly has an 'any' type.
src/frontend/Admin/AD_View_Department.tsx(135,28): error TS7006: Parameter 'staffId' implicitly has an 'any' type.
src/frontend/Admin/AD_View_Department.tsx(144,22): error TS2339: Property '_id' does not exist on type 'never'.
src/frontend/Admin/AD_View_Department.tsx(145,16): error TS2345: Argument of type '"Department information not available"' is not assignable to parameter of type 'SetStateAction<null>'.
src/frontend/Admin/AD_View_Department.tsx(150,16): error TS2345: Argument of type '"Please login to delete departments"' is not assignable to parameter of type 'SetStateAction<null>'.
src/frontend/Admin/AD_View_Department.tsx(158,78): error TS2339: Property '_id' does not exist on type 'never'.
src/frontend/Admin/AD_View_Department.tsx(174,16): error TS2345: Argument of type '"Error deleting department"' is not assignable to parameter of type 'SetStateAction<null>'.
src/frontend/Admin/AD_View_Department.tsx(202,45): error TS2339: Property 'branch' does not exist on type 'never'.
src/frontend/Admin/AD_View_Department.tsx(202,67): error TS2339: Property 'deptCode' does not exist on type 'never'.
src/frontend/Admin/AD_View_Department.tsx(290,36): error TS2339: Property '_id' does not exist on type 'never'.
src/frontend/Admin/AD_View_Department.tsx(294,66): error TS2339: Property 'name' does not exist on type 'never'.
src/frontend/Admin/AD_View_Department.tsx(296,67): error TS2339: Property 'designation' does not exist on type 'never'.
src/frontend/Admin/AD_View_Department.tsx(298,63): error TS2339: Property 'email' does not exist on type 'never'.
src/frontend/Admin/AD_View_Department.tsx(299,62): error TS2339: Property 'phone' does not exist on type 'never'.
src/frontend/Admin/AD_View_Department.tsx(304,66): error TS2339: Property '_id' does not exist on type 'never'.
src/frontend/Admin/AD_View_Department.tsx(315,27): error TS2322: Type 'string' is not assignable to type 'number'.
src/frontend/Admin/AD_View_Department.tsx(322,27): error TS2322: Type 'string' is not assignable to type 'number'.
src/frontend/Admin/AD_View_Donation.tsx(11,21): error TS7006: Parameter 'dateString' implicitly has an 'any' type.
src/frontend/Admin/AD_View_Donation.tsx(16,23): error TS7006: Parameter 'amount' implicitly has an 'any' type.
src/frontend/Admin/AD_View_Donation.tsx(20,32): error TS7031: Binding element 'onLogout' implicitly has an 'any' type.
src/frontend/Admin/AD_View_Donation.tsx(31,18): error TS2345: Argument of type '"Please login to view donation details"' is not assignable to parameter of type 'SetStateAction<null>'.
src/frontend/Admin/AD_View_Donation.tsx(53,18): error TS18046: 'err' is of type 'unknown'.
src/frontend/Admin/AD_View_Donation.tsx(64,27): error TS7006: Parameter 'status' implicitly has an 'any' type.
src/frontend/Admin/AD_View_Donation.tsx(87,39): error TS18047: 'donation' is possibly 'null'.
src/frontend/Admin/AD_View_Donation.tsx(91,13): error TS18046: 'err' is of type 'unknown'.
src/frontend/Admin/AD_View_Donation.tsx(135,44): error TS18047: 'donation' is possibly 'null'.
src/frontend/Admin/AD_View_Donation.tsx(219,82): error TS2339: Property 'status' does not exist on type 'never'.
src/frontend/Admin/AD_View_Donation.tsx(227,65): error TS2339: Property 'user' does not exist on type 'never'.
src/frontend/Admin/AD_View_Donation.tsx(232,65): error TS2339: Property 'user' does not exist on type 'never'.
src/frontend/Admin/AD_View_Donation.tsx(237,65): error TS2339: Property 'purpose' does not exist on type 'never'.
src/frontend/Admin/AD_View_Donation.tsx(252,69): error TS2339: Property 'razorpayOrderId' does not exist on type 'never'.
src/frontend/Admin/AD_View_Donation.tsx(257,69): error TS2339: Property 'razorpayPaymentId' does not exist on type 'never'.
src/frontend/Admin/AD_View_Donation.tsx(262,83): error TS2339: Property 'amount' does not exist on type 'never'.
src/frontend/Admin/AD_View_Donation.tsx(268,33): error TS2339: Property 'paidAt' does not exist on type 'never'.
src/frontend/Admin/AD_View_Donation.tsx(268,62): error TS2339: Property 'paidAt' does not exist on type 'never'.
src/frontend/Admin/AD_View_Donation.tsx(268,92): error TS2339: Property 'createdAt' does not exist on type 'never'.
src/frontend/Admin/AD_View_Faculty.tsx(18,21): error TS7006: Parameter 'dateString' implicitly has an 'any' type.
src/frontend/Admin/AD_View_Faculty.tsx(24,31): error TS7031: Binding element 'onLogout' implicitly has an 'any' type.
src/frontend/Admin/AD_View_Faculty.tsx(35,18): error TS2345: Argument of type '"Please login to view coordinator details"' is not assignable to parameter of type 'SetStateAction<null>'.
src/frontend/Admin/AD_View_Faculty.tsx(57,18): error TS18046: 'err' is of type 'unknown'.
src/frontend/Admin/AD_View_Faculty.tsx(85,36): error TS18047: 'user' is possibly 'null'.
src/frontend/Admin/AD_View_Faculty.tsx(98,46): error TS18046: 'err' is of type 'unknown'.
src/frontend/Admin/AD_View_Faculty.tsx(148,42): error TS2339: Property 'name' does not exist on type 'never'.
src/frontend/Admin/AD_View_Faculty.tsx(187,40): error TS2339: Property 'name' does not exist on type 'never'.
src/frontend/Admin/AD_View_Faculty.tsx(188,73): error TS2339: Property 'status' does not exist on type 'never'.
src/frontend/Admin/AD_View_Faculty.tsx(190,68): error TS2339: Property 'designation' does not exist on type 'never'.
src/frontend/Admin/AD_View_Faculty.tsx(191,67): error TS2339: Property 'department' does not exist on type 'never'.
src/frontend/Admin/AD_View_Faculty.tsx(195,63): error TS2339: Property 'email' does not exist on type 'never'.
src/frontend/Admin/AD_View_Faculty.tsx(198,64): error TS2339: Property 'phone' does not exist on type 'never'.
src/frontend/Admin/AD_View_Faculty.tsx(201,65): error TS2339: Property 'location' does not exist on type 'never'.
src/frontend/Admin/AD_View_Faculty.tsx(218,73): error TS2339: Property 'staffId' does not exist on type 'never'.
src/frontend/Admin/AD_View_Faculty.tsx(222,84): error TS2339: Property 'personalInfo' does not exist on type 'never'.
src/frontend/Admin/AD_View_Faculty.tsx(226,73): error TS2339: Property 'personalInfo' does not exist on type 'never'.
src/frontend/Admin/AD_View_Faculty.tsx(230,73): error TS2339: Property 'personalInfo' does not exist on type 'never'.
src/frontend/Admin/AD_View_Faculty.tsx(234,84): error TS2339: Property 'joinDate' does not exist on type 'never'.
src/frontend/Admin/AD_View_Faculty.tsx(238,73): error TS2339: Property 'personalInfo' does not exist on type 'never'.
src/frontend/Admin/AD_View_Job_and_Reference.tsx(10,21): error TS7006: Parameter 'dateString' implicitly has an 'any' type.
src/frontend/Admin/AD_View_Job_and_Reference.tsx(13,18): error TS2362: The left-hand side of an arithmetic operation must be of type 'any', 'number', 'bigint' or an enum type.
src/frontend/Admin/AD_View_Job_and_Reference.tsx(13,24): error TS2363: The right-hand side of an arithmetic operation must be of type 'any', 'number', 'bigint' or an enum type.
src/frontend/Admin/AD_View_Job_and_Reference.tsx(25,41): error TS7031: Binding element 'onLogout' implicitly has an 'any' type.
src/frontend/Admin/AD_View_Job_and_Reference.tsx(33,35): error TS7006: Parameter 'status' implicitly has an 'any' type.
src/frontend/Admin/AD_View_Job_and_Reference.tsx(47,18): error TS2345: Argument of type '"Please login to view job reference"' is not assignable to parameter of type 'SetStateAction<null>'.
src/frontend/Admin/AD_View_Job_and_Reference.tsx(53,18): error TS2345: Argument of type '"Job reference ID not provided"' is not assignable to parameter of type 'SetStateAction<null>'.
src/frontend/Admin/AD_View_Job_and_Reference.tsx(74,18): error TS18046: 'err' is of type 'unknown'.
src/frontend/Admin/AD_View_Job_and_Reference.tsx(122,12): error TS2741: Property 'onClick' is missing in type '{ to: string; }' but required in type '{ to: any; label?: string | undefined; className?: string | undefined; onClick: any; }'.
src/frontend/Admin/AD_View_Job_and_Reference.tsx(126,85): error TS2339: Property 'status' does not exist on type 'never'.
src/frontend/Admin/AD_View_Job_and_Reference.tsx(131,89): error TS2339: Property 'createdAt' does not exist on type 'never'.
src/frontend/Admin/AD_View_Job_and_Reference.tsx(133,101): error TS2339: Property 'status' does not exist on type 'never'.
src/frontend/Admin/AD_View_Job_and_Reference.tsx(133,170): error TS2339: Property 'status' does not exist on type 'never'.
src/frontend/Admin/AD_View_Job_and_Reference.tsx(134,33): error TS2339: Property 'status' does not exist on type 'never'.
src/frontend/Admin/AD_View_Job_and_Reference.tsx(143,33): error TS2339: Property 'submittedBy' does not exist on type 'never'.
src/frontend/Admin/AD_View_Job_and_Reference.tsx(145,41): error TS2339: Property 'submittedBy' does not exist on type 'never'.
src/frontend/Admin/AD_View_Job_and_Reference.tsx(146,41): error TS2339: Property 'submittedBy' does not exist on type 'never'.
src/frontend/Admin/AD_View_Job_and_Reference.tsx(150,34): error TS2339: Property 'submittedBy' does not exist on type 'never'.
src/frontend/Admin/AD_View_Job_and_Reference.tsx(152,37): error TS2339: Property 'submittedBy' does not exist on type 'never'.
src/frontend/Admin/AD_View_Job_and_Reference.tsx(157,67): error TS2339: Property 'submittedBy' does not exist on type 'never'.
src/frontend/Admin/AD_View_Job_and_Reference.tsx(158,66): error TS2339: Property 'submittedBy' does not exist on type 'never'.
src/frontend/Admin/AD_View_Job_and_Reference.tsx(160,57): error TS2339: Property 'submittedBy' does not exist on type 'never'.
src/frontend/Admin/AD_View_Job_and_Reference.tsx(175,35): error TS2339: Property 'companyName' does not exist on type 'never'.
src/frontend/Admin/AD_View_Job_and_Reference.tsx(183,35): error TS2339: Property 'role' does not exist on type 'never'.
src/frontend/Admin/AD_View_Job_and_Reference.tsx(191,35): error TS2339: Property 'targetBranch' does not exist on type 'never'.
src/frontend/Admin/AD_View_Job_and_Reference.tsx(199,42): error TS2339: Property 'vacancies' does not exist on type 'never'.
src/frontend/Admin/AD_View_Job_and_Reference.tsx(207,35): error TS2339: Property 'location' does not exist on type 'never'.
src/frontend/Admin/AD_View_Job_and_Reference.tsx(215,35): error TS2339: Property 'workMode' does not exist on type 'never'.
src/frontend/Admin/AD_ViewMail.tsx(10,27): error TS7031: Binding element 'onLogout' implicitly has an 'any' type.
src/frontend/Admin/AD_ViewMail.tsx(82,23): error TS7006: Parameter 'dateString' implicitly has an 'any' type.
src/frontend/Admin/AD_ViewMail.tsx(92,27): error TS7006: Parameter 'dateString' implicitly has an 'any' type.
src/frontend/Admin/AD_ViewMail.tsx(104,27): error TS7006: Parameter 'status' implicitly has an 'any' type.
src/frontend/Admin/AD_ViewMail.tsx(120,48): error TS2339: Property 'action' does not exist on type 'never'.
src/frontend/Admin/AD_ViewMail.tsx(127,36): error TS2339: Property 'action' does not exist on type 'never'.
src/frontend/Admin/AD_ViewMail.tsx(127,61): error TS2339: Property 'responseData' does not exist on type 'never'.
src/frontend/Admin/AD_ViewMail.tsx(133,34): error TS7006: Parameter 'recipient' implicitly has an 'any' type.
src/frontend/Admin/AD_ViewMail.tsx(141,20): error TS18047: 'mail' is possibly 'null'.
src/frontend/Admin/AD_ViewMail.tsx(141,52): error TS18047: 'mail' is possibly 'null'.
src/frontend/Admin/AD_ViewMail.tsx(142,20): error TS18047: 'mail' is possibly 'null'.
src/frontend/Admin/AD_ViewMail.tsx(143,20): error TS18047: 'mail' is possibly 'null'.
src/frontend/Admin/AD_ViewMail.tsx(144,24): error TS18047: 'mail' is possibly 'null'.
src/frontend/Admin/AD_ViewMail.tsx(154,15): error TS2339: Property 'responseData' does not exist on type 'never'.
src/frontend/Admin/AD_ViewMail.tsx(154,42): error TS2339: Property 'recipientEmail' does not exist on type 'never'.
src/frontend/Admin/AD_ViewMail.tsx(155,16): error TS2339: Property 'recipientEmail' does not exist on type 'never'.
src/frontend/Admin/AD_ViewMail.tsx(156,23): error TS2339: Property 'profilePhoto' does not exist on type 'never'.
src/frontend/Admin/AD_ViewMail.tsx(165,20): error TS18047: 'mail' is possibly 'null'.
src/frontend/Admin/AD_ViewMail.tsx(165,52): error TS18047: 'mail' is possibly 'null'.
src/frontend/Admin/AD_ViewMail.tsx(166,20): error TS18047: 'mail' is possibly 'null'.
src/frontend/Admin/AD_ViewMail.tsx(167,20): error TS18047: 'mail' is possibly 'null'.
src/frontend/Admin/AD_ViewMail.tsx(168,24): error TS18047: 'mail' is possibly 'null'.
src/frontend/Admin/AD_ViewMail.tsx(229,27): error TS2339: Property 'senderEmail' does not exist on type 'never'.
src/frontend/Admin/AD_ViewMail.tsx(239,27): error TS2339: Property 'senderName' does not exist on type 'never'.
src/frontend/Admin/AD_ViewMail.tsx(249,30): error TS2339: Property 'recipientCount' does not exist on type 'never'.
src/frontend/Admin/AD_ViewMail.tsx(249,62): error TS2339: Property 'recipientCount' does not exist on type 'never'.
src/frontend/Admin/AD_ViewMail.tsx(260,27): error TS2339: Property 'title' does not exist on type 'never'.
src/frontend/Admin/AD_ViewMail.tsx(265,75): error TS2339: Property 'createdAt' does not exist on type 'never'.
src/frontend/Admin/AD_ViewMail.tsx(269,64): error TS2339: Property 'isBroadcast' does not exist on type 'never'.
src/frontend/Admin/AD_ViewMail.tsx(274,61): error TS2339: Property 'content' does not exist on type 'never'.
src/frontend/Admin/AD_ViewMail.tsx(296,46): error TS2339: Property 'responseData' does not exist on type 'never'.
src/frontend/Admin/AD_ViewMail.tsx(296,80): error TS2339: Property 'recipientEmail' does not exist on type 'never'.
src/frontend/Admin/AD_ViewMail.tsx(297,47): error TS2339: Property 'recipientEmail' does not exist on type 'never'.
src/frontend/Admin/AD_ViewMail.tsx(298,54): error TS2339: Property 'profilePhoto' does not exist on type 'never'.
src/frontend/Admin/AD_ViewMail.tsx(338,37): error TS2339: Property 'recipientEmail' does not exist on type 'never'.
src/frontend/Admin/AD_ViewMail.tsx(346,68): error TS2339: Property 'action' does not exist on type 'never'.
src/frontend/Admin/AD_ViewMail.tsx(349,37): error TS2339: Property 'action' does not exist on type 'never'.
src/frontend/Admin/AD_ViewMail.tsx(353,33): error TS2339: Property 'action' does not exist on type 'never'.
src/frontend/Admin/AD_ViewMail.tsx(353,65): error TS2339: Property 'responseData' does not exist on type 'never'.
src/frontend/Admin/AD_ViewMail.tsx(361,41): error TS2339: Property 'responseData' does not exist on type 'never'.
src/frontend/Admin/AD_ViewMail.tsx(363,73): error TS2339: Property 'responseData' does not exist on type 'never'.
src/frontend/Admin/AD_ViewMail.tsx(366,41): error TS2339: Property 'responseData' does not exist on type 'never'.
src/frontend/Admin/AD_ViewMail.tsx(368,78): error TS2339: Property 'responseData' does not exist on type 'never'.
src/frontend/Admin/AD_ViewMail.tsx(371,41): error TS2339: Property 'responseData' does not exist on type 'never'.
src/frontend/Admin/AD_ViewMail.tsx(373,70): error TS2339: Property 'responseData' does not exist on type 'never'.
src/frontend/Admin/AD_ViewMail.tsx(376,41): error TS2339: Property 'responseData' does not exist on type 'never'.
src/frontend/Admin/AD_ViewMail.tsx(378,69): error TS2339: Property 'responseData' does not exist on type 'never'.
src/frontend/Admin/AD_ViewMail.tsx(378,113): error TS2339: Property 'responseData' does not exist on type 'never'.
src/frontend/Admin/AD_ViewMail.tsx(385,38): error TS2339: Property 'responseData' does not exist on type 'never'.
src/frontend/Admin/AD_ViewMail.tsx(385,75): error TS2339: Property 'responseData' does not exist on type 'never'.
src/frontend/Admin/AD_ViewMail.tsx(385,112): error TS2339: Property 'responseData' does not exist on type 'never'.
src/frontend/Admin/AD_ViewMail.tsx(385,151): error TS2339: Property 'responseData' does not exist on type 'never'.
src/frontend/Admin/AD_ViewMail.tsx(391,43): error TS2339: Property 'responseData' does not exist on type 'never'.
src/frontend/Admin/AD_ViewMail.tsx(393,77): error TS2339: Property 'responseData' does not exist on type 'never'.
src/frontend/Admin/AD_ViewMail.tsx(396,43): error TS2339: Property 'responseData' does not exist on type 'never'.
src/frontend/Admin/AD_ViewMail.tsx(398,73): error TS2339: Property 'responseData' does not exist on type 'never'.
src/frontend/Admin/AD_ViewMail.tsx(401,43): error TS2339: Property 'responseData' does not exist on type 'never'.
src/frontend/Admin/AD_ViewMail.tsx(403,80): error TS2339: Property 'responseData' does not exist on type 'never'.
src/frontend/Admin/AD_ViewMail.tsx(406,43): error TS2339: Property 'responseData' does not exist on type 'never'.
src/frontend/Admin/AD_ViewMail.tsx(408,74): error TS2339: Property 'responseData' does not exist on type 'never'.
src/frontend/Admin/AD_ViewMail.tsx(416,38): error TS2339: Property 'responseData' does not exist on type 'never'.
src/frontend/Admin/AD_ViewMail.tsx(416,78): error TS2339: Property 'responseData' does not exist on type 'never'.
src/frontend/Admin/AD_ViewMail.tsx(422,43): error TS2339: Property 'responseData' does not exist on type 'never'.
src/frontend/Admin/AD_ViewMail.tsx(424,73): error TS2339: Property 'responseData' does not exist on type 'never'.
src/frontend/Admin/AD_ViewMail.tsx(424,120): error TS2339: Property 'responseData' does not exist on type 'never'.
src/frontend/Admin/AD_ViewMail.tsx(425,47): error TS2339: Property 'responseData' does not exist on type 'never'.
src/frontend/Admin/AD_ViewMail.tsx(425,101): error TS2339: Property 'responseData' does not exist on type 'never'.
src/frontend/Admin/AD_ViewMail.tsx(428,43): error TS2339: Property 'responseData' does not exist on type 'never'.
src/frontend/Admin/AD_ViewMail.tsx(430,75): error TS2339: Property 'responseData' does not exist on type 'never'.
src/frontend/Admin/AD_ViewMail.tsx(430,124): error TS2339: Property 'responseData' does not exist on type 'never'.
src/frontend/Admin/AD_ViewMail.tsx(431,47): error TS2339: Property 'responseData' does not exist on type 'never'.
src/frontend/Admin/AD_ViewMail.tsx(431,103): error TS2339: Property 'responseData' does not exist on type 'never'.
src/frontend/Admin/AD_ViewMail.tsx(439,37): error TS2339: Property 'responseData' does not exist on type 'never'.
src/frontend/Admin/AD_ViewMail.tsx(439,84): error TS2339: Property 'responseData' does not exist on type 'never'.
src/frontend/Admin/AD_ViewMail.tsx(445,43): error TS2339: Property 'responseData' does not exist on type 'never'.
src/frontend/Admin/AD_ViewMail.tsx(445,83): error TS7006: Parameter 'qual' implicitly has an 'any' type.
src/frontend/Admin/AD_ViewMail.tsx(445,89): error TS7006: Parameter 'idx' implicitly has an 'any' type.
src/frontend/Admin/AD_ViewMail.tsx(457,37): error TS2339: Property 'responseData' does not exist on type 'never'.
src/frontend/Admin/AD_ViewMail.tsx(457,77): error TS2339: Property 'responseData' does not exist on type 'never'.
src/frontend/Admin/AD_ViewMail.tsx(463,43): error TS2339: Property 'responseData' does not exist on type 'never'.
src/frontend/Admin/AD_ViewMail.tsx(465,78): error TS2339: Property 'responseData' does not exist on type 'never'.
src/frontend/Admin/AD_ViewMail.tsx(468,43): error TS2339: Property 'responseData' does not exist on type 'never'.
src/frontend/Admin/AD_ViewMail.tsx(470,80): error TS2339: Property 'responseData' does not exist on type 'never'.
src/frontend/Admin/AD_ViewMail.tsx(473,43): error TS2339: Property 'responseData' does not exist on type 'never'.
src/frontend/Admin/AD_ViewMail.tsx(475,81): error TS2339: Property 'responseData' does not exist on type 'never'.
src/frontend/Admin/AD_ViewMail.tsx(478,43): error TS2339: Property 'responseData' does not exist on type 'never'.
src/frontend/Admin/AD_ViewMail.tsx(480,75): error TS2339: Property 'responseData' does not exist on type 'never'.
src/frontend/Admin/AD_ViewMail.tsx(489,33): error TS2339: Property 'action' does not exist on type 'never'.
src/frontend/Admin/AD_ViewMail.tsx(489,65): error TS2339: Property 'responseData' does not exist on type 'never'.
src/frontend/Admin/AD_ViewMail.tsx(499,65): error TS2339: Property 'responseData' does not exist on type 'never'.
src/frontend/Admin/AD_ViewMail.tsx(505,61): error TS2339: Property 'submittedAt' does not exist on type 'never'.
src/frontend/Admin/AD_ViewMail.tsx(533,40): error TS2339: Property 'responseData' does not exist on type 'never'.
src/frontend/Admin/AD_ViewMail.tsx(533,74): error TS2339: Property 'recipientEmail' does not exist on type 'never'.
src/frontend/Admin/AD_ViewMail.tsx(534,41): error TS2339: Property 'recipientEmail' does not exist on type 'never'.
src/frontend/Admin/AD_ViewMail.tsx(535,48): error TS2339: Property 'profilePhoto' does not exist on type 'never'.
src/frontend/Admin/AD_ViewMail.tsx(539,35): error TS2339: Property 'profilePhoto' does not exist on type 'never'.
src/frontend/Admin/AD_ViewMail.tsx(541,43): error TS2339: Property 'profilePhoto' does not exist on type 'never'.
src/frontend/Admin/AD_ViewMail.tsx(542,42): error TS2339: Property 'profilePhoto' does not exist on type 'never'.
src/frontend/Admin/AD_ViewMail.tsx(543,60): error TS2339: Property 'profilePhoto' does not exist on type 'never'.
src/frontend/Admin/AD_ViewMail.tsx(544,43): error TS2339: Property 'responseData' does not exist on type 'never'.
src/frontend/Admin/AD_ViewMail.tsx(547,44): error TS2339: Property 'responseData' does not exist on type 'never'.
src/frontend/Admin/AD_ViewMail.tsx(547,78): error TS2339: Property 'recipientEmail' does not exist on type 'never'.
src/frontend/Admin/AD_ViewMail.tsx(552,37): error TS2339: Property 'responseData' does not exist on type 'never'.
src/frontend/Admin/AD_ViewMail.tsx(552,71): error TS2339: Property 'recipientEmail' does not exist on type 'never'.
src/frontend/Admin/AD_ViewMail.tsx(554,72): error TS2339: Property 'recipientEmail' does not exist on type 'never'.
src/frontend/Admin/AD_ViewMail.tsx(555,35): error TS2339: Property 'responseData' does not exist on type 'never'.
src/frontend/Admin/AD_ViewMail.tsx(556,80): error TS2339: Property 'responseData' does not exist on type 'never'.
src/frontend/Admin/Components/Sidebar/Sidebar.tsx(7,35): error TS7031: Binding element 'onLogout' implicitly has an 'any' type.
src/frontend/Admin/Components/Sidebar/Sidebar.tsx(7,45): error TS7031: Binding element 'currentView' implicitly has an 'any' type.
src/frontend/Admin/Components/Sidebar/Sidebar.tsx(16,25): error TS7006: Parameter 'e' implicitly has an 'any' type.
src/frontend/Admin/Components/Sidebar/Sidebar.tsx(24,27): error TS7006: Parameter 'e' implicitly has an 'any' type.
src/frontend/Admin/Components/Sidebar/Sidebar.tsx(24,30): error TS7006: Parameter 'view' implicitly has an 'any' type.
src/frontend/Admin/Components/Sidebar/Sidebar.tsx(33,11): error TS2322: Type 'string | null' is not assignable to type 'string | undefined'.
  Type 'null' is not assignable to type 'string | undefined'.
src/frontend/Alumini/Al_Accept_Invitation.tsx(123,11): error TS18046: 'error' is of type 'unknown'.
src/frontend/Alumini/Al_Accept_Invitation.tsx(132,30): error TS7006: Parameter 'e' implicitly has an 'any' type.
src/frontend/Alumini/Al_Accept_Invitation.tsx(164,32): error TS7006: Parameter 'addressType' implicitly has an 'any' type.
src/frontend/Alumini/Al_Accept_Invitation.tsx(164,45): error TS7006: Parameter 'field' implicitly has an 'any' type.
src/frontend/Alumini/Al_Accept_Invitation.tsx(164,52): error TS7006: Parameter 'value' implicitly has an 'any' type.
src/frontend/Alumini/Al_Accept_Invitation.tsx(167,27): error TS7053: Element implicitly has an 'any' type because expression of type 'any' can't be used to index type '{ fullName: string; designation: string; companyName: string; mobileNo: string; personalEmail: string; officialEmail: string; location: string; startYear: string; endYear: string; presentAddress: { ...; }; permanentAddress: { ...; }; sameAsPermanent: boolean; isEntrepreneur: boolean; entrepreneurDetails: { ...; }; }'.
src/frontend/Alumini/Al_Accept_Invitation.tsx(172,30): error TS7006: Parameter 'checked' implicitly has an 'any' type.
src/frontend/Alumini/Al_Accept_Invitation.tsx(181,37): error TS7006: Parameter 'isEntrepreneur' implicitly has an 'any' type.
src/frontend/Alumini/Al_Accept_Invitation.tsx(192,31): error TS7006: Parameter 'parent' implicitly has an 'any' type.
src/frontend/Alumini/Al_Accept_Invitation.tsx(192,39): error TS7006: Parameter 'field' implicitly has an 'any' type.
src/frontend/Alumini/Al_Accept_Invitation.tsx(192,46): error TS7006: Parameter 'value' implicitly has an 'any' type.
src/frontend/Alumini/Al_Accept_Invitation.tsx(196,12): error TS7053: Element implicitly has an 'any' type because expression of type 'any' can't be used to index type '{ fullName: string; designation: string; companyName: string; mobileNo: string; personalEmail: string; officialEmail: string; location: string; startYear: string; endYear: string; presentAddress: { ...; }; permanentAddress: { ...; }; sameAsPermanent: boolean; isEntrepreneur: boolean; entrepreneurDetails: { ...; }; }'.
src/frontend/Alumini/Al_Accept_Invitation.tsx(210,35): error TS7006: Parameter 'id' implicitly has an 'any' type.
src/frontend/Alumini/Al_Accept_Invitation.tsx(216,38): error TS7006: Parameter 'id' implicitly has an 'any' type.
src/frontend/Alumini/Al_Accept_Invitation.tsx(216,42): error TS7006: Parameter 'field' implicitly has an 'any' type.
src/frontend/Alumini/Al_Accept_Invitation.tsx(216,49): error TS7006: Parameter 'value' implicitly has an 'any' type.
src/frontend/Alumini/Al_Accept_Invitation.tsx(227,47): error TS7053: Element implicitly has an 'any' type because expression of type 'string' can't be used to index type '{ fullName: string; designation: string; companyName: string; mobileNo: string; personalEmail: string; officialEmail: string; location: string; startYear: string; endYear: string; presentAddress: { ...; }; permanentAddress: { ...; }; sameAsPermanent: boolean; isEntrepreneur: boolean; entrepreneurDetails: { ...; }; }'.
  No index signature with a parameter of type 'string' was found on type '{ fullName: string; designation: string; companyName: string; mobileNo: string; personalEmail: string; officialEmail: string; location: string; startYear: string; endYear: string; presentAddress: { ...; }; permanentAddress: { ...; }; sameAsPermanent: boolean; isEntrepreneur: boolean; entrepreneurDetails: { ...; }; }'.
src/frontend/Alumini/Al_Accept_Invitation.tsx(275,19): error TS7053: Element implicitly has an 'any' type because expression of type 'string' can't be used to index type '{ organizationName: string; natureOfWork: string; annualTurnover: string; numberOfEmployees: string; }'.
  No index signature with a parameter of type 'string' was found on type '{ organizationName: string; natureOfWork: string; annualTurnover: string; numberOfEmployees: string; }'.
src/frontend/Alumini/Al_Accept_Invitation.tsx(285,16): error TS2345: Argument of type 'string' is not assignable to parameter of type 'SetStateAction<null>'.
src/frontend/Alumini/Al_Accept_Invitation.tsx(289,14): error TS2345: Argument of type '""' is not assignable to parameter of type 'SetStateAction<null>'.
src/frontend/Alumini/Al_Accept_Invitation.tsx(293,31): error TS7006: Parameter 'e' implicitly has an 'any' type.
src/frontend/Alumini/Al_Accept_Invitation.tsx(354,22): error TS2339: Property 'batchYear' does not exist on type '{ fullName: string; designation: string; companyName: string; mobileNo: string; personalEmail: string; officialEmail: string; location: string; name: string; presentAddress: { street: string; city: string; pinCode: string; mobile: string; }; permanentAddress: { ...; }; collegeQualifications: { ...; }[]; isEntreprene...'.
src/frontend/Alumini/Al_Accept_Invitation.tsx(385,20): error TS2345: Argument of type '"Login failed. Please try logging in manually."' is not assignable to parameter of type 'SetStateAction<null>'.
src/frontend/Alumini/Al_Accept_Invitation.tsx(394,11): error TS18046: 'error' is of type 'unknown'.
src/frontend/Alumini/Al_Accept_Invitation.tsx(395,18): error TS18046: 'error' is of type 'unknown'.
src/frontend/Alumini/Al_Accept_Invitation.tsx(396,18): error TS18046: 'error' is of type 'unknown'.
src/frontend/Alumini/Al_Accept_Invitation.tsx(397,18): error TS2345: Argument of type '"Request timed out. Please try again."' is not assignable to parameter of type 'SetStateAction<null>'.
src/frontend/Alumini/Al_Accept_Invitation.tsx(398,18): error TS18046: 'error' is of type 'unknown'.
src/frontend/Alumini/Al_Accept_Invitation.tsx(402,18): error TS2345: Argument of type '"Unable to submit your response. Please try again later."' is not assignable to parameter of type 'SetStateAction<null>'.
src/frontend/Alumini/Al_AcceptForm.tsx(58,16): error TS2345: Argument of type '"Unable to load invitation details"' is not assignable to parameter of type 'SetStateAction<null>'.
src/frontend/Alumini/Al_AcceptForm.tsx(62,30): error TS7006: Parameter 'e' implicitly has an 'any' type.
src/frontend/Alumini/Al_AcceptForm.tsx(95,47): error TS7053: Element implicitly has an 'any' type because expression of type 'string' can't be used to index type '{ fullName: string; designation: string; companyName: string; mobileNo: string; personalEmail: string; officialEmail: string; location: string; startYear: string; endYear: string; }'.
  No index signature with a parameter of type 'string' was found on type '{ fullName: string; designation: string; companyName: string; mobileNo: string; personalEmail: string; officialEmail: string; location: string; startYear: string; endYear: string; }'.
src/frontend/Alumini/Al_AcceptForm.tsx(98,16): error TS2345: Argument of type 'string' is not assignable to parameter of type 'SetStateAction<null>'.
src/frontend/Alumini/Al_AcceptForm.tsx(105,16): error TS2345: Argument of type '"Please enter a valid personal email address"' is not assignable to parameter of type 'SetStateAction<null>'.
src/frontend/Alumini/Al_AcceptForm.tsx(110,16): error TS2345: Argument of type '"Please enter a valid official email address"' is not assignable to parameter of type 'SetStateAction<null>'.
src/frontend/Alumini/Al_AcceptForm.tsx(117,16): error TS2345: Argument of type '"Please enter a valid mobile number"' is not assignable to parameter of type 'SetStateAction<null>'.
src/frontend/Alumini/Al_AcceptForm.tsx(124,31): error TS7006: Parameter 'e' implicitly has an 'any' type.
src/frontend/Alumini/Al_AcceptForm.tsx(147,22): error TS2339: Property 'batchYear' does not exist on type '{ fullName: string; designation: string; companyName: string; mobileNo: string; personalEmail: string; officialEmail: string; location: string; }'.
src/frontend/Alumini/Al_AcceptForm.tsx(172,11): error TS18046: 'error' is of type 'unknown'.
src/frontend/Alumini/Al_AcceptForm.tsx(173,18): error TS18046: 'error' is of type 'unknown'.
src/frontend/Alumini/Al_AcceptForm.tsx(174,18): error TS18046: 'error' is of type 'unknown'.
src/frontend/Alumini/Al_AcceptForm.tsx(175,18): error TS2345: Argument of type '"Request timed out. Please try again."' is not assignable to parameter of type 'SetStateAction<null>'.
src/frontend/Alumini/Al_AcceptForm.tsx(176,18): error TS18046: 'error' is of type 'unknown'.
src/frontend/Alumini/Al_AcceptForm.tsx(177,18): error TS2345: Argument of type '"This invitation link has expired or been used already"' is not assignable to parameter of type 'SetStateAction<null>'.
src/frontend/Alumini/Al_AcceptForm.tsx(179,18): error TS2345: Argument of type '"Unable to submit your response. Please try again later."' is not assignable to parameter of type 'SetStateAction<null>'.
src/frontend/Alumini/Al_AcceptForm.tsx(197,27): error TS2339: Property 'mail' does not exist on type 'never'.
src/frontend/Alumini/Al_AcceptForm.tsx(199,72): error TS2339: Property 'mail' does not exist on type 'never'.
src/frontend/Alumini/Al_AcceptForm.tsx(199,103): error TS2339: Property 'mail' does not exist on type 'never'.
src/frontend/Alumini/Al_AcceptForm.tsx(233,68): error TS2339: Property 'mail' does not exist on type 'never'.
src/frontend/Alumini/Al_AcceptForm.tsx(235,63): error TS2339: Property 'mail' does not exist on type 'never'.
src/frontend/Alumini/Al_AcceptForm.tsx(245,33): error TS2339: Property 'mail' does not exist on type 'never'.
src/frontend/Alumini/Al_AcceptForm.tsx(247,34): error TS2339: Property 'mail' does not exist on type 'never'.
src/frontend/Alumini/Al_Dashboard.tsx(6,45): error TS7031: Binding element 'onLogout' implicitly has an 'any' type.
src/frontend/Alumini/Al_Donation_Form.tsx(12,33): error TS7006: Parameter 'response' implicitly has an 'any' type.
src/frontend/Alumini/Al_Donation_Form.tsx(28,20): error TS2339: Property 'Razorpay' does not exist on type 'Window & typeof globalThis'.
src/frontend/Alumini/Al_Donation_Form.tsx(41,37): error TS7031: Binding element 'onLogout' implicitly has an 'any' type.
src/frontend/Alumini/Al_Donation_Form.tsx(101,25): error TS2339: Property 'Razorpay' does not exist on type 'Window & typeof globalThis'.
src/frontend/Alumini/Al_Donation_Form.tsx(116,33): error TS7006: Parameter 'response' implicitly has an 'any' type.
src/frontend/Alumini/Al_Donation_Form.tsx(140,31): error TS18046: 'error' is of type 'unknown'.
src/frontend/Alumini/Al_Donation_Form.tsx(156,49): error TS2339: Property 'Razorpay' does not exist on type 'Window & typeof globalThis'.
src/frontend/Alumini/Al_Donation_Form.tsx(157,52): error TS7006: Parameter 'error' implicitly has an 'any' type.
src/frontend/Alumini/Al_Donation_Form.tsx(166,19): error TS18046: 'error' is of type 'unknown'.
src/frontend/Alumini/Al_Donation_History.tsx(9,21): error TS7006: Parameter 'dateString' implicitly has an 'any' type.
src/frontend/Alumini/Al_Donation_History.tsx(14,23): error TS7006: Parameter 'amount' implicitly has an 'any' type.
src/frontend/Alumini/Al_Donation_History.tsx(18,20): error TS7006: Parameter 'status' implicitly has an 'any' type.
src/frontend/Alumini/Al_Donation_History.tsx(27,37): error TS7031: Binding element 'onLogout' implicitly has an 'any' type.
src/frontend/Alumini/Al_Donation_History.tsx(45,18): error TS2345: Argument of type '"Please login to view donation history"' is not assignable to parameter of type 'SetStateAction<null>'.
src/frontend/Alumini/Al_Donation_History.tsx(64,52): error TS7006: Parameter 'payment' implicitly has an 'any' type.
src/frontend/Alumini/Al_Donation_History.tsx(64,61): error TS7006: Parameter 'index' implicitly has an 'any' type.
src/frontend/Alumini/Al_Donation_History.tsx(80,53): error TS7006: Parameter 'p' implicitly has an 'any' type.
src/frontend/Alumini/Al_Donation_History.tsx(81,46): error TS7006: Parameter 'sum' implicitly has an 'any' type.
src/frontend/Alumini/Al_Donation_History.tsx(81,51): error TS7006: Parameter 'p' implicitly has an 'any' type.
src/frontend/Alumini/Al_Donation_History.tsx(86,18): error TS18046: 'err' is of type 'unknown'.
src/frontend/Alumini/Al_Donation_History.tsx(118,28): error TS7006: Parameter 'pageNumber' implicitly has an 'any' type.
src/frontend/Alumini/Al_Donation_History.tsx(122,37): error TS7006: Parameter 'row' implicitly has an 'any' type.
src/frontend/Alumini/Al_Donation_History.tsx(123,45): error TS2339: Property '_id' does not exist on type 'never'.
src/frontend/Alumini/Al_Donation_History.tsx(133,19): error TS2339: Property 'Razorpay' does not exist on type 'Window & typeof globalThis'.
src/frontend/Alumini/Al_Donation_History.tsx(152,33): error TS7006: Parameter 'payment' implicitly has an 'any' type.
src/frontend/Alumini/Al_Donation_History.tsx(154,12): error TS2591: Cannot find name 'process'. Do you need to install type definitions for node? Try `npm i --save-dev @types/node` and then add 'node' to the types field in your tsconfig.
src/frontend/Alumini/Al_Donation_History.tsx(161,15): error TS18047: 'user' is possibly 'null'.
src/frontend/Alumini/Al_Donation_History.tsx(162,16): error TS18047: 'user' is possibly 'null'.
src/frontend/Alumini/Al_Donation_History.tsx(164,23): error TS7006: Parameter 'response' implicitly has an 'any' type.
src/frontend/Alumini/Al_Donation_History.tsx(170,40): error TS18047: 'user' is possibly 'null'.
src/frontend/Alumini/Al_Donation_History.tsx(185,17): error TS18046: 'error' is of type 'unknown'.
src/frontend/Alumini/Al_Donation_History.tsx(198,41): error TS2339: Property 'Razorpay' does not exist on type 'Window & typeof globalThis'.
src/frontend/Alumini/Al_Donation_History.tsx(199,44): error TS7006: Parameter 'error' implicitly has an 'any' type.
src/frontend/Alumini/Al_Donation_History.tsx(206,38): error TS7006: Parameter 'row' implicitly has an 'any' type.
src/frontend/Alumini/Al_Donation_History.tsx(217,36): error TS18047: 'user' is possibly 'null'.
src/frontend/Alumini/Al_Donation_History.tsx(229,50): error TS2339: Property 'paymentId' does not exist on type 'never'.
src/frontend/Alumini/Al_Donation_History.tsx(230,49): error TS2339: Property '_id' does not exist on type 'never'.
src/frontend/Alumini/Al_Donation_History.tsx(233,13): error TS18046: 'error' is of type 'unknown'.
src/frontend/Alumini/Al_Donation_History.tsx(239,31): error TS7006: Parameter 'row' implicitly has an 'any' type.
src/frontend/Alumini/Al_Donation_History.tsx(240,45): error TS2339: Property '_id' does not exist on type 'never'.
src/frontend/Alumini/Al_Donation_History.tsx(242,56): error TS2698: Spread types may only be created from object types.
src/frontend/Alumini/Al_Donation_History.tsx(250,43): error TS2339: Property '_id' does not exist on type 'never'.
src/frontend/Alumini/Al_Donation_History.tsx(253,19): error TS2339: Property 'Razorpay' does not exist on type 'Window & typeof globalThis'.
src/frontend/Alumini/Al_Donation_History.tsx(372,63): error TS2339: Property 'id' does not exist on type 'never'.
src/frontend/Alumini/Al_Donation_History.tsx(373,66): error TS2339: Property 'cause' does not exist on type 'never'.
src/frontend/Alumini/Al_Donation_History.tsx(374,65): error TS2339: Property 'type' does not exist on type 'never'.
src/frontend/Alumini/Al_Donation_History.tsx(375,63): error TS2339: Property 'txId' does not exist on type 'never'.
src/frontend/Alumini/Al_Donation_History.tsx(376,67): error TS2339: Property 'amount' does not exist on type 'never'.
src/frontend/Alumini/Al_Donation_History.tsx(377,65): error TS2339: Property 'date' does not exist on type 'never'.
src/frontend/Alumini/Al_Donation_History.tsx(379,91): error TS2339: Property 'status' does not exist on type 'never'.
src/frontend/Alumini/Al_Donation_History.tsx(381,38): error TS2339: Property 'status' does not exist on type 'never'.
src/frontend/Alumini/Al_Donation_History.tsx(400,29): error TS2322: Type 'string' is not assignable to type 'number'.
src/frontend/Alumini/Al_Donation_History.tsx(464,81): error TS2339: Property 'purpose' does not exist on type 'never'.
src/frontend/Alumini/Al_Donation_History.tsx(471,58): error TS2339: Property 'amount' does not exist on type 'never'.
src/frontend/Alumini/Al_Donation_History.tsx(478,92): error TS2339: Property 'createdAt' does not exist on type 'never'.
src/frontend/Alumini/Al_Donation_History.tsx(485,44): error TS2339: Property 'status' does not exist on type 'never'.
src/frontend/Alumini/Al_Donation_History.tsx(486,44): error TS2339: Property 'status' does not exist on type 'never'.
src/frontend/Alumini/Al_Donation_History.tsx(490,55): error TS2339: Property 'status' does not exist on type 'never'.
src/frontend/Alumini/Al_Donation_History.tsx(495,41): error TS2339: Property 'razorpayOrderId' does not exist on type 'never'.
src/frontend/Alumini/Al_Donation_History.tsx(498,77): error TS2339: Property 'razorpayOrderId' does not exist on type 'never'.
src/frontend/Alumini/Al_Donation_History.tsx(505,41): error TS2339: Property 'status' does not exist on type 'never'.
src/frontend/Alumini/Al_Donation_History.tsx(508,72): error TS2339: Property '_id' does not exist on type 'never'.
src/frontend/Alumini/Al_Donation_History.tsx(511,63): error TS2339: Property '_id' does not exist on type 'never'.
src/frontend/Alumini/Al_Event_Reunion.tsx(5,34): error TS7031: Binding element 'onLogout' implicitly has an 'any' type.
src/frontend/Alumini/Al_Feedback.tsx(13,25): error TS7031: Binding element 'title' implicitly has an 'any' type.
src/frontend/Alumini/Al_Feedback.tsx(13,32): error TS7031: Binding element 'sectionKey' implicitly has an 'any' type.
src/frontend/Alumini/Al_Feedback.tsx(13,44): error TS7031: Binding element 'sections' implicitly has an 'any' type.
src/frontend/Alumini/Al_Feedback.tsx(13,54): error TS7031: Binding element 'updateSection' implicitly has an 'any' type.
src/frontend/Alumini/Al_Feedback.tsx(40,29): error TS7031: Binding element 'onLogout' implicitly has an 'any' type.
src/frontend/Alumini/Al_Feedback.tsx(73,26): error TS7006: Parameter 'key' implicitly has an 'any' type.
src/frontend/Alumini/Al_Feedback.tsx(73,31): error TS7006: Parameter 'field' implicitly has an 'any' type.
src/frontend/Alumini/Al_Feedback.tsx(73,38): error TS7006: Parameter 'value' implicitly has an 'any' type.
src/frontend/Alumini/Al_Feedback.tsx(74,49): error TS7053: Element implicitly has an 'any' type because expression of type 'any' can't be used to index type '{ visionIV: { rating: string; comment: string; }; missionIM: { rating: string; comment: string; }; visionDV: { rating: string; comment: string; }; missionDM: { rating: string; comment: string; }; peos: { rating: string; comment: string; }; }'.
src/frontend/Alumini/Al_Feedback.tsx(111,36): error TS18047: 'user' is possibly 'null'.
src/frontend/Alumini/Al_Feedback.tsx(134,13): error TS18046: 'err' is of type 'unknown'.
src/frontend/Alumini/Al_Feedback.tsx(147,20): error TS18047: 'e.target' is possibly 'null'.
src/frontend/Alumini/Al_Feedback.tsx(147,29): error TS2339: Property 'files' does not exist on type 'EventTarget'.
src/frontend/Alumini/Al_Feedback.tsx(159,29): error TS18047: 'event.target' is possibly 'null'.
src/frontend/Alumini/Al_Feedback.tsx(159,29): error TS2345: Argument of type 'string | ArrayBuffer | null' is not assignable to parameter of type 'SetStateAction<null>'.
  Type 'string' is not assignable to type 'SetStateAction<null>'.
src/frontend/Alumini/Al_Feedback.tsx(175,39): error TS7006: Parameter 'croppedArea' implicitly has an 'any' type.
src/frontend/Alumini/Al_Feedback.tsx(175,52): error TS7006: Parameter 'croppedAreaPixels' implicitly has an 'any' type.
src/frontend/Alumini/Al_Feedback.tsx(184,23): error TS2345: Argument of type 'unknown' is not assignable to parameter of type 'SetStateAction<null>'.
src/frontend/Alumini/Al_Feedback.tsx(201,28): error TS7006: Parameter 'e' implicitly has an 'any' type.
src/frontend/Alumini/Al_Feedback.tsx(244,24): error TS2739: Type '{ theme: string; className: string; value: string; onChange: (e: any) => void; defaultToToday: true; }' is missing the following properties from type '{ [x: string]: any; value: any; onChange: any; theme?: string | undefined; className?: string | undefined; id: any; name: any; placeholder?: string | undefined; defaultToToday?: boolean | undefined; yearRange?: string | undefined; }': id, name
src/frontend/Alumini/Al_Feedback.tsx(244,102): error TS7006: Parameter 'e' implicitly has an 'any' type.
src/frontend/Alumini/Al_Feedback.tsx(250,24): error TS2739: Type '{ theme: string; className: string; value: string; onChange: (e: any) => void; defaultToNow: true; }' is missing the following properties from type '{ [x: string]: any; value: any; onChange: any; theme?: string | undefined; className?: string | undefined; id: any; name: any; placeholder?: string | undefined; defaultToNow?: boolean | undefined; }': id, name
src/frontend/Alumini/Al_Feedback.tsx(250,102): error TS7006: Parameter 'e' implicitly has an 'any' type.
src/frontend/Alumini/Al_JobReference_Form.tsx(9,38): error TS7031: Binding element 'onLogout' implicitly has an 'any' type.
src/frontend/Alumini/Al_JobReference_Form.tsx(25,25): error TS7006: Parameter 'e' implicitly has an 'any' type.
src/frontend/Alumini/Al_JobReference_Form.tsx(31,31): error TS7006: Parameter 'e' implicitly has an 'any' type.
src/frontend/Alumini/Al_JobReference_Form.tsx(87,16): error TS18046: 'err' is of type 'unknown'.
src/frontend/Alumini/Al_JobReference_History.tsx(9,21): error TS7006: Parameter 'dateString' implicitly has an 'any' type.
src/frontend/Alumini/Al_JobReference_History.tsx(14,20): error TS7006: Parameter 'status' implicitly has an 'any' type.
src/frontend/Alumini/Al_JobReference_History.tsx(23,25): error TS7006: Parameter 'role' implicitly has an 'any' type.
src/frontend/Alumini/Al_JobReference_History.tsx(23,31): error TS7006: Parameter 'index' implicitly has an 'any' type.
src/frontend/Alumini/Al_JobReference_History.tsx(33,41): error TS7031: Binding element 'onLogout' implicitly has an 'any' type.
src/frontend/Alumini/Al_JobReference_History.tsx(46,18): error TS2345: Argument of type '"Please login to view job references"' is not assignable to parameter of type 'SetStateAction<null>'.
src/frontend/Alumini/Al_JobReference_History.tsx(65,57): error TS7006: Parameter 'job' implicitly has an 'any' type.
src/frontend/Alumini/Al_JobReference_History.tsx(65,62): error TS7006: Parameter 'index' implicitly has an 'any' type.
src/frontend/Alumini/Al_JobReference_History.tsx(85,18): error TS18046: 'err' is of type 'unknown'.
src/frontend/Alumini/Al_JobReference_History.tsx(94,27): error TS7006: Parameter 'id' implicitly has an 'any' type.
src/frontend/Alumini/Al_JobReference_History.tsx(94,31): error TS7006: Parameter 'event' implicitly has an 'any' type.
src/frontend/Alumini/Al_JobReference_History.tsx(99,31): error TS7006: Parameter 'jobId' implicitly has an 'any' type.
src/frontend/Alumini/Al_JobReference_History.tsx(108,36): error TS18047: 'user' is possibly 'null'.
src/frontend/Alumini/Al_JobReference_History.tsx(119,58): error TS2339: Property 'id' does not exist on type 'never'.
src/frontend/Alumini/Al_JobReference_History.tsx(123,13): error TS18046: 'err' is of type 'unknown'.
src/frontend/Alumini/Al_JobReference_History.tsx(129,33): error TS7006: Parameter 'event' implicitly has an 'any' type.
src/frontend/Alumini/Al_JobReference_History.tsx(130,47): error TS2339: Property 'contains' does not exist on type 'never'.
src/frontend/Alumini/Al_JobReference_History.tsx(194,29): error TS2339: Property 'id' does not exist on type 'never'.
src/frontend/Alumini/Al_JobReference_History.tsx(198,60): error TS2339: Property 'iconClass' does not exist on type 'never'.
src/frontend/Alumini/Al_JobReference_History.tsx(199,70): error TS2339: Property 'icon' does not exist on type 'never'.
src/frontend/Alumini/Al_JobReference_History.tsx(204,76): error TS2339: Property 'id' does not exist on type 'never'.
src/frontend/Alumini/Al_JobReference_History.tsx(205,58): error TS2339: Property 'id' does not exist on type 'never'.
src/frontend/Alumini/Al_JobReference_History.tsx(211,43): error TS2339: Property 'id' does not exist on type 'never'.
src/frontend/Alumini/Al_JobReference_History.tsx(213,97): error TS2339: Property 'id' does not exist on type 'never'.
src/frontend/Alumini/Al_JobReference_History.tsx(224,56): error TS2339: Property 'title' does not exist on type 'never'.
src/frontend/Alumini/Al_JobReference_History.tsx(225,58): error TS2339: Property 'company' does not exist on type 'never'.
src/frontend/Alumini/Al_JobReference_History.tsx(230,81): error TS2339: Property 'status' does not exist on type 'never'.
src/frontend/Alumini/Al_JobReference_History.tsx(231,26): error TS2339: Property 'status' does not exist on type 'never'.
src/frontend/Alumini/Al_JobReference_History.tsx(233,57): error TS2339: Property 'date' does not exist on type 'never'.
src/frontend/Alumini/Al_Mail.tsx(9,40): error TS7031: Binding element 'onLogout' implicitly has an 'any' type.
src/frontend/Alumini/Al_Mail.tsx(42,50): error TS7006: Parameter 'mail' implicitly has an 'any' type.
src/frontend/Alumini/Al_Mail.tsx(65,23): error TS7006: Parameter 'date' implicitly has an 'any' type.
src/frontend/Alumini/Al_Mail.tsx(67,31): error TS2362: The left-hand side of an arithmetic operation must be of type 'any', 'number', 'bigint' or an enum type.
src/frontend/Alumini/Al_Mail.tsx(79,32): error TS7006: Parameter 'status' implicitly has an 'any' type.
src/frontend/Alumini/Al_Mail.tsx(90,27): error TS7006: Parameter 'status' implicitly has an 'any' type.
src/frontend/Alumini/Al_Mail.tsx(106,27): error TS7006: Parameter 'mail' implicitly has an 'any' type.
src/frontend/Alumini/Al_Mail.tsx(121,12): error TS2339: Property 'sender' does not exist on type 'never'.
src/frontend/Alumini/Al_Mail.tsx(122,12): error TS2339: Property 'text' does not exist on type 'never'.
src/frontend/Alumini/Al_Mail.tsx(123,12): error TS2339: Property 'title' does not exist on type 'never'.
src/frontend/Alumini/Al_Mail.tsx(124,13): error TS2339: Property 'badge' does not exist on type 'never'.
src/frontend/Alumini/Al_Mail.tsx(124,27): error TS2339: Property 'badge' does not exist on type 'never'.
src/frontend/Alumini/Al_Mail.tsx(189,35): error TS2339: Property 'id' does not exist on type 'never'.
src/frontend/Alumini/Al_Mail.tsx(192,69): error TS2339: Property 'sender' does not exist on type 'never'.
src/frontend/Alumini/Al_Mail.tsx(193,33): error TS2339: Property 'badge' does not exist on type 'never'.
src/frontend/Alumini/Al_Mail.tsx(193,79): error TS2339: Property 'badge' does not exist on type 'never'.
src/frontend/Alumini/Al_Mail.tsx(198,33): error TS2339: Property 'text' does not exist on type 'never'.
src/frontend/Alumini/Al_Mail.tsx(198,57): error TS2339: Property 'text' does not exist on type 'never'.
src/frontend/Alumini/Al_Mail.tsx(198,94): error TS2339: Property 'text' does not exist on type 'never'.
src/frontend/Alumini/Al_Mail.tsx(201,70): error TS2339: Property 'date' does not exist on type 'never'.
src/frontend/Alumini/Al_Mail.tsx(206,48): error TS2339: Property 'responseStatus' does not exist on type 'never'.
src/frontend/Alumini/Al_Profile.tsx(12,21): error TS7006: Parameter 'value' implicitly has an 'any' type.
src/frontend/Alumini/Al_Profile.tsx(17,22): error TS7006: Parameter 'value' implicitly has an 'any' type.
src/frontend/Alumini/Al_Profile.tsx(27,23): error TS7006: Parameter 'base64' implicitly has an 'any' type.
src/frontend/Alumini/Al_Profile.tsx(39,28): error TS7031: Binding element 'onLogout' implicitly has an 'any' type.
src/frontend/Alumini/Al_Profile.tsx(114,29): error TS7006: Parameter 'alumni' implicitly has an 'any' type.
src/frontend/Alumini/Al_Profile.tsx(115,25): error TS7006: Parameter 'dateStr' implicitly has an 'any' type.
src/frontend/Alumini/Al_Profile.tsx(209,25): error TS7006: Parameter 'field' implicitly has an 'any' type.
src/frontend/Alumini/Al_Profile.tsx(209,36): error TS7006: Parameter 'e' implicitly has an 'any' type.
src/frontend/Alumini/Al_Profile.tsx(213,33): error TS7006: Parameter 'e' implicitly has an 'any' type.
src/frontend/Alumini/Al_Profile.tsx(221,27): error TS2339: Property 'click' does not exist on type 'never'.
src/frontend/Alumini/Al_Profile.tsx(226,35): error TS2339: Property 'click' does not exist on type 'never'.
src/frontend/Alumini/Al_Profile.tsx(229,29): error TS7006: Parameter 'e' implicitly has an 'any' type.
src/frontend/Alumini/Al_Profile.tsx(238,27): error TS18047: 'event.target' is possibly 'null'.
src/frontend/Alumini/Al_Profile.tsx(238,27): error TS2345: Argument of type 'string | ArrayBuffer | null' is not assignable to parameter of type 'SetStateAction<null>'.
  Type 'string' is not assignable to type 'SetStateAction<null>'.
src/frontend/Alumini/Al_Profile.tsx(245,37): error TS7006: Parameter 'e' implicitly has an 'any' type.
src/frontend/Alumini/Al_Profile.tsx(254,25): error TS18047: 'event.target' is possibly 'null'.
src/frontend/Alumini/Al_Profile.tsx(254,25): error TS2345: Argument of type 'string | ArrayBuffer | null' is not assignable to parameter of type 'SetStateAction<null>'.
  Type 'string' is not assignable to type 'SetStateAction<null>'.
src/frontend/Alumini/Al_Profile.tsx(266,27): error TS7006: Parameter 'croppedArea' implicitly has an 'any' type.
src/frontend/Alumini/Al_Profile.tsx(266,40): error TS7006: Parameter 'croppedAreaPixels' implicitly has an 'any' type.
src/frontend/Alumini/Al_Profile.tsx(270,32): error TS7006: Parameter 'croppedArea' implicitly has an 'any' type.
src/frontend/Alumini/Al_Profile.tsx(270,45): error TS7006: Parameter 'croppedPhotoPixels' implicitly has an 'any' type.
src/frontend/Alumini/Al_Profile.tsx(274,26): error TS7006: Parameter 'imageSrc' implicitly has an 'any' type.
src/frontend/Alumini/Al_Profile.tsx(274,36): error TS7006: Parameter 'pixelCrop' implicitly has an 'any' type.
src/frontend/Alumini/Al_Profile.tsx(283,9): error TS18047: 'ctx' is possibly 'null'.
src/frontend/Alumini/Al_Profile.tsx(315,38): error TS18047: 'user' is possibly 'null'.
src/frontend/Alumini/Al_Profile.tsx(324,34): error TS2345: Argument of type 'string' is not assignable to parameter of type 'SetStateAction<null>'.
src/frontend/Alumini/Al_Profile.tsx(352,38): error TS18047: 'user' is possibly 'null'.
src/frontend/Alumini/Al_Profile.tsx(361,30): error TS2345: Argument of type 'string' is not assignable to parameter of type 'SetStateAction<null>'.
src/frontend/Alumini/Al_Profile.tsx(396,31): error TS7006: Parameter 'e' implicitly has an 'any' type.
src/frontend/Alumini/Al_Profile.tsx(447,36): error TS18047: 'user' is possibly 'null'.
src/frontend/Alumini/Al_Profile.tsx(628,18): error TS2739: Type '{ theme: string; value: string; onChange: (e: any) => void; className: string; readOnly: boolean; }' is missing the following properties from type '{ [x: string]: any; value: any; onChange: any; theme?: string | undefined; className?: string | undefined; id: any; name: any; placeholder?: string | undefined; defaultToToday?: boolean | undefined; yearRange?: string | undefined; }': id, name
src/frontend/Alumini/Al_Profile.tsx(881,62): error TS2339: Property 'examName' does not exist on type 'never'.
src/frontend/Alumini/Al_Profile.tsx(884,33): error TS2339: Property 'marks' does not exist on type 'never'.
src/frontend/Alumini/Al_Profile.tsx(908,60): error TS2339: Property 'course' does not exist on type 'never'.
src/frontend/Alumini/Al_Profile.tsx(909,60): error TS2339: Property 'institution' does not exist on type 'never'.
src/frontend/Alumini/Al_Profile.tsx(910,60): error TS2339: Property 'yearOfPassing' does not exist on type 'never'.
src/frontend/Alumini/Al_Profile.tsx(911,60): error TS2339: Property 'percentage' does not exist on type 'never'.
src/frontend/Alumini/Al_Profile.tsx(912,60): error TS2339: Property 'boardUniversity' does not exist on type 'never'.
src/frontend/Alumini/Al_Profile.tsx(917,27): error TS2322: Type 'string' is not assignable to type 'number'.
src/frontend/Alumini/Al_Profile.tsx(1025,21): error TS2322: Type 'string' is not assignable to type 'number'.
src/frontend/Alumini/Al_Profile.tsx(1131,17): error TS2322: Type 'string' is not assignable to type 'number'.
src/frontend/Alumini/Al_Profile.tsx(1142,17): error TS2322: Type 'string' is not assignable to type 'number'.
src/frontend/Alumini/Al_Reject_Invitation.tsx(76,11): error TS18046: 'error' is of type 'unknown'.
src/frontend/Alumini/Al_Reject_Invitation.tsx(118,20): error TS2345: Argument of type '"Login failed. Please try logging in manually."' is not assignable to parameter of type 'SetStateAction<null>'.
src/frontend/Alumini/Al_Reject_Invitation.tsx(127,11): error TS18046: 'error' is of type 'unknown'.
src/frontend/Alumini/Al_Reject_Invitation.tsx(128,18): error TS18046: 'error' is of type 'unknown'.
src/frontend/Alumini/Al_Reject_Invitation.tsx(129,18): error TS18046: 'error' is of type 'unknown'.
src/frontend/Alumini/Al_Reject_Invitation.tsx(133,18): error TS2345: Argument of type '"Unable to submit your response. Please try again later."' is not assignable to parameter of type 'SetStateAction<null>'.
src/frontend/Alumini/Al_RejectForm.tsx(33,16): error TS2345: Argument of type '"Unable to load invitation details"' is not assignable to parameter of type 'SetStateAction<null>'.
src/frontend/Alumini/Al_RejectForm.tsx(59,11): error TS18046: 'error' is of type 'unknown'.
src/frontend/Alumini/Al_RejectForm.tsx(60,18): error TS18046: 'error' is of type 'unknown'.
src/frontend/Alumini/Al_RejectForm.tsx(61,18): error TS18046: 'error' is of type 'unknown'.
src/frontend/Alumini/Al_RejectForm.tsx(62,18): error TS2345: Argument of type '"This invitation link has expired or been used already"' is not assignable to parameter of type 'SetStateAction<null>'.
src/frontend/Alumini/Al_RejectForm.tsx(64,18): error TS2345: Argument of type '"Unable to submit your response. Please try again later."' is not assignable to parameter of type 'SetStateAction<null>'.
src/frontend/Alumini/Al_RejectForm.tsx(74,14): error TS2322: Type '{ backgroundColor: string; border: string; borderRadius: string; padding: string; textAlign: string; maxWidth: string; width: string; boxShadow: string; }' is not assignable to type 'Properties<string | number, string & {}>'.
  Types of property 'textAlign' are incompatible.
    Type 'string' is not assignable to type 'TextAlign | undefined'.
src/frontend/Alumini/Al_RejectForm.tsx(80,23): error TS2339: Property 'mail' does not exist on type 'never'.
src/frontend/Alumini/Al_RejectForm.tsx(82,88): error TS2339: Property 'mail' does not exist on type 'never'.
src/frontend/Alumini/Al_RejectForm.tsx(82,119): error TS2339: Property 'mail' does not exist on type 'never'.
src/frontend/Alumini/Al_RejectForm.tsx(98,12): error TS2322: Type '{ backgroundColor: string; border: string; borderRadius: string; padding: string; maxWidth: string; width: string; boxShadow: string; textAlign: string; }' is not assignable to type 'Properties<string | number, string & {}>'.
  Types of property 'textAlign' are incompatible.
    Type 'string' is not assignable to type 'TextAlign | undefined'.
src/frontend/Alumini/Al_RejectForm.tsx(108,16): error TS2322: Type '{ backgroundColor: string; padding: string; borderRadius: string; marginBottom: string; textAlign: string; }' is not assignable to type 'Properties<string | number, string & {}>'.
  Types of property 'textAlign' are incompatible.
    Type 'string' is not assignable to type 'TextAlign | undefined'.
src/frontend/Alumini/Al_RejectForm.tsx(109,53): error TS2339: Property 'mail' does not exist on type 'never'.
src/frontend/Alumini/Al_RejectForm.tsx(110,59): error TS2339: Property 'mail' does not exist on type 'never'.
src/frontend/Alumini/Al_RejectForm.tsx(125,14): error TS2322: Type '{ marginBottom: string; textAlign: string; }' is not assignable to type 'Properties<string | number, string & {}>'.
  Types of property 'textAlign' are incompatible.
    Type 'string' is not assignable to type 'TextAlign | undefined'.
src/frontend/Alumini/Al_RejectForm.tsx(128,13): error TS2322: Type '{ width: string; padding: string; border: string; borderRadius: string; fontSize: string; color: string; resize: string; minHeight: string; fontFamily: string; outline: string; transition: string; }' is not assignable to type 'Properties<string | number, string & {}>'.
  Types of property 'resize' are incompatible.
    Type 'string' is not assignable to type 'Resize | undefined'.
src/frontend/Alumini/Al_RejectForm.tsx(135,16): error TS2322: Type '{ fontSize: string; color: string; textAlign: string; marginTop: string; }' is not assignable to type 'Properties<string | number, string & {}>'.
  Types of property 'textAlign' are incompatible.
    Type 'string' is not assignable to type 'TextAlign | undefined'.
src/frontend/Alumini/Al_TokenHandler.tsx(24,9): error TS2353: Object literal may only specify known properties, and 'recipientEmail' does not exist in type '(prevState: null) => null'.
src/frontend/Alumini/Al_TokenHandler.tsx(35,9): error TS2353: Object literal may only specify known properties, and 'recipientEmail' does not exist in type '(prevState: null) => null'.
src/frontend/Alumini/Al_TokenHandler.tsx(35,25): error TS18047: 'tokenSession' is possibly 'null'.
src/frontend/Alumini/Al_TokenHandler.tsx(36,15): error TS18047: 'tokenSession' is possibly 'null'.
src/frontend/Alumini/Al_TokenHandler.tsx(37,20): error TS18047: 'tokenSession' is possibly 'null'.
src/frontend/Alumini/Al_TokenHandler.tsx(46,16): error TS2345: Argument of type '"No token provided in URL"' is not assignable to parameter of type 'SetStateAction<null>'.
src/frontend/Alumini/Al_TokenHandler.tsx(81,18): error TS2345: Argument of type '"Invalid token response from server"' is not assignable to parameter of type 'SetStateAction<null>'.
src/frontend/Alumini/Al_TokenHandler.tsx(87,11): error TS18046: 'error' is of type 'unknown'.
src/frontend/Alumini/Al_TokenHandler.tsx(88,18): error TS18046: 'error' is of type 'unknown'.
src/frontend/Alumini/Al_TokenHandler.tsx(89,18): error TS18046: 'error' is of type 'unknown'.
src/frontend/Alumini/Al_TokenHandler.tsx(90,18): error TS2345: Argument of type '"Request timed out. Please check your connection and try again."' is not assignable to parameter of type 'SetStateAction<null>'.
src/frontend/Alumini/Al_TokenHandler.tsx(91,18): error TS18046: 'error' is of type 'unknown'.
src/frontend/Alumini/Al_TokenHandler.tsx(92,18): error TS2345: Argument of type '"Invalid, expired, or already used invitation link"' is not assignable to parameter of type 'SetStateAction<null>'.
src/frontend/Alumini/Al_TokenHandler.tsx(93,18): error TS18046: 'error' is of type 'unknown'.
src/frontend/Alumini/Al_TokenHandler.tsx(94,18): error TS2345: Argument of type '"Too many attempts. Please try again later."' is not assignable to parameter of type 'SetStateAction<null>'.
src/frontend/Alumini/Al_TokenHandler.tsx(96,18): error TS2345: Argument of type '"Unable to validate invitation link. Please try again later."' is not assignable to parameter of type 'SetStateAction<null>'.
src/frontend/Alumini/Al_TokenHandler.tsx(138,49): error TS2339: Property 'recipientEmail' does not exist on type 'never'.
src/frontend/Alumini/Al_TokenHandler.tsx(187,23): error TS2339: Property 'mailTitle' does not exist on type 'never'.
src/frontend/Alumini/Al_TokenHandler.tsx(188,56): error TS2339: Property 'mailTitle' does not exist on type 'never'.
src/frontend/Alumini/Al_TokenHandler.tsx(191,47): error TS2339: Property 'recipientEmail' does not exist on type 'never'.
src/frontend/Alumini/Al_TokenMailHandler.tsx(18,22): error TS2345: Argument of type '"No token provided in URL"' is not assignable to parameter of type 'SetStateAction<null>'.
src/frontend/Alumini/Al_TokenMailHandler.tsx(39,26): error TS2345: Argument of type '"Invalid token response from server"' is not assignable to parameter of type 'SetStateAction<null>'.
src/frontend/Alumini/Al_TokenMailHandler.tsx(45,17): error TS18046: 'error' is of type 'unknown'.
src/frontend/Alumini/Al_TokenMailHandler.tsx(46,26): error TS18046: 'error' is of type 'unknown'.
src/frontend/Alumini/Al_TokenMailHandler.tsx(47,24): error TS18046: 'error' is of type 'unknown'.
src/frontend/Alumini/Al_TokenMailHandler.tsx(48,26): error TS2345: Argument of type '"Request timed out. Please check your connection and try again."' is not assignable to parameter of type 'SetStateAction<null>'.
src/frontend/Alumini/Al_TokenMailHandler.tsx(49,24): error TS18046: 'error' is of type 'unknown'.
src/frontend/Alumini/Al_TokenMailHandler.tsx(50,26): error TS2345: Argument of type '"Invalid, expired, or already used invitation link"' is not assignable to parameter of type 'SetStateAction<null>'.
src/frontend/Alumini/Al_TokenMailHandler.tsx(51,24): error TS18046: 'error' is of type 'unknown'.
src/frontend/Alumini/Al_TokenMailHandler.tsx(52,26): error TS2345: Argument of type '"Too many attempts. Please try again later."' is not assignable to parameter of type 'SetStateAction<null>'.
src/frontend/Alumini/Al_TokenMailHandler.tsx(54,26): error TS2345: Argument of type '"Unable to validate invitation link. Please try again later."' is not assignable to parameter of type 'SetStateAction<null>'.
src/frontend/Alumini/Al_TokenMailHandler.tsx(64,44): error TS2339: Property 'recipientEmail' does not exist on type 'never'.
src/frontend/Alumini/Al_TokenMailHandler.tsx(65,39): error TS2339: Property 'mailTitle' does not exist on type 'never'.
src/frontend/Alumini/Al_TokenMailHandler.tsx(74,44): error TS2339: Property 'recipientEmail' does not exist on type 'never'.
src/frontend/Alumini/Al_TokenMailHandler.tsx(75,39): error TS2339: Property 'mailTitle' does not exist on type 'never'.
src/frontend/Alumini/Al_TokenMailHandler.tsx(83,22): error TS2322: Type '{ backgroundColor: string; border: string; borderRadius: string; padding: string; textAlign: string; maxWidth: string; width: string; boxShadow: string; }' is not assignable to type 'Properties<string | number, string & {}>'.
  Types of property 'textAlign' are incompatible.
    Type 'string' is not assignable to type 'TextAlign | undefined'.
src/frontend/Alumini/Al_TokenMailHandler.tsx(97,22): error TS2322: Type '{ backgroundColor: string; border: string; borderRadius: string; padding: string; textAlign: string; maxWidth: string; width: string; boxShadow: string; }' is not assignable to type 'Properties<string | number, string & {}>'.
  Types of property 'textAlign' are incompatible.
    Type 'string' is not assignable to type 'TextAlign | undefined'.
src/frontend/Alumini/Al_TokenMailHandler.tsx(120,18): error TS2322: Type '{ backgroundColor: string; border: string; borderRadius: string; padding: string; textAlign: string; maxWidth: string; width: string; boxShadow: string; }' is not assignable to type 'Properties<string | number, string & {}>'.
  Types of property 'textAlign' are incompatible.
    Type 'string' is not assignable to type 'TextAlign | undefined'.
src/frontend/Alumini/Al_TokenMailHandler.tsx(122,29): error TS2339: Property 'mailTitle' does not exist on type 'never'.
src/frontend/Alumini/Al_TokenMailHandler.tsx(123,60): error TS2339: Property 'mailTitle' does not exist on type 'never'.
src/frontend/Alumini/Al_TokenMailHandler.tsx(128,22): error TS2322: Type '{ display: string; flexDirection: string; gap: string; }' is not assignable to type 'Properties<string | number, string & {}>'.
  Types of property 'flexDirection' are incompatible.
    Type 'string' is not assignable to type 'FlexDirection | undefined'.
src/frontend/Alumini/Al_View_Invitaion.tsx(4,36): error TS7031: Binding element 'onLogout' implicitly has an 'any' type.
src/frontend/Alumini/Al_ViewMail.tsx(8,29): error TS7031: Binding element 'onLogout' implicitly has an 'any' type.
src/frontend/Alumini/Al_ViewMail.tsx(46,23): error TS7006: Parameter 'dateString' implicitly has an 'any' type.
src/frontend/Alumini/Al_ViewMail.tsx(58,27): error TS7006: Parameter 'status' implicitly has an 'any' type.
src/frontend/Alumini/Al_ViewMail.tsx(100,37): error TS2339: Property 'senderName' does not exist on type 'never'.
src/frontend/Alumini/Al_ViewMail.tsx(101,36): error TS2339: Property 'isBroadcast' does not exist on type 'never'.
src/frontend/Alumini/Al_ViewMail.tsx(105,45): error TS2339: Property 'createdAt' does not exist on type 'never'.
src/frontend/Alumini/Al_ViewMail.tsx(114,33): error TS2339: Property 'title' does not exist on type 'never'.
src/frontend/Alumini/Al_ViewMail.tsx(118,35): error TS2339: Property 'content' does not exist on type 'never'.
src/frontend/Alumini/Al_ViewMail.tsx(123,70): error TS2339: Property 'senderName' does not exist on type 'never'.
src/frontend/Alumini/Al_ViewMail.tsx(154,65): error TS2339: Property 'senderEmail' does not exist on type 'never'.
src/frontend/Alumini/Al_ViewMail.tsx(155,63): error TS2339: Property 'recipientCount' does not exist on type 'never'.
src/frontend/Alumini/Al_ViewMail.tsx(155,98): error TS2339: Property 'recipientCount' does not exist on type 'never'.
src/frontend/Alumini/Al_ViewMail.tsx(156,57): error TS2339: Property 'isBroadcast' does not exist on type 'never'.
src/frontend/Alumini/Al_ViewMail.tsx(157,68): error TS2339: Property 'createdAt' does not exist on type 'never'.
src/frontend/Alumini/Al_ViewMail.tsx(166,66): error TS2339: Property 'responseStatus' does not exist on type 'never'.
src/frontend/Alumini/Al_ViewMail.tsx(169,35): error TS2339: Property 'responseStatus' does not exist on type 'never'.
src/frontend/Alumini/Al_ViewMail.tsx(176,27): error TS2339: Property 'responseStatus' does not exist on type 'never'.
src/frontend/Alumini/Al_ViewMail.tsx(176,67): error TS2339: Property 'responseData' does not exist on type 'never'.
src/frontend/Alumini/Al_ViewMail.tsx(183,35): error TS2339: Property 'responseData' does not exist on type 'never'.
src/frontend/Alumini/Al_ViewMail.tsx(184,68): error TS2339: Property 'responseData' does not exist on type 'never'.
src/frontend/Alumini/Al_ViewMail.tsx(186,35): error TS2339: Property 'responseData' does not exist on type 'never'.
src/frontend/Alumini/Al_ViewMail.tsx(187,70): error TS2339: Property 'responseData' does not exist on type 'never'.
src/frontend/Alumini/Al_ViewMail.tsx(189,35): error TS2339: Property 'responseData' does not exist on type 'never'.
src/frontend/Alumini/Al_ViewMail.tsx(190,66): error TS2339: Property 'responseData' does not exist on type 'never'.
src/frontend/Alumini/Al_ViewMail.tsx(192,35): error TS2339: Property 'responseData' does not exist on type 'never'.
src/frontend/Alumini/Al_ViewMail.tsx(193,65): error TS2339: Property 'responseData' does not exist on type 'never'.
src/frontend/Alumini/Al_ViewMail.tsx(195,35): error TS2339: Property 'responseData' does not exist on type 'never'.
src/frontend/Alumini/Al_ViewMail.tsx(196,73): error TS2339: Property 'responseData' does not exist on type 'never'.
src/frontend/Alumini/Al_ViewMail.tsx(198,35): error TS2339: Property 'responseData' does not exist on type 'never'.
src/frontend/Alumini/Al_ViewMail.tsx(199,73): error TS2339: Property 'responseData' does not exist on type 'never'.
src/frontend/Alumini/Al_ViewMail.tsx(201,35): error TS2339: Property 'responseData' does not exist on type 'never'.
src/frontend/Alumini/Al_ViewMail.tsx(202,67): error TS2339: Property 'responseData' does not exist on type 'never'.
src/frontend/Alumini/Al_ViewMail.tsx(205,33): error TS2339: Property 'submittedAt' does not exist on type 'never'.
src/frontend/Alumini/Al_ViewMail.tsx(207,76): error TS2339: Property 'submittedAt' does not exist on type 'never'.
src/frontend/Alumini/Al_ViewMail.tsx(214,27): error TS2339: Property 'responseStatus' does not exist on type 'never'.
src/frontend/Alumini/Al_ViewMail.tsx(214,67): error TS2339: Property 'responseData' does not exist on type 'never'.
src/frontend/Alumini/Al_ViewMail.tsx(220,33): error TS2339: Property 'responseData' does not exist on type 'never'.
src/frontend/Alumini/Al_ViewMail.tsx(230,40): error TS2339: Property 'responseData' does not exist on type 'never'.
src/frontend/Alumini/Al_ViewMail.tsx(236,33): error TS2339: Property 'submittedAt' does not exist on type 'never'.
src/frontend/Alumini/Al_ViewMail.tsx(238,76): error TS2339: Property 'submittedAt' does not exist on type 'never'.
src/frontend/Alumini/Components/Sidebar/Sidebar.tsx(7,35): error TS7031: Binding element 'onLogout' implicitly has an 'any' type.
src/frontend/Alumini/Components/Sidebar/Sidebar.tsx(7,45): error TS7031: Binding element 'currentView' implicitly has an 'any' type.
src/frontend/Alumini/Components/Sidebar/Sidebar.tsx(16,25): error TS7006: Parameter 'e' implicitly has an 'any' type.
src/frontend/Alumini/Components/Sidebar/Sidebar.tsx(24,27): error TS7006: Parameter 'e' implicitly has an 'any' type.
src/frontend/Alumini/Components/Sidebar/Sidebar.tsx(24,30): error TS7006: Parameter 'view' implicitly has an 'any' type.
src/frontend/Alumini/Components/Sidebar/Sidebar.tsx(33,11): error TS2322: Type 'string | null' is not assignable to type 'string | undefined'.
  Type 'null' is not assignable to type 'string | undefined'.
src/frontend/Alumini/Components/utils/CropImage.ts(3,37): error TS7006: Parameter 'imageSrc' implicitly has an 'any' type.
src/frontend/Alumini/Components/utils/CropImage.ts(3,47): error TS7006: Parameter 'pixelCrop' implicitly has an 'any' type.
src/frontend/Alumini/Components/utils/CropImage.ts(20,3): error TS18047: 'ctx' is possibly 'null'.
src/frontend/Alumini/Components/utils/CropImage.ts(39,12): error TS2339: Property 'name' does not exist on type 'Blob'.
src/frontend/Auth/ForgotPassword.tsx(10,25): error TS7006: Parameter 'e' implicitly has an 'any' type.
src/frontend/Auth/LoginGateway.tsx(57,31): error TS7006: Parameter 'e' implicitly has an 'any' type.
src/frontend/Auth/SendOtp.tsx(21,27): error TS2339: Property 'focus' does not exist on type 'never'.
src/frontend/Auth/SendOtp.tsx(24,25): error TS7006: Parameter 'index' implicitly has an 'any' type.
src/frontend/Auth/SendOtp.tsx(24,32): error TS7006: Parameter 'value' implicitly has an 'any' type.
src/frontend/Auth/SendOtp.tsx(36,39): error TS2339: Property 'focus' does not exist on type 'never'.
src/frontend/Auth/SendOtp.tsx(41,26): error TS7006: Parameter 'index' implicitly has an 'any' type.
src/frontend/Auth/SendOtp.tsx(41,33): error TS7006: Parameter 'e' implicitly has an 'any' type.
src/frontend/Auth/SendOtp.tsx(44,37): error TS2339: Property 'focus' does not exist on type 'never'.
src/frontend/Auth/SendOtp.tsx(48,24): error TS7006: Parameter 'index' implicitly has an 'any' type.
src/frontend/Auth/SendOtp.tsx(54,45): error TS2339: Property 'focus' does not exist on type 'never'.
src/frontend/Auth/SendOtp.tsx(59,28): error TS7006: Parameter 'index' implicitly has an 'any' type.
src/frontend/Auth/SendOtp.tsx(66,24): error TS7006: Parameter 'e' implicitly has an 'any' type.
src/frontend/Auth/SendOtp.tsx(69,48): error TS7006: Parameter 'char' implicitly has an 'any' type.
src/frontend/Auth/SendOtp.tsx(72,21): error TS7006: Parameter 'digit' implicitly has an 'any' type.
src/frontend/Auth/SendOtp.tsx(72,28): error TS7006: Parameter 'idx' implicitly has an 'any' type.
src/frontend/Auth/SendOtp.tsx(79,35): error TS2339: Property 'focus' does not exist on type 'never'.
src/frontend/Auth/SendOtp.tsx(82,25): error TS7006: Parameter 'e' implicitly has an 'any' type.
src/frontend/Auth/SendOtp.tsx(97,29): error TS2339: Property 'focus' does not exist on type 'never'.
src/frontend/Auth/SendOtp.tsx(151,19): error TS2322: Type '(el: HTMLInputElement | null) => HTMLInputElement | null' is not assignable to type 'Ref<HTMLInputElement> | undefined'.
  Type '(el: HTMLInputElement | null) => HTMLInputElement | null' is not assignable to type '(instance: HTMLInputElement | null) => void | (() => VoidOrUndefinedOnly)'.
    Type 'HTMLInputElement | null' is not assignable to type 'void | (() => VoidOrUndefinedOnly)'.
      Type 'null' is not assignable to type 'void | (() => VoidOrUndefinedOnly)'.
src/frontend/Auth/SendOtp.tsx(151,33): error TS2322: Type 'HTMLInputElement | null' is not assignable to type 'never'.
  Type 'null' is not assignable to type 'never'.
src/frontend/Auth/SendOtp.tsx(153,19): error TS2322: Type 'string' is not assignable to type 'number'.
src/frontend/Auth/UpdatePassword.tsx(13,25): error TS7006: Parameter 'e' implicitly has an 'any' type.
src/frontend/Coordinator/Co_Alumni.tsx(10,24): error TS7006: Parameter 'address' implicitly has an 'any' type.
src/frontend/Coordinator/Co_Alumni.tsx(16,31): error TS7031: Binding element 'onLogout' implicitly has an 'any' type.
src/frontend/Coordinator/Co_Alumni.tsx(92,13): error TS2339: Property 'name' does not exist on type 'never'.
src/frontend/Coordinator/Co_Alumni.tsx(93,13): error TS2339: Property 'registerNumber' does not exist on type 'never'.
src/frontend/Coordinator/Co_Alumni.tsx(94,13): error TS2339: Property 'email' does not exist on type 'never'.
src/frontend/Coordinator/Co_Alumni.tsx(101,50): error TS2339: Property 'branch' does not exist on type 'never'.
src/frontend/Coordinator/Co_Alumni.tsx(101,80): error TS2339: Property 'branch' does not exist on type 'never'.
src/frontend/Coordinator/Co_Alumni.tsx(104,50): error TS2339: Property 'designation' does not exist on type 'never'.
src/frontend/Coordinator/Co_Alumni.tsx(104,85): error TS2339: Property 'designation' does not exist on type 'never'.
src/frontend/Coordinator/Co_Alumni.tsx(107,50): error TS2339: Property 'name' does not exist on type 'never'.
src/frontend/Coordinator/Co_Alumni.tsx(107,78): error TS2339: Property 'name' does not exist on type 'never'.
src/frontend/Coordinator/Co_Alumni.tsx(110,50): error TS2339: Property 'placementType' does not exist on type 'never'.
src/frontend/Coordinator/Co_Alumni.tsx(110,87): error TS2339: Property 'placementType' does not exist on type 'never'.
src/frontend/Coordinator/Co_Alumni.tsx(119,39): error TS2339: Property 'yearFrom' does not exist on type 'never'.
src/frontend/Coordinator/Co_Alumni.tsx(119,80): error TS2339: Property 'yearTo' does not exist on type 'never'.
src/frontend/Coordinator/Co_Alumni.tsx(126,26): error TS7006: Parameter 'type' implicitly has an 'any' type.
src/frontend/Coordinator/Co_Alumni.tsx(139,64): error TS2339: Property 'yearFrom' does not exist on type 'never'.
src/frontend/Coordinator/Co_Alumni.tsx(139,78): error TS2339: Property 'yearTo' does not exist on type 'never'.
src/frontend/Coordinator/Co_Alumni.tsx(208,67): error TS2339: Property 'department' does not exist on type 'never'.
src/frontend/Coordinator/Co_Alumni.tsx(238,31): error TS2322: Type 'string' is not assignable to type 'number'.
src/frontend/Coordinator/Co_Alumni.tsx(244,40): error TS2339: Property '_id' does not exist on type 'never'.
src/frontend/Coordinator/Co_Alumni.tsx(248,70): error TS2339: Property 'name' does not exist on type 'never'.
src/frontend/Coordinator/Co_Alumni.tsx(249,38): error TS2339: Property 'designation' does not exist on type 'never'.
src/frontend/Coordinator/Co_Alumni.tsx(251,36): error TS2339: Property 'yearFrom' does not exist on type 'never'.
src/frontend/Coordinator/Co_Alumni.tsx(251,51): error TS2339: Property 'yearTo' does not exist on type 'never'.
src/frontend/Coordinator/Co_Alumni.tsx(253,52): error TS2339: Property 'companyAddress' does not exist on type 'never'.
src/frontend/Coordinator/Co_Alumni.tsx(253,74): error TS2339: Property 'presentAddress' does not exist on type 'never'.
src/frontend/Coordinator/Co_Alumni.tsx(255,85): error TS2339: Property 'placementType' does not exist on type 'never'.
src/frontend/Coordinator/Co_Alumni.tsx(256,38): error TS2339: Property 'placementType' does not exist on type 'never'.
src/frontend/Coordinator/Co_Alumni.tsx(264,86): error TS2339: Property '_id' does not exist on type 'never'.
src/frontend/Coordinator/Co_Dashboard.tsx(5,35): error TS7031: Binding element 'onLogout' implicitly has an 'any' type.
src/frontend/Coordinator/Co_Donation_History.tsx(12,21): error TS7006: Parameter 'dateString' implicitly has an 'any' type.
src/frontend/Coordinator/Co_Donation_History.tsx(17,23): error TS7006: Parameter 'amount' implicitly has an 'any' type.
src/frontend/Coordinator/Co_Donation_History.tsx(21,22): error TS7006: Parameter 'name' implicitly has an 'any' type.
src/frontend/Coordinator/Co_Donation_History.tsx(23,32): error TS7006: Parameter 'word' implicitly has an 'any' type.
src/frontend/Coordinator/Co_Donation_History.tsx(26,39): error TS7031: Binding element 'onLogout' implicitly has an 'any' type.
src/frontend/Coordinator/Co_Donation_History.tsx(42,26): error TS2345: Argument of type '"Please login to view donations"' is not assignable to parameter of type 'SetStateAction<null>'.
src/frontend/Coordinator/Co_Donation_History.tsx(62,33): error TS7006: Parameter 'payment' implicitly has an 'any' type.
src/frontend/Coordinator/Co_Donation_History.tsx(63,31): error TS7006: Parameter 'payment' implicitly has an 'any' type.
src/frontend/Coordinator/Co_Donation_History.tsx(63,40): error TS7006: Parameter 'index' implicitly has an 'any' type.
src/frontend/Coordinator/Co_Donation_History.tsx(81,29): error TS2353: Object literal may only specify known properties, and 'name' does not exist in type '(prevState: null) => null'.
src/frontend/Coordinator/Co_Donation_History.tsx(87,26): error TS18046: 'err' is of type 'unknown'.
src/frontend/Coordinator/Co_Donation_History.tsx(103,22): error TS2339: Property 'name' does not exist on type 'never'.
src/frontend/Coordinator/Co_Donation_History.tsx(104,22): error TS2339: Property 'details' does not exist on type 'never'.
src/frontend/Coordinator/Co_Donation_History.tsx(125,30): error TS7006: Parameter 'pageNumber' implicitly has an 'any' type.
src/frontend/Coordinator/Co_Donation_History.tsx(137,25): error TS2339: Property 'sno' does not exist on type 'never'.
src/frontend/Coordinator/Co_Donation_History.tsx(138,31): error TS2339: Property 'name' does not exist on type 'never'.
src/frontend/Coordinator/Co_Donation_History.tsx(139,26): error TS2339: Property 'details' does not exist on type 'never'.
src/frontend/Coordinator/Co_Donation_History.tsx(140,27): error TS2339: Property 'amount' does not exist on type 'never'.
src/frontend/Coordinator/Co_Donation_History.tsx(141,25): error TS2339: Property 'date' does not exist on type 'never'.
src/frontend/Coordinator/Co_Donation_History.tsx(142,25): error TS2339: Property 'type' does not exist on type 'never'.
src/frontend/Coordinator/Co_Donation_History.tsx(162,27): error TS7006: Parameter 'type' implicitly has an 'any' type.
src/frontend/Coordinator/Co_Donation_History.tsx(201,22): error TS2741: Property 'onClick' is missing in type '{ to: string; }' but required in type '{ to: any; label?: string | undefined; className?: string | undefined; onClick: any; }'.
src/frontend/Coordinator/Co_Donation_History.tsx(228,34): error TS2739: Type '{ theme: string; className: string; }' is missing the following properties from type '{ [x: string]: any; value: any; onChange: any; theme?: string | undefined; className?: string | undefined; id: any; name: any; placeholder?: string | undefined; defaultToToday?: boolean | undefined; yearRange?: string | undefined; }': value, onChange, id, name
src/frontend/Coordinator/Co_Donation_History.tsx(253,63): error TS2339: Property 'id' does not exist on type 'never'.
src/frontend/Coordinator/Co_Donation_History.tsx(258,71): error TS2339: Property 'initials' does not exist on type 'never'.
src/frontend/Coordinator/Co_Donation_History.tsx(260,112): error TS2339: Property 'name' does not exist on type 'never'.
src/frontend/Coordinator/Co_Donation_History.tsx(263,108): error TS2339: Property 'details' does not exist on type 'never'.
src/frontend/Coordinator/Co_Donation_History.tsx(264,110): error TS2339: Property 'amount' does not exist on type 'never'.
src/frontend/Coordinator/Co_Donation_History.tsx(265,108): error TS2339: Property 'date' does not exist on type 'never'.
src/frontend/Coordinator/Co_Donation_History.tsx(267,114): error TS2339: Property 'type' does not exist on type 'never'.
src/frontend/Coordinator/Co_Donation_History.tsx(268,67): error TS2339: Property 'type' does not exist on type 'never'.
src/frontend/Coordinator/Co_Donation_History.tsx(272,172): error TS2339: Property 'id' does not exist on type 'never'.
src/frontend/Coordinator/Co_Donation_History.tsx(280,53): error TS2322: Type 'string' is not assignable to type 'number'.
src/frontend/Coordinator/Co_Feedback.tsx(10,21): error TS7006: Parameter 'dateString' implicitly has an 'any' type.
src/frontend/Coordinator/Co_Feedback.tsx(15,39): error TS7031: Binding element 'onLogout' implicitly has an 'any' type.
src/frontend/Coordinator/Co_Feedback.tsx(24,18): error TS2345: Argument of type '"Please login to view feedbacks"' is not assignable to parameter of type 'SetStateAction<null>'.
src/frontend/Coordinator/Co_Feedback.tsx(43,53): error TS7006: Parameter 'fb' implicitly has an 'any' type.
src/frontend/Coordinator/Co_Feedback.tsx(52,18): error TS18046: 'err' is of type 'unknown'.
src/frontend/Coordinator/Co_Feedback.tsx(94,12): error TS2741: Property 'onClick' is missing in type '{ to: string; }' but required in type '{ to: any; label?: string | undefined; className?: string | undefined; onClick: any; }'.
src/frontend/Coordinator/Co_Feedback.tsx(105,36): error TS2339: Property 'id' does not exist on type 'never'.
src/frontend/Coordinator/Co_Feedback.tsx(107,65): error TS2339: Property 'name' does not exist on type 'never'.
src/frontend/Coordinator/Co_Feedback.tsx(108,67): error TS2339: Property 'content' does not exist on type 'never'.
src/frontend/Coordinator/Co_Feedback.tsx(111,66): error TS2339: Property 'date' does not exist on type 'never'.
src/frontend/Coordinator/Co_Feedback.tsx(112,97): error TS2339: Property 'id' does not exist on type 'never'.
src/frontend/Coordinator/Co_Feedback_Form.tsx(12,21): error TS7006: Parameter 'dateString' implicitly has an 'any' type.
src/frontend/Coordinator/Co_Feedback_Form.tsx(17,36): error TS7031: Binding element 'onLogout' implicitly has an 'any' type.
src/frontend/Coordinator/Co_Feedback_Form.tsx(29,18): error TS2345: Argument of type '"Please login to view feedback details"' is not assignable to parameter of type 'SetStateAction<null>'.
src/frontend/Coordinator/Co_Feedback_Form.tsx(51,18): error TS18046: 'err' is of type 'unknown'.
src/frontend/Coordinator/Co_Feedback_Form.tsx(132,32): error TS2339: Property 'signature' does not exist on type 'never'.
src/frontend/Coordinator/Co_Feedback_Form.tsx(132,61): error TS2339: Property 'signature' does not exist on type 'never'.
src/frontend/Coordinator/Co_Feedback_Form.tsx(133,16): error TS2339: Property 'signature' does not exist on type 'never'.
src/frontend/Coordinator/Co_Feedback_Form.tsx(133,42): error TS2339: Property 'signature' does not exist on type 'never'.
src/frontend/Coordinator/Co_Feedback_Form.tsx(134,16): error TS2339: Property 'signature' does not exist on type 'never'.
src/frontend/Coordinator/Co_Feedback_Form.tsx(140,24): error TS2339: Property 'visionIV' does not exist on type 'never'.
src/frontend/Coordinator/Co_Feedback_Form.tsx(141,25): error TS2339: Property 'visionIV' does not exist on type 'never'.
src/frontend/Coordinator/Co_Feedback_Form.tsx(146,24): error TS2339: Property 'missionIM' does not exist on type 'never'.
src/frontend/Coordinator/Co_Feedback_Form.tsx(147,25): error TS2339: Property 'missionIM' does not exist on type 'never'.
src/frontend/Coordinator/Co_Feedback_Form.tsx(152,24): error TS2339: Property 'visionDV' does not exist on type 'never'.
src/frontend/Coordinator/Co_Feedback_Form.tsx(153,25): error TS2339: Property 'visionDV' does not exist on type 'never'.
src/frontend/Coordinator/Co_Feedback_Form.tsx(158,24): error TS2339: Property 'missionDM' does not exist on type 'never'.
src/frontend/Coordinator/Co_Feedback_Form.tsx(159,25): error TS2339: Property 'missionDM' does not exist on type 'never'.
src/frontend/Coordinator/Co_Feedback_Form.tsx(164,24): error TS2339: Property 'peos' does not exist on type 'never'.
src/frontend/Coordinator/Co_Feedback_Form.tsx(165,25): error TS2339: Property 'peos' does not exist on type 'never'.
src/frontend/Coordinator/Co_Feedback_Form.tsx(178,16): error TS2741: Property 'onClick' is missing in type '{ to: string; }' but required in type '{ to: any; label?: string | undefined; className?: string | undefined; onClick: any; }'.
src/frontend/Coordinator/Co_Feedback_Form.tsx(188,210): error TS2339: Property 'reviewedBy' does not exist on type 'never'.
src/frontend/Coordinator/Co_Feedback_Form.tsx(188,233): error TS2339: Property 'submittedBy' does not exist on type 'never'.
src/frontend/Coordinator/Co_Feedback_Form.tsx(192,221): error TS2339: Property 'date' does not exist on type 'never'.
src/frontend/Coordinator/Co_Feedback_Form.tsx(270,23): error TS2322: Type 'string' is not assignable to type 'number'.
src/frontend/Coordinator/Co_InformationForm.tsx(9,33): error TS7031: Binding element 'onLogout' implicitly has an 'any' type.
src/frontend/Coordinator/Co_InformationForm.tsx(40,46): error TS18047: 'user' is possibly 'null'.
src/frontend/Coordinator/Co_InformationForm.tsx(94,25): error TS7006: Parameter 'dateString' implicitly has an 'any' type.
src/frontend/Coordinator/Co_InformationForm.tsx(104,29): error TS7006: Parameter 'dateString' implicitly has an 'any' type.
src/frontend/Coordinator/Co_InformationForm.tsx(116,29): error TS7006: Parameter 'status' implicitly has an 'any' type.
src/frontend/Coordinator/Co_InformationForm.tsx(204,44): error TS2339: Property 'recipientCount' does not exist on type 'never'.
src/frontend/Coordinator/Co_InformationForm.tsx(204,76): error TS2339: Property 'recipientCount' does not exist on type 'never'.
src/frontend/Coordinator/Co_InformationForm.tsx(215,43): error TS2339: Property 'title' does not exist on type 'never'.
src/frontend/Coordinator/Co_InformationForm.tsx(225,93): error TS2339: Property 'createdAt' does not exist on type 'never'.
src/frontend/Coordinator/Co_InformationForm.tsx(229,82): error TS2339: Property 'isBroadcast' does not exist on type 'never'.
src/frontend/Coordinator/Co_InformationForm.tsx(234,77): error TS2339: Property 'content' does not exist on type 'never'.
src/frontend/Coordinator/Co_InformationForm.tsx(263,63): error TS2339: Property 'recipientEmail' does not exist on type 'never'.
src/frontend/Coordinator/Co_InformationForm.tsx(271,94): error TS2339: Property 'action' does not exist on type 'never'.
src/frontend/Coordinator/Co_InformationForm.tsx(274,63): error TS2339: Property 'action' does not exist on type 'never'.
src/frontend/Coordinator/Co_InformationForm.tsx(278,55): error TS2339: Property 'action' does not exist on type 'never'.
src/frontend/Coordinator/Co_InformationForm.tsx(278,88): error TS2339: Property 'responseData' does not exist on type 'never'.
src/frontend/Coordinator/Co_InformationForm.tsx(278,113): error TS2339: Property 'alumniInfo' does not exist on type 'never'.
src/frontend/Coordinator/Co_InformationForm.tsx(286,72): error TS2339: Property 'responseData' does not exist on type 'never'.
src/frontend/Coordinator/Co_InformationForm.tsx(286,107): error TS2339: Property 'alumniInfo' does not exist on type 'never'.
src/frontend/Coordinator/Co_InformationForm.tsx(288,107): error TS2339: Property 'responseData' does not exist on type 'never'.
src/frontend/Coordinator/Co_InformationForm.tsx(288,142): error TS2339: Property 'alumniInfo' does not exist on type 'never'.
src/frontend/Coordinator/Co_InformationForm.tsx(291,72): error TS2339: Property 'responseData' does not exist on type 'never'.
src/frontend/Coordinator/Co_InformationForm.tsx(291,112): error TS2339: Property 'alumniInfo' does not exist on type 'never'.
src/frontend/Coordinator/Co_InformationForm.tsx(293,112): error TS2339: Property 'responseData' does not exist on type 'never'.
src/frontend/Coordinator/Co_InformationForm.tsx(293,152): error TS2339: Property 'alumniInfo' does not exist on type 'never'.
src/frontend/Coordinator/Co_InformationForm.tsx(296,72): error TS2339: Property 'responseData' does not exist on type 'never'.
src/frontend/Coordinator/Co_InformationForm.tsx(296,107): error TS2339: Property 'alumniInfo' does not exist on type 'never'.
src/frontend/Coordinator/Co_InformationForm.tsx(298,104): error TS2339: Property 'responseData' does not exist on type 'never'.
src/frontend/Coordinator/Co_InformationForm.tsx(298,139): error TS2339: Property 'alumniInfo' does not exist on type 'never'.
src/frontend/Coordinator/Co_InformationForm.tsx(301,72): error TS2339: Property 'responseData' does not exist on type 'never'.
src/frontend/Coordinator/Co_InformationForm.tsx(301,108): error TS2339: Property 'alumniInfo' does not exist on type 'never'.
src/frontend/Coordinator/Co_InformationForm.tsx(304,82): error TS2339: Property 'responseData' does not exist on type 'never'.
src/frontend/Coordinator/Co_InformationForm.tsx(305,89): error TS2339: Property 'responseData' does not exist on type 'never'.
src/frontend/Coordinator/Co_InformationForm.tsx(305,134): error TS2339: Property 'responseData' does not exist on type 'never'.
src/frontend/Coordinator/Co_InformationForm.tsx(306,89): error TS2339: Property 'alumniInfo' does not exist on type 'never'.
src/frontend/Coordinator/Co_InformationForm.tsx(306,130): error TS2339: Property 'alumniInfo' does not exist on type 'never'.
src/frontend/Coordinator/Co_InformationForm.tsx(314,64): error TS2339: Property 'responseData' does not exist on type 'never'.
src/frontend/Coordinator/Co_InformationForm.tsx(314,102): error TS2339: Property 'responseData' does not exist on type 'never'.
src/frontend/Coordinator/Co_InformationForm.tsx(314,140): error TS2339: Property 'responseData' does not exist on type 'never'.
src/frontend/Coordinator/Co_InformationForm.tsx(314,180): error TS2339: Property 'responseData' does not exist on type 'never'.
src/frontend/Coordinator/Co_InformationForm.tsx(315,64): error TS2339: Property 'alumniInfo' does not exist on type 'never'.
src/frontend/Coordinator/Co_InformationForm.tsx(315,100): error TS2339: Property 'alumniInfo' does not exist on type 'never'.
src/frontend/Coordinator/Co_InformationForm.tsx(315,136): error TS2339: Property 'alumniInfo' does not exist on type 'never'.
src/frontend/Coordinator/Co_InformationForm.tsx(315,187): error TS2339: Property 'alumniInfo' does not exist on type 'never'.
src/frontend/Coordinator/Co_InformationForm.tsx(321,76): error TS2339: Property 'responseData' does not exist on type 'never'.
src/frontend/Coordinator/Co_InformationForm.tsx(321,114): error TS2339: Property 'alumniInfo' does not exist on type 'never'.
src/frontend/Coordinator/Co_InformationForm.tsx(323,113): error TS2339: Property 'responseData' does not exist on type 'never'.
src/frontend/Coordinator/Co_InformationForm.tsx(323,151): error TS2339: Property 'alumniInfo' does not exist on type 'never'.
src/frontend/Coordinator/Co_InformationForm.tsx(326,76): error TS2339: Property 'responseData' does not exist on type 'never'.
src/frontend/Coordinator/Co_InformationForm.tsx(326,114): error TS2339: Property 'alumniInfo' does not exist on type 'never'.
src/frontend/Coordinator/Co_InformationForm.tsx(328,109): error TS2339: Property 'responseData' does not exist on type 'never'.
src/frontend/Coordinator/Co_InformationForm.tsx(328,147): error TS2339: Property 'alumniInfo' does not exist on type 'never'.
src/frontend/Coordinator/Co_InformationForm.tsx(331,76): error TS2339: Property 'responseData' does not exist on type 'never'.
src/frontend/Coordinator/Co_InformationForm.tsx(331,116): error TS2339: Property 'alumniInfo' does not exist on type 'never'.
src/frontend/Coordinator/Co_InformationForm.tsx(333,116): error TS2339: Property 'responseData' does not exist on type 'never'.
src/frontend/Coordinator/Co_InformationForm.tsx(333,156): error TS2339: Property 'alumniInfo' does not exist on type 'never'.
src/frontend/Coordinator/Co_InformationForm.tsx(336,76): error TS2339: Property 'responseData' does not exist on type 'never'.
src/frontend/Coordinator/Co_InformationForm.tsx(336,111): error TS2339: Property 'alumniInfo' does not exist on type 'never'.
src/frontend/Coordinator/Co_InformationForm.tsx(338,110): error TS2339: Property 'responseData' does not exist on type 'never'.
src/frontend/Coordinator/Co_InformationForm.tsx(338,145): error TS2339: Property 'alumniInfo' does not exist on type 'never'.
src/frontend/Coordinator/Co_InformationForm.tsx(347,55): error TS2339: Property 'action' does not exist on type 'never'.
src/frontend/Coordinator/Co_InformationForm.tsx(347,88): error TS2339: Property 'responseData' does not exist on type 'never'.
src/frontend/Coordinator/Co_InformationForm.tsx(347,130): error TS2339: Property 'rejectionReason' does not exist on type 'never'.
src/frontend/Coordinator/Co_InformationForm.tsx(357,93): error TS2339: Property 'responseData' does not exist on type 'never'.
src/frontend/Coordinator/Co_InformationForm.tsx(357,135): error TS2339: Property 'rejectionReason' does not exist on type 'never'.
src/frontend/Coordinator/Co_InformationForm.tsx(363,85): error TS2339: Property 'submittedAt' does not exist on type 'never'.
src/frontend/Coordinator/Co_Invitations.tsx(10,21): error TS7006: Parameter 'dateString' implicitly has an 'any' type.
src/frontend/Coordinator/Co_Invitations.tsx(13,20): error TS2362: The left-hand side of an arithmetic operation must be of type 'any', 'number', 'bigint' or an enum type.
src/frontend/Coordinator/Co_Invitations.tsx(13,26): error TS2363: The right-hand side of an arithmetic operation must be of type 'any', 'number', 'bigint' or an enum type.
src/frontend/Coordinator/Co_Invitations.tsx(23,22): error TS7006: Parameter 'name' implicitly has an 'any' type.
src/frontend/Coordinator/Co_Invitations.tsx(25,32): error TS7006: Parameter 'word' implicitly has an 'any' type.
src/frontend/Coordinator/Co_Invitations.tsx(28,35): error TS7031: Binding element 'onLogout' implicitly has an 'any' type.
src/frontend/Coordinator/Co_Invitations.tsx(37,26): error TS2345: Argument of type '"Please login to view invitations"' is not assignable to parameter of type 'SetStateAction<null>'.
src/frontend/Coordinator/Co_Invitations.tsx(58,26): error TS18046: 'err' is of type 'unknown'.
src/frontend/Coordinator/Co_Invitations.tsx(100,22): error TS2741: Property 'onClick' is missing in type '{ to: string; }' but required in type '{ to: any; label?: string | undefined; className?: string | undefined; onClick: any; }'.
src/frontend/Coordinator/Co_Invitations.tsx(121,58): error TS2339: Property '_id' does not exist on type 'never'.
src/frontend/Coordinator/Co_Invitations.tsx(124,73): error TS2339: Property 'sender' does not exist on type 'never'.
src/frontend/Coordinator/Co_Invitations.tsx(127,102): error TS2339: Property 'sender' does not exist on type 'never'.
src/frontend/Coordinator/Co_Invitations.tsx(129,65): error TS2339: Property 'subject' does not exist on type 'never'.
src/frontend/Coordinator/Co_Invitations.tsx(129,105): error TS2339: Property 'description' does not exist on type 'never'.
src/frontend/Coordinator/Co_Invitations.tsx(130,116): error TS2339: Property 'createdAt' does not exist on type 'never'.
src/frontend/Coordinator/Co_Invitations.tsx(134,235): error TS2339: Property '_id' does not exist on type 'never'.
src/frontend/Coordinator/Co_JobHistory.tsx(10,22): error TS7006: Parameter 'name' implicitly has an 'any' type.
src/frontend/Coordinator/Co_JobHistory.tsx(12,32): error TS7006: Parameter 'word' implicitly has an 'any' type.
src/frontend/Coordinator/Co_JobHistory.tsx(15,34): error TS7031: Binding element 'onLogout' implicitly has an 'any' type.
src/frontend/Coordinator/Co_JobHistory.tsx(24,26): error TS2345: Argument of type '"Please login to view job references"' is not assignable to parameter of type 'SetStateAction<null>'.
src/frontend/Coordinator/Co_JobHistory.tsx(45,26): error TS18046: 'err' is of type 'unknown'.
src/frontend/Coordinator/Co_JobHistory.tsx(87,22): error TS2741: Property 'onClick' is missing in type '{ to: string; }' but required in type '{ to: any; label?: string | undefined; className?: string | undefined; onClick: any; }'.
src/frontend/Coordinator/Co_JobHistory.tsx(103,47): error TS2339: Property '_id' does not exist on type 'never'.
src/frontend/Coordinator/Co_JobHistory.tsx(107,66): error TS2339: Property 'submittedBy' does not exist on type 'never'.
src/frontend/Coordinator/Co_JobHistory.tsx(109,137): error TS2339: Property 'status' does not exist on type 'never'.
src/frontend/Coordinator/Co_JobHistory.tsx(109,182): error TS2339: Property 'status' does not exist on type 'never'.
src/frontend/Coordinator/Co_JobHistory.tsx(111,102): error TS2339: Property 'submittedBy' does not exist on type 'never'.
src/frontend/Coordinator/Co_JobHistory.tsx(114,109): error TS2339: Property 'companyName' does not exist on type 'never'.
src/frontend/Coordinator/Co_JobHistory.tsx(115,100): error TS2339: Property 'role' does not exist on type 'never'.
src/frontend/Coordinator/Co_JobHistory.tsx(117,309): error TS2339: Property '_id' does not exist on type 'never'.
src/frontend/Coordinator/Co_Mail.tsx(10,28): error TS7031: Binding element 'onLogout' implicitly has an 'any' type.
src/frontend/Coordinator/Co_Mail.tsx(48,58): error TS7006: Parameter 'mail' implicitly has an 'any' type.
src/frontend/Coordinator/Co_Mail.tsx(77,25): error TS7006: Parameter 'date' implicitly has an 'any' type.
src/frontend/Coordinator/Co_Mail.tsx(79,35): error TS2362: The left-hand side of an arithmetic operation must be of type 'any', 'number', 'bigint' or an enum type.
src/frontend/Coordinator/Co_Mail.tsx(92,14): error TS2339: Property 'sender' does not exist on type 'never'.
src/frontend/Coordinator/Co_Mail.tsx(93,14): error TS2339: Property 'message' does not exist on type 'never'.
src/frontend/Coordinator/Co_Mail.tsx(94,14): error TS2339: Property 'title' does not exist on type 'never'.
src/frontend/Coordinator/Co_Mail.tsx(95,15): error TS2339: Property 'type' does not exist on type 'never'.
src/frontend/Coordinator/Co_Mail.tsx(95,28): error TS2339: Property 'type' does not exist on type 'never'.
src/frontend/Coordinator/Co_Mail.tsx(98,29): error TS7006: Parameter 'mail' implicitly has an 'any' type.
src/frontend/Coordinator/Co_Mail.tsx(116,22): error TS2741: Property 'onClick' is missing in type '{ to: string; }' but required in type '{ to: any; label?: string | undefined; className?: string | undefined; onClick: any; }'.
src/frontend/Coordinator/Co_Mail.tsx(125,114): error TS18047: 'user' is possibly 'null'.
src/frontend/Coordinator/Co_Mail.tsx(129,82): error TS18047: 'user' is possibly 'null'.
src/frontend/Coordinator/Co_Mail.tsx(182,59): error TS2339: Property 'id' does not exist on type 'never'.
src/frontend/Coordinator/Co_Mail.tsx(185,99): error TS2339: Property 'sender' does not exist on type 'never'.
src/frontend/Coordinator/Co_Mail.tsx(186,63): error TS2339: Property 'type' does not exist on type 'never'.
src/frontend/Coordinator/Co_Mail.tsx(186,108): error TS2339: Property 'type' does not exist on type 'never'.
src/frontend/Coordinator/Co_Mail.tsx(191,63): error TS2339: Property 'message' does not exist on type 'never'.
src/frontend/Coordinator/Co_Mail.tsx(191,91): error TS2339: Property 'message' does not exist on type 'never'.
src/frontend/Coordinator/Co_Mail.tsx(191,132): error TS2339: Property 'message' does not exist on type 'never'.
src/frontend/Coordinator/Co_Mail.tsx(194,96): error TS2339: Property 'date' does not exist on type 'never'.
src/frontend/Coordinator/Co_Mail.tsx(197,63): error TS2339: Property 'responseStats' does not exist on type 'never'.
src/frontend/Coordinator/Co_Mail.tsx(199,73): error TS2339: Property 'responseStats' does not exist on type 'never'.
src/frontend/Coordinator/Co_Mail.tsx(202,63): error TS2339: Property 'responseStats' does not exist on type 'never'.
src/frontend/Coordinator/Co_Mail.tsx(204,73): error TS2339: Property 'responseStats' does not exist on type 'never'.
src/frontend/Coordinator/Co_Mail.tsx(207,63): error TS2339: Property 'responseStats' does not exist on type 'never'.
src/frontend/Coordinator/Co_Mail.tsx(209,73): error TS2339: Property 'responseStats' does not exist on type 'never'.
src/frontend/Coordinator/Co_Profile.tsx(11,28): error TS7006: Parameter 'profile' implicitly has an 'any' type.
src/frontend/Coordinator/Co_Profile.tsx(33,32): error TS7006: Parameter 'row' implicitly has an 'any' type.
src/frontend/Coordinator/Co_Profile.tsx(43,31): error TS7031: Binding element 'onLogout' implicitly has an 'any' type.
src/frontend/Coordinator/Co_Profile.tsx(83,24): error TS7006: Parameter 'type' implicitly has an 'any' type.
src/frontend/Coordinator/Co_Profile.tsx(83,30): error TS7006: Parameter 'text' implicitly has an 'any' type.
src/frontend/Coordinator/Co_Profile.tsx(127,32): error TS7006: Parameter 'field' implicitly has an 'any' type.
src/frontend/Coordinator/Co_Profile.tsx(127,39): error TS7006: Parameter 'value' implicitly has an 'any' type.
src/frontend/Coordinator/Co_Profile.tsx(133,14): error TS7053: Element implicitly has an 'any' type because expression of type 'any' can't be used to index type '{ name: any; email: any; phone: any; staffId: any; designation: any; department: any; role: any; location: any; status: any; joinDate: string; experience: any; publications: any; patents: any; personalInfo: { ...; }; education: any; }'.
src/frontend/Coordinator/Co_Profile.tsx(143,34): error TS7006: Parameter 'index' implicitly has an 'any' type.
src/frontend/Coordinator/Co_Profile.tsx(143,41): error TS7006: Parameter 'field' implicitly has an 'any' type.
src/frontend/Coordinator/Co_Profile.tsx(143,48): error TS7006: Parameter 'value' implicitly has an 'any' type.
src/frontend/Coordinator/Co_Profile.tsx(158,31): error TS7006: Parameter 'index' implicitly has an 'any' type.
src/frontend/Coordinator/Co_Profile.tsx(163,43): error TS7006: Parameter '_' implicitly has an 'any' type.
src/frontend/Coordinator/Co_Profile.tsx(163,46): error TS7006: Parameter 'i' implicitly has an 'any' type.
src/frontend/Coordinator/Co_Profile.tsx(243,37): error TS7006: Parameter 'field' implicitly has an 'any' type.
src/frontend/Coordinator/Co_Profile.tsx(244,54): error TS7053: Element implicitly has an 'any' type because expression of type 'any' can't be used to index type '{ old: boolean; new: boolean; confirm: boolean; resetNew: boolean; resetConfirm: boolean; }'.
src/frontend/Coordinator/Co_Profile.tsx(622,25): error TS2322: Type 'string' is not assignable to type 'number'.
src/frontend/Coordinator/Co_Profile.tsx(641,47): error TS7006: Parameter 'row' implicitly has an 'any' type.
src/frontend/Coordinator/Co_Profile.tsx(641,52): error TS7006: Parameter 'index' implicitly has an 'any' type.
src/frontend/Coordinator/Co_View_Alumni.tsx(22,21): error TS7006: Parameter 'dateString' implicitly has an 'any' type.
src/frontend/Coordinator/Co_View_Alumni.tsx(28,24): error TS7006: Parameter 'address' implicitly has an 'any' type.
src/frontend/Coordinator/Co_View_Alumni.tsx(34,36): error TS7031: Binding element 'onLogout' implicitly has an 'any' type.
src/frontend/Coordinator/Co_View_Alumni.tsx(46,18): error TS2345: Argument of type '"Please login to view alumni details"' is not assignable to parameter of type 'SetStateAction<null>'.
src/frontend/Coordinator/Co_View_Alumni.tsx(71,18): error TS18046: 'err' is of type 'unknown'.
src/frontend/Coordinator/Co_View_Alumni.tsx(134,37): error TS2339: Property 'name' does not exist on type 'never'.
src/frontend/Coordinator/Co_View_Alumni.tsx(135,31): error TS2339: Property 'yearFrom' does not exist on type 'never'.
src/frontend/Coordinator/Co_View_Alumni.tsx(135,56): error TS2339: Property 'yearTo' does not exist on type 'never'.
src/frontend/Coordinator/Co_View_Alumni.tsx(158,29): error TS2339: Property 'profilePhoto' does not exist on type 'never'.
src/frontend/Coordinator/Co_View_Alumni.tsx(161,34): error TS2339: Property 'profilePhoto' does not exist on type 'never'.
src/frontend/Coordinator/Co_View_Alumni.tsx(162,38): error TS2339: Property 'profilePhoto' does not exist on type 'never'.
src/frontend/Coordinator/Co_View_Alumni.tsx(163,38): error TS2339: Property 'profilePhoto' does not exist on type 'never'.
src/frontend/Coordinator/Co_View_Alumni.tsx(164,58): error TS2339: Property 'profilePhoto' does not exist on type 'never'.
src/frontend/Coordinator/Co_View_Alumni.tsx(165,70): error TS2339: Property 'profilePhoto' does not exist on type 'never'.
src/frontend/Coordinator/Co_View_Alumni.tsx(167,37): error TS2339: Property 'name' does not exist on type 'never'.
src/frontend/Coordinator/Co_View_Alumni.tsx(170,81): error TS2339: Property 'profilePhoto' does not exist on type 'never'.
src/frontend/Coordinator/Co_View_Alumni.tsx(180,35): error TS2339: Property 'name' does not exist on type 'never'.
src/frontend/Coordinator/Co_View_Alumni.tsx(181,66): error TS2339: Property 'isActive' does not exist on type 'never'.
src/frontend/Coordinator/Co_View_Alumni.tsx(182,33): error TS2339: Property 'isActive' does not exist on type 'never'.
src/frontend/Coordinator/Co_View_Alumni.tsx(184,31): error TS2339: Property 'placementType' does not exist on type 'never'.
src/frontend/Coordinator/Co_View_Alumni.tsx(186,35): error TS2339: Property 'placementType' does not exist on type 'never'.
src/frontend/Coordinator/Co_View_Alumni.tsx(190,63): error TS2339: Property 'designation' does not exist on type 'never'.
src/frontend/Coordinator/Co_View_Alumni.tsx(191,62): error TS2339: Property 'branch' does not exist on type 'never'.
src/frontend/Coordinator/Co_View_Alumni.tsx(195,58): error TS2339: Property 'email' does not exist on type 'never'.
src/frontend/Coordinator/Co_View_Alumni.tsx(197,31): error TS2339: Property 'presentAddress' does not exist on type 'never'.
src/frontend/Coordinator/Co_View_Alumni.tsx(199,61): error TS2339: Property 'presentAddress' does not exist on type 'never'.
src/frontend/Coordinator/Co_View_Alumni.tsx(202,31): error TS2339: Property 'presentAddress' does not exist on type 'never'.
src/frontend/Coordinator/Co_View_Alumni.tsx(204,76): error TS2339: Property 'presentAddress' does not exist on type 'never'.
src/frontend/Coordinator/Co_View_Alumni.tsx(222,68): error TS2339: Property 'registerNumber' does not exist on type 'never'.
src/frontend/Coordinator/Co_View_Alumni.tsx(226,68): error TS2339: Property 'fatherName' does not exist on type 'never'.
src/frontend/Coordinator/Co_View_Alumni.tsx(230,79): error TS2339: Property 'dob' does not exist on type 'never'.
src/frontend/Coordinator/Co_View_Alumni.tsx(234,68): error TS2339: Property 'email' does not exist on type 'never'.
src/frontend/Coordinator/Co_View_Alumni.tsx(238,68): error TS2339: Property 'maritalStatus' does not exist on type 'never'.
src/frontend/Coordinator/Co_View_Alumni.tsx(240,31): error TS2339: Property 'maritalStatus' does not exist on type 'never'.
src/frontend/Coordinator/Co_View_Alumni.tsx(240,73): error TS2339: Property 'spouseDetails' does not exist on type 'never'.
src/frontend/Coordinator/Co_View_Alumni.tsx(244,72): error TS2339: Property 'spouseDetails' does not exist on type 'never'.
src/frontend/Coordinator/Co_View_Alumni.tsx(248,72): error TS2339: Property 'spouseDetails' does not exist on type 'never'.
src/frontend/Coordinator/Co_View_Alumni.tsx(252,72): error TS2339: Property 'spouseDetails' does not exist on type 'never'.
src/frontend/Coordinator/Co_View_Alumni.tsx(268,68): error TS2339: Property 'degree' does not exist on type 'never'.
src/frontend/Coordinator/Co_View_Alumni.tsx(272,68): error TS2339: Property 'branch' does not exist on type 'never'.
src/frontend/Coordinator/Co_View_Alumni.tsx(291,49): error TS2339: Property 'presentAddress' does not exist on type 'never'.
src/frontend/Coordinator/Co_View_Alumni.tsx(292,35): error TS2339: Property 'presentAddress' does not exist on type 'never'.
src/frontend/Coordinator/Co_View_Alumni.tsx(292,86): error TS2339: Property 'presentAddress' does not exist on type 'never'.
src/frontend/Coordinator/Co_View_Alumni.tsx(298,49): error TS2339: Property 'permanentAddress' does not exist on type 'never'.
src/frontend/Coordinator/Co_View_Alumni.tsx(299,35): error TS2339: Property 'permanentAddress' does not exist on type 'never'.
src/frontend/Coordinator/Co_View_Alumni.tsx(299,88): error TS2339: Property 'permanentAddress' does not exist on type 'never'.
src/frontend/Coordinator/Co_View_Alumni.tsx(314,68): error TS2339: Property 'placementType' does not exist on type 'never'.
src/frontend/Coordinator/Co_View_Alumni.tsx(318,68): error TS2339: Property 'designation' does not exist on type 'never'.
src/frontend/Coordinator/Co_View_Alumni.tsx(322,68): error TS2339: Property 'companyAddress' does not exist on type 'never'.
src/frontend/Coordinator/Co_View_Alumni.tsx(324,31): error TS2339: Property 'employmentRemarks' does not exist on type 'never'.
src/frontend/Coordinator/Co_View_Alumni.tsx(327,70): error TS2339: Property 'employmentRemarks' does not exist on type 'never'.
src/frontend/Coordinator/Co_View_Alumni.tsx(334,27): error TS2339: Property 'isEntrepreneur' does not exist on type 'never'.
src/frontend/Coordinator/Co_View_Alumni.tsx(334,56): error TS2339: Property 'entrepreneurDetails' does not exist on type 'never'.
src/frontend/Coordinator/Co_View_Alumni.tsx(343,70): error TS2339: Property 'entrepreneurDetails' does not exist on type 'never'.
src/frontend/Coordinator/Co_View_Alumni.tsx(347,70): error TS2339: Property 'entrepreneurDetails' does not exist on type 'never'.
src/frontend/Coordinator/Co_View_Alumni.tsx(351,70): error TS2339: Property 'entrepreneurDetails' does not exist on type 'never'.
src/frontend/Coordinator/Co_View_Alumni.tsx(355,70): error TS2339: Property 'entrepreneurDetails' does not exist on type 'never'.
src/frontend/Coordinator/Co_View_Alumni.tsx(362,27): error TS2339: Property 'hasCompetitiveExams' does not exist on type 'never'.
src/frontend/Coordinator/Co_View_Alumni.tsx(362,61): error TS2339: Property 'competitiveExams' does not exist on type 'never'.
src/frontend/Coordinator/Co_View_Alumni.tsx(369,33): error TS2339: Property 'competitiveExams' does not exist on type 'never'.
src/frontend/Coordinator/Co_View_Alumni.tsx(369,55): error TS7006: Parameter 'exam' implicitly has an 'any' type.
src/frontend/Coordinator/Co_View_Alumni.tsx(369,61): error TS7006: Parameter 'index' implicitly has an 'any' type.
src/frontend/Coordinator/Co_View_Alumni.tsx(380,27): error TS2339: Property 'collegeQualifications' does not exist on type 'never'.
src/frontend/Coordinator/Co_View_Alumni.tsx(388,35): error TS2339: Property 'collegeQualifications' does not exist on type 'never'.
src/frontend/Coordinator/Co_View_Alumni.tsx(388,62): error TS7006: Parameter 'qual' implicitly has an 'any' type.
src/frontend/Coordinator/Co_View_Alumni.tsx(388,68): error TS7006: Parameter 'index' implicitly has an 'any' type.
src/frontend/Coordinator/Co_View_Alumni.tsx(414,27): error TS2339: Property 'knownAlumni' does not exist on type 'never'.
src/frontend/Coordinator/Co_View_Alumni.tsx(422,35): error TS2339: Property 'knownAlumni' does not exist on type 'never'.
src/frontend/Coordinator/Co_View_Alumni.tsx(422,52): error TS7006: Parameter 'known' implicitly has an 'any' type.
src/frontend/Coordinator/Co_View_Alumni.tsx(422,59): error TS7006: Parameter 'index' implicitly has an 'any' type.
src/frontend/Coordinator/Co_View_Alumni.tsx(451,28): error TS2339: Property 'extraCurricular' does not exist on type 'never'.
src/frontend/Coordinator/Co_View_Alumni.tsx(451,58): error TS2339: Property 'otherInfo' does not exist on type 'never'.
src/frontend/Coordinator/Co_View_Alumni.tsx(458,33): error TS2339: Property 'extraCurricular' does not exist on type 'never'.
src/frontend/Coordinator/Co_View_Alumni.tsx(461,72): error TS2339: Property 'extraCurricular' does not exist on type 'never'.
src/frontend/Coordinator/Co_View_Alumni.tsx(464,33): error TS2339: Property 'otherInfo' does not exist on type 'never'.
src/frontend/Coordinator/Co_View_Alumni.tsx(467,72): error TS2339: Property 'otherInfo' does not exist on type 'never'.
src/frontend/Coordinator/Co_View_Donation.tsx(12,21): error TS7006: Parameter 'dateString' implicitly has an 'any' type.
src/frontend/Coordinator/Co_View_Donation.tsx(17,23): error TS7006: Parameter 'amount' implicitly has an 'any' type.
src/frontend/Coordinator/Co_View_Donation.tsx(21,36): error TS7031: Binding element 'onLogout' implicitly has an 'any' type.
src/frontend/Coordinator/Co_View_Donation.tsx(32,26): error TS2345: Argument of type '"Please login to view donation details"' is not assignable to parameter of type 'SetStateAction<null>'.
src/frontend/Coordinator/Co_View_Donation.tsx(54,26): error TS18046: 'err' is of type 'unknown'.
src/frontend/Coordinator/Co_View_Donation.tsx(65,29): error TS7006: Parameter 'status' implicitly has an 'any' type.
src/frontend/Coordinator/Co_View_Donation.tsx(83,40): error TS18047: 'donation' is possibly 'null'.
src/frontend/Coordinator/Co_View_Donation.tsx(83,71): error TS18047: 'donation' is possibly 'null'.
src/frontend/Coordinator/Co_View_Donation.tsx(105,56): error TS2339: Property 'cloneNode' does not exist on type 'never'.
src/frontend/Coordinator/Co_View_Donation.tsx(192,49): error TS2339: Property 'status' does not exist on type 'never'.
src/frontend/Coordinator/Co_View_Donation.tsx(201,22): error TS2741: Property 'onClick' is missing in type '{ to: string; }' but required in type '{ to: any; label?: string | undefined; className?: string | undefined; onClick: any; }'.
src/frontend/Coordinator/Co_View_Donation.tsx(227,101): error TS2339: Property 'user' does not exist on type 'never'.
src/frontend/Coordinator/Co_View_Donation.tsx(231,101): error TS2339: Property 'user' does not exist on type 'never'.
src/frontend/Coordinator/Co_View_Donation.tsx(235,101): error TS2339: Property 'purpose' does not exist on type 'never'.
src/frontend/Coordinator/Co_View_Donation.tsx(246,111): error TS2339: Property 'razorpayOrderId' does not exist on type 'never'.
src/frontend/Coordinator/Co_View_Donation.tsx(250,111): error TS2339: Property 'razorpayPaymentId' does not exist on type 'never'.
src/frontend/Coordinator/Co_View_Donation.tsx(254,113): error TS2339: Property 'amount' does not exist on type 'never'.
src/frontend/Coordinator/Co_View_Donation.tsx(259,55): error TS2339: Property 'paidAt' does not exist on type 'never'.
src/frontend/Coordinator/Co_View_Donation.tsx(259,84): error TS2339: Property 'paidAt' does not exist on type 'never'.
src/frontend/Coordinator/Co_View_Donation.tsx(259,114): error TS2339: Property 'createdAt' does not exist on type 'never'.
src/frontend/Coordinator/Co_View_Invitation.tsx(10,26): error TS7006: Parameter 'dateString' implicitly has an 'any' type.
src/frontend/Coordinator/Co_View_Invitation.tsx(15,38): error TS7031: Binding element 'onLogout' implicitly has an 'any' type.
src/frontend/Coordinator/Co_View_Invitation.tsx(25,26): error TS2345: Argument of type '"Please login to view invitation"' is not assignable to parameter of type 'SetStateAction<null>'.
src/frontend/Coordinator/Co_View_Invitation.tsx(31,26): error TS2345: Argument of type '"Invitation ID not provided"' is not assignable to parameter of type 'SetStateAction<null>'.
src/frontend/Coordinator/Co_View_Invitation.tsx(52,26): error TS18046: 'err' is of type 'unknown'.
src/frontend/Coordinator/Co_View_Invitation.tsx(80,26): error TS2741: Property 'onClick' is missing in type '{ to: string; }' but required in type '{ to: any; label?: string | undefined; className?: string | undefined; onClick: any; }'.
src/frontend/Coordinator/Co_View_Invitation.tsx(92,33): error TS2339: Property 'flyer' does not exist on type 'never'.
src/frontend/Coordinator/Co_View_Invitation.tsx(92,89): error TS2339: Property 'flyer' does not exist on type 'never'.
src/frontend/Coordinator/Co_View_Invitation.tsx(101,22): error TS2741: Property 'onClick' is missing in type '{ to: string; }' but required in type '{ to: any; label?: string | undefined; className?: string | undefined; onClick: any; }'.
src/frontend/Coordinator/Co_View_Invitation.tsx(115,124): error TS2339: Property 'subject' does not exist on type 'never'.
src/frontend/Coordinator/Co_View_Invitation.tsx(117,107): error TS2339: Property 'eventDate' does not exist on type 'never'.
src/frontend/Coordinator/Co_View_Invitation.tsx(118,90): error TS2339: Property 'venue' does not exist on type 'never'.
src/frontend/Coordinator/Co_View_Invitation.tsx(121,125): error TS2339: Property 'sender' does not exist on type 'never'.
src/frontend/Coordinator/Co_View_Invitation.tsx(128,106): error TS2339: Property 'subject' does not exist on type 'never'.
src/frontend/Coordinator/Co_View_Invitation.tsx(136,117): error TS2339: Property 'eventDate' does not exist on type 'never'.
src/frontend/Coordinator/Co_View_Invitation.tsx(145,101): error TS2339: Property 'eventTime' does not exist on type 'never'.
src/frontend/Coordinator/Co_View_Invitation.tsx(154,101): error TS2339: Property 'venue' does not exist on type 'never'.
src/frontend/Coordinator/Co_View_Invitation.tsx(161,53): error TS2339: Property 'description' does not exist on type 'never'.
src/frontend/Coordinator/Co_View_JobForm.tsx(10,21): error TS7006: Parameter 'dateString' implicitly has an 'any' type.
src/frontend/Coordinator/Co_View_JobForm.tsx(13,20): error TS2362: The left-hand side of an arithmetic operation must be of type 'any', 'number', 'bigint' or an enum type.
src/frontend/Coordinator/Co_View_JobForm.tsx(13,26): error TS2363: The right-hand side of an arithmetic operation must be of type 'any', 'number', 'bigint' or an enum type.
src/frontend/Coordinator/Co_View_JobForm.tsx(25,35): error TS7031: Binding element 'onLogout' implicitly has an 'any' type.
src/frontend/Coordinator/Co_View_JobForm.tsx(33,37): error TS7006: Parameter 'status' implicitly has an 'any' type.
src/frontend/Coordinator/Co_View_JobForm.tsx(47,26): error TS2345: Argument of type '"Please login to view job reference"' is not assignable to parameter of type 'SetStateAction<null>'.
src/frontend/Coordinator/Co_View_JobForm.tsx(53,26): error TS2345: Argument of type '"Job reference ID not provided"' is not assignable to parameter of type 'SetStateAction<null>'.
src/frontend/Coordinator/Co_View_JobForm.tsx(74,26): error TS18046: 'err' is of type 'unknown'.
src/frontend/Coordinator/Co_View_JobForm.tsx(102,26): error TS2741: Property 'onClick' is missing in type '{ to: string; }' but required in type '{ to: any; label?: string | undefined; className?: string | undefined; onClick: any; }'.
src/frontend/Coordinator/Co_View_JobForm.tsx(121,22): error TS2741: Property 'onClick' is missing in type '{ to: string; }' but required in type '{ to: any; label?: string | undefined; className?: string | undefined; onClick: any; }'.
src/frontend/Coordinator/Co_View_JobForm.tsx(130,84): error TS2339: Property 'submittedBy' does not exist on type 'never'.
src/frontend/Coordinator/Co_View_JobForm.tsx(130,149): error TS2339: Property 'role' does not exist on type 'never'.
src/frontend/Coordinator/Co_View_JobForm.tsx(130,172): error TS2339: Property 'companyName' does not exist on type 'never'.
src/frontend/Coordinator/Co_View_JobForm.tsx(131,111): error TS2339: Property 'createdAt' does not exist on type 'never'.
src/frontend/Coordinator/Co_View_JobForm.tsx(140,113): error TS2339: Property 'status' does not exist on type 'never'.
src/frontend/Coordinator/Co_View_JobForm.tsx(140,182): error TS2339: Property 'status' does not exist on type 'never'.
src/frontend/Coordinator/Co_View_JobForm.tsx(141,47): error TS2339: Property 'status' does not exist on type 'never'.
src/frontend/Coordinator/Co_View_JobForm.tsx(145,156): error TS2339: Property 'status' does not exist on type 'never'.
src/frontend/Coordinator/Co_View_JobForm.tsx(151,59): error TS2339: Property 'submittedBy' does not exist on type 'never'.
src/frontend/Coordinator/Co_View_JobForm.tsx(153,71): error TS2339: Property 'submittedBy' does not exist on type 'never'.
src/frontend/Coordinator/Co_View_JobForm.tsx(154,71): error TS2339: Property 'submittedBy' does not exist on type 'never'.
src/frontend/Coordinator/Co_View_JobForm.tsx(159,67): error TS2339: Property 'submittedBy' does not exist on type 'never'.
src/frontend/Coordinator/Co_View_JobForm.tsx(164,108): error TS2339: Property 'submittedBy' does not exist on type 'never'.
src/frontend/Coordinator/Co_View_JobForm.tsx(165,97): error TS2339: Property 'submittedBy' does not exist on type 'never'.
src/frontend/Coordinator/Co_View_JobForm.tsx(168,87): error TS2339: Property 'submittedBy' does not exist on type 'never'.
src/frontend/Coordinator/Co_View_JobForm.tsx(180,103): error TS2339: Property 'companyName' does not exist on type 'never'.
src/frontend/Coordinator/Co_View_JobForm.tsx(184,103): error TS2339: Property 'role' does not exist on type 'never'.
src/frontend/Coordinator/Co_View_JobForm.tsx(188,103): error TS2339: Property 'targetBranch' does not exist on type 'never'.
src/frontend/Coordinator/Co_View_JobForm.tsx(192,110): error TS2339: Property 'vacancies' does not exist on type 'never'.
src/frontend/Coordinator/Co_View_JobForm.tsx(196,103): error TS2339: Property 'location' does not exist on type 'never'.
src/frontend/Coordinator/Co_View_JobForm.tsx(200,114): error TS2339: Property 'workMode' does not exist on type 'never'.
src/frontend/Coordinator/Co_View_JobForm.tsx(207,61): error TS2339: Property 'submittedBy' does not exist on type 'never'.
src/frontend/Coordinator/Co_View_JobForm.tsx(207,132): error TS2339: Property 'updatedAt' does not exist on type 'never'.
src/frontend/Coordinator/Components/BackButton/Back.tsx(5,17): error TS7031: Binding element 'to' implicitly has an 'any' type.
src/frontend/Coordinator/Components/BackButton/Back.tsx(5,53): error TS7031: Binding element 'onClick' implicitly has an 'any' type.
src/frontend/Coordinator/Components/BackButton/Back.tsx(8,22): error TS7006: Parameter 'event' implicitly has an 'any' type.
src/frontend/Coordinator/Components/Sidebar/Sidebar.tsx(7,35): error TS7031: Binding element 'onLogout' implicitly has an 'any' type.
src/frontend/Coordinator/Components/Sidebar/Sidebar.tsx(7,45): error TS7031: Binding element 'currentView' implicitly has an 'any' type.
src/frontend/Coordinator/Components/Sidebar/Sidebar.tsx(17,22): error TS2345: Argument of type 'string' is not assignable to parameter of type 'SetStateAction<null>'.
src/frontend/Coordinator/Components/Sidebar/Sidebar.tsx(26,25): error TS7006: Parameter 'e' implicitly has an 'any' type.
src/frontend/Coordinator/Components/Sidebar/Sidebar.tsx(34,27): error TS7006: Parameter 'e' implicitly has an 'any' type.
src/frontend/Coordinator/Components/Sidebar/Sidebar.tsx(34,30): error TS7006: Parameter 'view' implicitly has an 'any' type.
src/frontend/Coordinator/Components/Sidebar/Sidebar.tsx(43,11): error TS2322: Type 'null' is not assignable to type 'string | undefined'.
src/frontend/Landing_Page/Landing.tsx(283,17): error TS2322: Type 'string | null' is not assignable to type 'string | undefined'.
  Type 'null' is not assignable to type 'string | undefined'.
src/main.tsx(11,25): error TS2345: Argument of type 'HTMLElement | null' is not assignable to parameter of type 'Container'.
  Type 'null' is not assignable to type 'Container'.
