src/config/db.ts(34,53): error TS2345: Argument of type 'Db | undefined' is not assignable to parameter of type 'Db'.
  Type 'undefined' is not assignable to type 'Db'.
src/controllers/alumniController.ts(212,40): error TS2345: Argument of type 'string | string[]' is not assignable to parameter of type 'string | Uint8Array<ArrayBufferLike> | ObjectId | ObjectIdLike'.
  Type 'string[]' is not assignable to type 'string | Uint8Array<ArrayBufferLike> | ObjectId | ObjectIdLike'.
    Type 'string[]' is missing the following properties from type 'Uint8Array<ArrayBufferLike>': BYTES_PER_ELEMENT, buffer, byteLength, byteOffset, and 3 more.
src/controllers/alumniController.ts(344,40): error TS2345: Argument of type 'string | string[]' is not assignable to parameter of type 'string | Uint8Array<ArrayBufferLike> | ObjectId | ObjectIdLike'.
  Type 'string[]' is not assignable to type 'string | Uint8Array<ArrayBufferLike> | ObjectId | ObjectIdLike'.
    Type 'string[]' is missing the following properties from type 'Uint8Array<ArrayBufferLike>': BYTES_PER_ELEMENT, buffer, byteLength, byteOffset, and 3 more.
src/controllers/alumniController.ts(377,40): error TS2345: Argument of type 'string | string[]' is not assignable to parameter of type 'string | Uint8Array<ArrayBufferLike> | ObjectId | ObjectIdLike'.
  Type 'string[]' is not assignable to type 'string | Uint8Array<ArrayBufferLike> | ObjectId | ObjectIdLike'.
    Type 'string[]' is missing the following properties from type 'Uint8Array<ArrayBufferLike>': BYTES_PER_ELEMENT, buffer, byteLength, byteOffset, and 3 more.
src/controllers/coordinatorController.ts(289,34): error TS2339: Property 'toUpperCase' does not exist on type 'string | string[]'.
  Property 'toUpperCase' does not exist on type 'string[]'.
src/controllers/coordinatorController.ts(783,42): error TS2345: Argument of type 'string | string[]' is not assignable to parameter of type 'string | Uint8Array<ArrayBufferLike> | ObjectId | ObjectIdLike'.
  Type 'string[]' is not assignable to type 'string | Uint8Array<ArrayBufferLike> | ObjectId | ObjectIdLike'.
    Type 'string[]' is missing the following properties from type 'Uint8Array<ArrayBufferLike>': BYTES_PER_ELEMENT, buffer, byteLength, byteOffset, and 3 more.
src/controllers/coordinatorController.ts(806,42): error TS2345: Argument of type 'string | string[]' is not assignable to parameter of type 'string | Uint8Array<ArrayBufferLike> | ObjectId | ObjectIdLike'.
  Type 'string[]' is not assignable to type 'string | Uint8Array<ArrayBufferLike> | ObjectId | ObjectIdLike'.
    Type 'string[]' is missing the following properties from type 'Uint8Array<ArrayBufferLike>': BYTES_PER_ELEMENT, buffer, byteLength, byteOffset, and 3 more.
src/controllers/coordinatorController.ts(853,42): error TS2345: Argument of type 'string | string[]' is not assignable to parameter of type 'string | Uint8Array<ArrayBufferLike> | ObjectId | ObjectIdLike'.
  Type 'string[]' is not assignable to type 'string | Uint8Array<ArrayBufferLike> | ObjectId | ObjectIdLike'.
    Type 'string[]' is missing the following properties from type 'Uint8Array<ArrayBufferLike>': BYTES_PER_ELEMENT, buffer, byteLength, byteOffset, and 3 more.
src/controllers/departmentController.ts(123,42): error TS2345: Argument of type 'string | string[]' is not assignable to parameter of type 'string | Uint8Array<ArrayBufferLike> | ObjectId | ObjectIdLike'.
  Type 'string[]' is not assignable to type 'string | Uint8Array<ArrayBufferLike> | ObjectId | ObjectIdLike'.
    Type 'string[]' is missing the following properties from type 'Uint8Array<ArrayBufferLike>': BYTES_PER_ELEMENT, buffer, byteLength, byteOffset, and 3 more.
src/controllers/departmentController.ts(159,26): error TS2339: Property 'toUpperCase' does not exist on type 'string | string[]'.
  Property 'toUpperCase' does not exist on type 'string[]'.
src/controllers/departmentController.ts(189,42): error TS2345: Argument of type 'string | string[]' is not assignable to parameter of type 'string | Uint8Array<ArrayBufferLike> | ObjectId | ObjectIdLike'.
  Type 'string[]' is not assignable to type 'string | Uint8Array<ArrayBufferLike> | ObjectId | ObjectIdLike'.
    Type 'string[]' is missing the following properties from type 'Uint8Array<ArrayBufferLike>': BYTES_PER_ELEMENT, buffer, byteLength, byteOffset, and 3 more.
src/controllers/departmentController.ts(256,42): error TS2345: Argument of type 'string | string[]' is not assignable to parameter of type 'string | Uint8Array<ArrayBufferLike> | ObjectId | ObjectIdLike'.
  Type 'string[]' is not assignable to type 'string | Uint8Array<ArrayBufferLike> | ObjectId | ObjectIdLike'.
    Type 'string[]' is missing the following properties from type 'Uint8Array<ArrayBufferLike>': BYTES_PER_ELEMENT, buffer, byteLength, byteOffset, and 3 more.
src/controllers/departmentController.ts(313,42): error TS2345: Argument of type 'string | string[]' is not assignable to parameter of type 'string | Uint8Array<ArrayBufferLike> | ObjectId | ObjectIdLike'.
  Type 'string[]' is not assignable to type 'string | Uint8Array<ArrayBufferLike> | ObjectId | ObjectIdLike'.
    Type 'string[]' is missing the following properties from type 'Uint8Array<ArrayBufferLike>': BYTES_PER_ELEMENT, buffer, byteLength, byteOffset, and 3 more.
src/controllers/eventController.ts(83,42): error TS2345: Argument of type 'string | string[]' is not assignable to parameter of type 'string | Uint8Array<ArrayBufferLike> | ObjectId | ObjectIdLike'.
  Type 'string[]' is not assignable to type 'string | Uint8Array<ArrayBufferLike> | ObjectId | ObjectIdLike'.
    Type 'string[]' is missing the following properties from type 'Uint8Array<ArrayBufferLike>': BYTES_PER_ELEMENT, buffer, byteLength, byteOffset, and 3 more.
src/controllers/eventController.ts(237,23): error TS2339: Property 'files' does not exist on type 'Request<ParamsDictionary, any, any, ParsedQs, Record<string, any>>'.
src/controllers/eventController.ts(237,40): error TS2694: Namespace 'global.Express' has no exported member 'Multer'.
src/controllers/eventController.ts(281,11): error TS2353: Object literal may only specify known properties, and 'contentType' does not exist in type 'GridFSBucketWriteStreamOptions'.
src/controllers/eventController.ts(328,42): error TS2345: Argument of type 'string | string[]' is not assignable to parameter of type 'string | Uint8Array<ArrayBufferLike> | ObjectId | ObjectIdLike'.
  Type 'string[]' is not assignable to type 'string | Uint8Array<ArrayBufferLike> | ObjectId | ObjectIdLike'.
    Type 'string[]' is missing the following properties from type 'Uint8Array<ArrayBufferLike>': BYTES_PER_ELEMENT, buffer, byteLength, byteOffset, and 3 more.
src/controllers/eventController.ts(345,32): error TS2345: Argument of type 'string | string[]' is not assignable to parameter of type 'string'.
  Type 'string[]' is not assignable to type 'string'.
src/controllers/eventController.ts(362,53): error TS2769: No overload matches this call.
  The last overload gave the following error.
    Argument of type 'string | string[]' is not assignable to parameter of type 'string | Uint8Array<ArrayBufferLike> | ObjectId | ObjectIdLike | undefined'.
      Type 'string[]' is not assignable to type 'string | Uint8Array<ArrayBufferLike> | ObjectId | ObjectIdLike | undefined'.
        Type 'string[]' is missing the following properties from type 'Uint8Array<ArrayBufferLike>': BYTES_PER_ELEMENT, buffer, byteLength, byteOffset, and 3 more.
src/controllers/feedbackController.ts(17,7): error TS2353: Object literal may only specify known properties, and 'contentType' does not exist in type 'GridFSBucketWriteStreamOptions'.
src/controllers/feedbackController.ts(48,47): error TS2339: Property 'file' does not exist on type 'Request<ParamsDictionary, any, any, ParsedQs, Record<string, any>>'.
src/controllers/feedbackController.ts(60,11): error TS2339: Property 'file' does not exist on type 'Request<ParamsDictionary, any, any, ParsedQs, Record<string, any>>'.
src/controllers/feedbackController.ts(62,11): error TS2339: Property 'file' does not exist on type 'Request<ParamsDictionary, any, any, ParsedQs, Record<string, any>>'.
src/controllers/feedbackController.ts(115,42): error TS2345: Argument of type 'string | string[]' is not assignable to parameter of type 'string | Uint8Array<ArrayBufferLike> | ObjectId | ObjectIdLike'.
  Type 'string[]' is not assignable to type 'string | Uint8Array<ArrayBufferLike> | ObjectId | ObjectIdLike'.
    Type 'string[]' is missing the following properties from type 'Uint8Array<ArrayBufferLike>': BYTES_PER_ELEMENT, buffer, byteLength, byteOffset, and 3 more.
src/controllers/feedbackController.ts(137,42): error TS2345: Argument of type 'string | string[]' is not assignable to parameter of type 'string | Uint8Array<ArrayBufferLike> | ObjectId | ObjectIdLike'.
  Type 'string[]' is not assignable to type 'string | Uint8Array<ArrayBufferLike> | ObjectId | ObjectIdLike'.
    Type 'string[]' is missing the following properties from type 'Uint8Array<ArrayBufferLike>': BYTES_PER_ELEMENT, buffer, byteLength, byteOffset, and 3 more.
src/controllers/feedbackController.ts(148,72): error TS2769: No overload matches this call.
  The last overload gave the following error.
    Argument of type 'string | string[]' is not assignable to parameter of type 'string | Uint8Array<ArrayBufferLike> | ObjectId | ObjectIdLike | undefined'.
      Type 'string[]' is not assignable to type 'string | Uint8Array<ArrayBufferLike> | ObjectId | ObjectIdLike | undefined'.
        Type 'string[]' is missing the following properties from type 'Uint8Array<ArrayBufferLike>': BYTES_PER_ELEMENT, buffer, byteLength, byteOffset, and 3 more.
src/controllers/feedbackController.ts(155,38): error TS2339: Property 'contentType' does not exist on type 'GridFSFile'.
src/controllers/feedbackController.ts(157,82): error TS2769: No overload matches this call.
  The last overload gave the following error.
    Argument of type 'string | string[]' is not assignable to parameter of type 'string | Uint8Array<ArrayBufferLike> | ObjectId | ObjectIdLike | undefined'.
      Type 'string[]' is not assignable to type 'string | Uint8Array<ArrayBufferLike> | ObjectId | ObjectIdLike | undefined'.
        Type 'string[]' is missing the following properties from type 'Uint8Array<ArrayBufferLike>': BYTES_PER_ELEMENT, buffer, byteLength, byteOffset, and 3 more.
src/controllers/flyerController.ts(50,48): error TS2339: Property 'files' does not exist on type 'Request<ParamsDictionary, any, any, ParsedQs, Record<string, any>>'.
src/controllers/flyerController.ts(123,42): error TS2345: Argument of type 'string | string[]' is not assignable to parameter of type 'string | Uint8Array<ArrayBufferLike> | ObjectId | ObjectIdLike'.
  Type 'string[]' is not assignable to type 'string | Uint8Array<ArrayBufferLike> | ObjectId | ObjectIdLike'.
    Type 'string[]' is missing the following properties from type 'Uint8Array<ArrayBufferLike>': BYTES_PER_ELEMENT, buffer, byteLength, byteOffset, and 3 more.
src/controllers/flyerController.ts(140,50): error TS2769: No overload matches this call.
  The last overload gave the following error.
    Argument of type 'string | string[]' is not assignable to parameter of type 'string | Uint8Array<ArrayBufferLike> | ObjectId | ObjectIdLike | undefined'.
      Type 'string[]' is not assignable to type 'string | Uint8Array<ArrayBufferLike> | ObjectId | ObjectIdLike | undefined'.
        Type 'string[]' is missing the following properties from type 'Uint8Array<ArrayBufferLike>': BYTES_PER_ELEMENT, buffer, byteLength, byteOffset, and 3 more.
src/controllers/flyerController.ts(152,34): error TS2339: Property 'contentType' does not exist on type 'GridFSFile'.
src/controllers/imageController.ts(10,12): error TS2339: Property 'file' does not exist on type 'Request<ParamsDictionary, any, any, ParsedQs, Record<string, any>>'.
src/controllers/imageController.ts(36,27): error TS2339: Property 'file' does not exist on type 'Request<ParamsDictionary, any, any, ParsedQs, Record<string, any>>'.
src/controllers/imageController.ts(39,4): error TS2353: Object literal may only specify known properties, and 'contentType' does not exist in type 'GridFSBucketWriteStreamOptions'.
src/controllers/imageController.ts(43,23): error TS2339: Property 'file' does not exist on type 'Request<ParamsDictionary, any, any, ParsedQs, Record<string, any>>'.
src/controllers/imageController.ts(49,26): error TS2339: Property 'file' does not exist on type 'Request<ParamsDictionary, any, any, ParsedQs, Record<string, any>>'.
src/controllers/imageController.ts(92,40): error TS2345: Argument of type 'string | string[]' is not assignable to parameter of type 'string | Uint8Array<ArrayBufferLike> | ObjectId | ObjectIdLike'.
  Type 'string[]' is not assignable to type 'string | Uint8Array<ArrayBufferLike> | ObjectId | ObjectIdLike'.
    Type 'string[]' is missing the following properties from type 'Uint8Array<ArrayBufferLike>': BYTES_PER_ELEMENT, buffer, byteLength, byteOffset, and 3 more.
src/controllers/imageController.ts(109,48): error TS2769: No overload matches this call.
  The last overload gave the following error.
    Argument of type 'string | string[]' is not assignable to parameter of type 'string | Uint8Array<ArrayBufferLike> | ObjectId | ObjectIdLike | undefined'.
      Type 'string[]' is not assignable to type 'string | Uint8Array<ArrayBufferLike> | ObjectId | ObjectIdLike | undefined'.
        Type 'string[]' is missing the following properties from type 'Uint8Array<ArrayBufferLike>': BYTES_PER_ELEMENT, buffer, byteLength, byteOffset, and 3 more.
src/controllers/imageController.ts(125,36): error TS2339: Property 'contentType' does not exist on type 'GridFSFile'.
src/controllers/imageController.ts(162,40): error TS2345: Argument of type 'string | string[]' is not assignable to parameter of type 'string | Uint8Array<ArrayBufferLike> | ObjectId | ObjectIdLike'.
  Type 'string[]' is not assignable to type 'string | Uint8Array<ArrayBufferLike> | ObjectId | ObjectIdLike'.
    Type 'string[]' is missing the following properties from type 'Uint8Array<ArrayBufferLike>': BYTES_PER_ELEMENT, buffer, byteLength, byteOffset, and 3 more.
src/controllers/imageController.ts(184,48): error TS2769: No overload matches this call.
  The last overload gave the following error.
    Argument of type 'string | string[]' is not assignable to parameter of type 'string | Uint8Array<ArrayBufferLike> | ObjectId | ObjectIdLike | undefined'.
      Type 'string[]' is not assignable to type 'string | Uint8Array<ArrayBufferLike> | ObjectId | ObjectIdLike | undefined'.
        Type 'string[]' is missing the following properties from type 'Uint8Array<ArrayBufferLike>': BYTES_PER_ELEMENT, buffer, byteLength, byteOffset, and 3 more.
src/controllers/invitationController.ts(15,4): error TS2353: Object literal may only specify known properties, and 'contentType' does not exist in type 'GridFSBucketWriteStreamOptions'.
src/controllers/invitationController.ts(46,11): error TS2339: Property 'file' does not exist on type 'Request<ParamsDictionary, any, any, ParsedQs, Record<string, any>>'.
src/controllers/invitationController.ts(48,9): error TS2339: Property 'file' does not exist on type 'Request<ParamsDictionary, any, any, ParsedQs, Record<string, any>>'.
src/controllers/invitationController.ts(50,9): error TS2339: Property 'file' does not exist on type 'Request<ParamsDictionary, any, any, ParsedQs, Record<string, any>>'.
src/controllers/invitationController.ts(93,40): error TS2345: Argument of type 'string | string[]' is not assignable to parameter of type 'string | Uint8Array<ArrayBufferLike> | ObjectId | ObjectIdLike'.
  Type 'string[]' is not assignable to type 'string | Uint8Array<ArrayBufferLike> | ObjectId | ObjectIdLike'.
    Type 'string[]' is missing the following properties from type 'Uint8Array<ArrayBufferLike>': BYTES_PER_ELEMENT, buffer, byteLength, byteOffset, and 3 more.
src/controllers/invitationController.ts(115,40): error TS2345: Argument of type 'string | string[]' is not assignable to parameter of type 'string | Uint8Array<ArrayBufferLike> | ObjectId | ObjectIdLike'.
  Type 'string[]' is not assignable to type 'string | Uint8Array<ArrayBufferLike> | ObjectId | ObjectIdLike'.
    Type 'string[]' is missing the following properties from type 'Uint8Array<ArrayBufferLike>': BYTES_PER_ELEMENT, buffer, byteLength, byteOffset, and 3 more.
src/controllers/invitationController.ts(126,70): error TS2769: No overload matches this call.
  The last overload gave the following error.
    Argument of type 'string | string[]' is not assignable to parameter of type 'string | Uint8Array<ArrayBufferLike> | ObjectId | ObjectIdLike | undefined'.
      Type 'string[]' is not assignable to type 'string | Uint8Array<ArrayBufferLike> | ObjectId | ObjectIdLike | undefined'.
        Type 'string[]' is missing the following properties from type 'Uint8Array<ArrayBufferLike>': BYTES_PER_ELEMENT, buffer, byteLength, byteOffset, and 3 more.
src/controllers/invitationController.ts(133,36): error TS2339: Property 'contentType' does not exist on type 'GridFSFile'.
src/controllers/invitationController.ts(135,80): error TS2769: No overload matches this call.
  The last overload gave the following error.
    Argument of type 'string | string[]' is not assignable to parameter of type 'string | Uint8Array<ArrayBufferLike> | ObjectId | ObjectIdLike | undefined'.
      Type 'string[]' is not assignable to type 'string | Uint8Array<ArrayBufferLike> | ObjectId | ObjectIdLike | undefined'.
        Type 'string[]' is missing the following properties from type 'Uint8Array<ArrayBufferLike>': BYTES_PER_ELEMENT, buffer, byteLength, byteOffset, and 3 more.
src/controllers/jobController.ts(84,40): error TS2345: Argument of type 'string | string[]' is not assignable to parameter of type 'string | Uint8Array<ArrayBufferLike> | ObjectId | ObjectIdLike'.
  Type 'string[]' is not assignable to type 'string | Uint8Array<ArrayBufferLike> | ObjectId | ObjectIdLike'.
    Type 'string[]' is missing the following properties from type 'Uint8Array<ArrayBufferLike>': BYTES_PER_ELEMENT, buffer, byteLength, byteOffset, and 3 more.
src/controllers/mailController.ts(797,60): error TS2345: Argument of type 'string | string[]' is not assignable to parameter of type 'string | undefined'.
  Type 'string[]' is not assignable to type 'string'.
src/controllers/mailController.ts(1025,60): error TS2345: Argument of type 'string | string[]' is not assignable to parameter of type 'string | undefined'.
  Type 'string[]' is not assignable to type 'string'.
src/controllers/mailController.ts(1101,30): error TS2345: Argument of type 'string | string[]' is not assignable to parameter of type 'string'.
  Type 'string[]' is not assignable to type 'string'.
src/controllers/mailController.ts(1122,43): error TS2339: Property 'toLowerCase' does not exist on type 'string | string[]'.
  Property 'toLowerCase' does not exist on type 'string[]'.
src/controllers/mailController.ts(1142,23): error TS2345: Argument of type 'string | string[]' is not assignable to parameter of type 'string'.
  Type 'string[]' is not assignable to type 'string'.
src/controllers/tokenController.ts(9,30): error TS2307: Cannot find module '../security/bycrypt.js' or its corresponding type declarations.
src/controllers/tokenController.ts(135,56): error TS2345: Argument of type 'string | string[]' is not assignable to parameter of type 'string'.
  Type 'string[]' is not assignable to type 'string'.
src/controllers/tokenController.ts(151,39): error TS2339: Property 'title' does not exist on type 'ObjectId'.
src/controllers/tokenController.ts(152,41): error TS2339: Property 'content' does not exist on type 'ObjectId'.
src/controllers/tokenController.ts(173,56): error TS2345: Argument of type 'string | string[]' is not assignable to parameter of type 'string'.
  Type 'string[]' is not assignable to type 'string'.
src/controllers/tokenController.ts(189,37): error TS2339: Property 'title' does not exist on type 'ObjectId'.
src/controllers/tokenController.ts(190,39): error TS2339: Property 'content' does not exist on type 'ObjectId'.
src/controllers/tokenController.ts(191,42): error TS2339: Property 'senderName' does not exist on type 'ObjectId'.
src/controllers/tokenController.ts(192,43): error TS2339: Property 'senderEmail' does not exist on type 'ObjectId'.
src/controllers/tokenController.ts(224,56): error TS2345: Argument of type 'string | string[]' is not assignable to parameter of type 'string'.
  Type 'string[]' is not assignable to type 'string'.
src/controllers/tokenController.ts(249,58): error TS2339: Property 'substring' does not exist on type 'string | string[]'.
  Property 'substring' does not exist on type 'string[]'.
src/controllers/tokenController.ts(307,56): error TS2345: Argument of type 'string | string[]' is not assignable to parameter of type 'string'.
  Type 'string[]' is not assignable to type 'string'.
src/controllers/tokenController.ts(382,47): error TS2769: No overload matches this call.
  The last overload gave the following error.
    Argument of type 'string | string[]' is not assignable to parameter of type 'string | Uint8Array<ArrayBufferLike> | ObjectId | ObjectIdLike | undefined'.
      Type 'string[]' is not assignable to type 'string | Uint8Array<ArrayBufferLike> | ObjectId | ObjectIdLike | undefined'.
        Type 'string[]' is missing the following properties from type 'Uint8Array<ArrayBufferLike>': BYTES_PER_ELEMENT, buffer, byteLength, byteOffset, and 3 more.
src/controllers/userController.ts(158,30): error TS2345: Argument of type 'string | string[]' is not assignable to parameter of type 'string'.
  Type 'string[]' is not assignable to type 'string'.
src/middleware/auth.ts(23,5): error TS2322: Type 'IUserDocument' is not assignable to type '(Document<unknown, {}, IUser, {}, DefaultSchemaOptions> & IUser & { _id: ObjectId; } & { __v: number; } & { id: string; }) | undefined'.
  Type 'IUserDocument' is not assignable to type 'Document<unknown, {}, IUser, {}, DefaultSchemaOptions> & IUser & { _id: ObjectId; } & { __v: number; } & { id: string; }'.
    Property '__v' is missing in type 'IUser & Document<ObjectId, any, any, Record<string, any>, {}>' but required in type '{ __v: number; }'.
src/middleware/tokenAuth.ts(22,56): error TS2345: Argument of type 'string | string[]' is not assignable to parameter of type 'string'.
  Type 'string[]' is not assignable to type 'string'.
src/middleware/tokenAuth.ts(156,63): error TS2339: Property 'substring' does not exist on type 'string | string[]'.
  Property 'substring' does not exist on type 'string[]'.
src/models/user.ts(17,5): error TS2322: Type '{ type: StringConstructor; required: true; unique: true; validate: { validator: (this: IUser, v: string) => boolean; message: (this: IUser) => string; }; }' is not assignable to type 'SchemaDefinitionProperty<string, IUser, Document<unknown, {}, IUser, { id: string; }, DefaultSchemaOptions> & Omit<IUser & { _id: ObjectId; } & { ...; }, "id"> & { ...; }> | undefined'.
  Types of property 'validate' are incompatible.
    Type '{ validator: (this: IUser, v: string) => boolean; message: (this: IUser) => string; }' is not assignable to type 'Function | RegExp | [RegExp, string] | [Function, string] | ValidateOpts<string, Document<unknown, {}, IUser, { id: string; }, DefaultSchemaOptions> & Omit<...> & { ...; }> | ... 8 more ... | undefined'.
      Types of property 'validator' are incompatible.
        Type '(this: IUser, v: string) => boolean' is not assignable to type 'ValidateFn<string, Document<unknown, {}, IUser, { id: string; }, DefaultSchemaOptions> & Omit<IUser & { _id: ObjectId; } & { __v: number; }, "id"> & { ...; }> | AsyncValidateFn<...> | ValidateFn<...> | AsyncValidateFn<...> | undefined'.
          Type '(this: IUser, v: string) => boolean' is not assignable to type 'ValidateFn<string, Document<unknown, {}, IUser, { id: string; }, DefaultSchemaOptions> & Omit<IUser & { _id: ObjectId; } & { __v: number; }, "id"> & { ...; }>'.
            The 'this' types of each signature are incompatible.
              Type '(Document<unknown, {}, IUser, { id: string; }, DefaultSchemaOptions> & Omit<IUser & { _id: ObjectId; } & { __v: number; }, "id"> & { ...; }) | Query<...>' is not assignable to type 'IUser'.
                Type 'Query<unknown, Document<unknown, {}, IUser, { id: string; }, DefaultSchemaOptions> & Omit<IUser & { _id: ObjectId; } & { __v: number; }, "id"> & { ...; }, {}, unknown, "find", Record<...>>' is missing the following properties from type 'IUser': userId, name, email, password, and 3 more.
